Archive member included to satisfy reference by file (symbol)

c:/users/86156/desktop/lab/uwb/nucleistudio/toolchain/gcc/bin/../lib/gcc/riscv-nuclei-elf/10.2.0/../../../../riscv-nuclei-elf/lib/rv32imafdcb/ilp32d\libm_nano.a(lib_a-w_atan2.o)
                              ./thmts_pdoa.c.o (atan2)
c:/users/86156/desktop/lab/uwb/nucleistudio/toolchain/gcc/bin/../lib/gcc/riscv-nuclei-elf/10.2.0/../../../../riscv-nuclei-elf/lib/rv32imafdcb/ilp32d\libm_nano.a(lib_a-w_fmod.o)
                              ./thmts_pdoa.c.o (fmod)
c:/users/86156/desktop/lab/uwb/nucleistudio/toolchain/gcc/bin/../lib/gcc/riscv-nuclei-elf/10.2.0/../../../../riscv-nuclei-elf/lib/rv32imafdcb/ilp32d\libm_nano.a(lib_a-w_pow.o)
                              ./thmts_rf_config.c.o (pow)
c:/users/86156/desktop/lab/uwb/nucleistudio/toolchain/gcc/bin/../lib/gcc/riscv-nuclei-elf/10.2.0/../../../../riscv-nuclei-elf/lib/rv32imafdcb/ilp32d\libm_nano.a(lib_a-e_atan2.o)
                              c:/users/86156/desktop/lab/uwb/nucleistudio/toolchain/gcc/bin/../lib/gcc/riscv-nuclei-elf/10.2.0/../../../../riscv-nuclei-elf/lib/rv32imafdcb/ilp32d\libm_nano.a(lib_a-w_atan2.o) (__ieee754_atan2)
c:/users/86156/desktop/lab/uwb/nucleistudio/toolchain/gcc/bin/../lib/gcc/riscv-nuclei-elf/10.2.0/../../../../riscv-nuclei-elf/lib/rv32imafdcb/ilp32d\libm_nano.a(lib_a-e_fmod.o)
                              c:/users/86156/desktop/lab/uwb/nucleistudio/toolchain/gcc/bin/../lib/gcc/riscv-nuclei-elf/10.2.0/../../../../riscv-nuclei-elf/lib/rv32imafdcb/ilp32d\libm_nano.a(lib_a-w_fmod.o) (__ieee754_fmod)
c:/users/86156/desktop/lab/uwb/nucleistudio/toolchain/gcc/bin/../lib/gcc/riscv-nuclei-elf/10.2.0/../../../../riscv-nuclei-elf/lib/rv32imafdcb/ilp32d\libm_nano.a(lib_a-e_pow.o)
                              c:/users/86156/desktop/lab/uwb/nucleistudio/toolchain/gcc/bin/../lib/gcc/riscv-nuclei-elf/10.2.0/../../../../riscv-nuclei-elf/lib/rv32imafdcb/ilp32d\libm_nano.a(lib_a-w_pow.o) (__ieee754_pow)
c:/users/86156/desktop/lab/uwb/nucleistudio/toolchain/gcc/bin/../lib/gcc/riscv-nuclei-elf/10.2.0/../../../../riscv-nuclei-elf/lib/rv32imafdcb/ilp32d\libm_nano.a(lib_a-e_sqrt.o)
                              c:/users/86156/desktop/lab/uwb/nucleistudio/toolchain/gcc/bin/../lib/gcc/riscv-nuclei-elf/10.2.0/../../../../riscv-nuclei-elf/lib/rv32imafdcb/ilp32d\libm_nano.a(lib_a-e_pow.o) (__ieee754_sqrt)
c:/users/86156/desktop/lab/uwb/nucleistudio/toolchain/gcc/bin/../lib/gcc/riscv-nuclei-elf/10.2.0/../../../../riscv-nuclei-elf/lib/rv32imafdcb/ilp32d\libm_nano.a(lib_a-math_err.o)
                              c:/users/86156/desktop/lab/uwb/nucleistudio/toolchain/gcc/bin/../lib/gcc/riscv-nuclei-elf/10.2.0/../../../../riscv-nuclei-elf/lib/rv32imafdcb/ilp32d\libm_nano.a(lib_a-e_pow.o) (__math_uflow)
c:/users/86156/desktop/lab/uwb/nucleistudio/toolchain/gcc/bin/../lib/gcc/riscv-nuclei-elf/10.2.0/../../../../riscv-nuclei-elf/lib/rv32imafdcb/ilp32d\libm_nano.a(lib_a-s_atan.o)
                              c:/users/86156/desktop/lab/uwb/nucleistudio/toolchain/gcc/bin/../lib/gcc/riscv-nuclei-elf/10.2.0/../../../../riscv-nuclei-elf/lib/rv32imafdcb/ilp32d\libm_nano.a(lib_a-e_atan2.o) (atan)
c:/users/86156/desktop/lab/uwb/nucleistudio/toolchain/gcc/bin/../lib/gcc/riscv-nuclei-elf/10.2.0/../../../../riscv-nuclei-elf/lib/rv32imafdcb/ilp32d\libm_nano.a(lib_a-s_fabs.o)
                              c:/users/86156/desktop/lab/uwb/nucleistudio/toolchain/gcc/bin/../lib/gcc/riscv-nuclei-elf/10.2.0/../../../../riscv-nuclei-elf/lib/rv32imafdcb/ilp32d\libm_nano.a(lib_a-e_atan2.o) (fabs)
c:/users/86156/desktop/lab/uwb/nucleistudio/toolchain/gcc/bin/../lib/gcc/riscv-nuclei-elf/10.2.0/../../../../riscv-nuclei-elf/lib/rv32imafdcb/ilp32d\libm_nano.a(lib_a-s_finite.o)
                              c:/users/86156/desktop/lab/uwb/nucleistudio/toolchain/gcc/bin/../lib/gcc/riscv-nuclei-elf/10.2.0/../../../../riscv-nuclei-elf/lib/rv32imafdcb/ilp32d\libm_nano.a(lib_a-w_pow.o) (finite)
c:/users/86156/desktop/lab/uwb/nucleistudio/toolchain/gcc/bin/../lib/gcc/riscv-nuclei-elf/10.2.0/../../../../riscv-nuclei-elf/lib/rv32imafdcb/ilp32d\libm_nano.a(lib_a-s_scalbn.o)
                              c:/users/86156/desktop/lab/uwb/nucleistudio/toolchain/gcc/bin/../lib/gcc/riscv-nuclei-elf/10.2.0/../../../../riscv-nuclei-elf/lib/rv32imafdcb/ilp32d\libm_nano.a(lib_a-e_pow.o) (scalbn)
c:/users/86156/desktop/lab/uwb/nucleistudio/toolchain/gcc/bin/../lib/gcc/riscv-nuclei-elf/10.2.0/rv32imafdcb/ilp32d\libgcc.a(_fixdfdi.o)
                              ./PPS_SYNC.c.o (__fixdfdi)
c:/users/86156/desktop/lab/uwb/nucleistudio/toolchain/gcc/bin/../lib/gcc/riscv-nuclei-elf/10.2.0/rv32imafdcb/ilp32d\libgcc.a(_fixunsdfdi.o)
                              ./main.c.o (__fixunsdfdi)
c:/users/86156/desktop/lab/uwb/nucleistudio/toolchain/gcc/bin/../lib/gcc/riscv-nuclei-elf/10.2.0/rv32imafdcb/ilp32d\libgcc.a(_floatdidf.o)
                              ./PPS_SYNC.c.o (__floatdidf)
[...]
Memory Configuration

Name             Origin             Length             Attributes
flash            0x0000000020020000 0x0000000000040000 axr !w
ilm              0x0000000008000000 0x0000000000040000 axr !w
ram              0x0000000008100000 0x0000000000040000 axw !r
*default*        0x0000000000000000 0xffffffffffffffff

Linker script and memory map

LOAD ../../OS/FreeRTOS/Source/portable/GCC/portasm.S.o
LOAD ../../SoC/ns_core0/Common/Source/GCC/intexc_ns_core0.S.o
LOAD ../../SoC/ns_core0/Common/Source/GCC/startup_ns_core0.S.o
LOAD ../../OS/FreeRTOS/Source/croutine.c.o
LOAD ../../OS/FreeRTOS/Source/event_groups.c.o
LOAD ../../OS/FreeRTOS/Source/list.c.o
LOAD ../../OS/FreeRTOS/Source/portable/GCC/port.c.o
LOAD ../../OS/FreeRTOS/Source/portable/MemMang/heap_4.c.o
LOAD ../../OS/FreeRTOS/Source/queue.c.o
LOAD ../../OS/FreeRTOS/Source/stream_buffer.c.o
LOAD ../../OS/FreeRTOS/Source/tasks.c.o
LOAD ../../OS/FreeRTOS/Source/timers.c.o
LOAD ../../SoC/ns_core0/Board/fpga_eval/Source/ns_eval.c.o
LOAD ../../SoC/ns_core0/Common/Source/Drivers/ns_advanced_timer.c.o
LOAD ../../SoC/ns_core0/Common/Source/Drivers/ns_basic_timer.c.o
LOAD ../../SoC/ns_core0/Common/Source/Drivers/ns_i2c.c.o
LOAD ../../SoC/ns_core0/Common/Source/Drivers/ns_idu.c.o
LOAD ../../SoC/ns_core0/Common/Source/Drivers/ns_iomux.c.o
LOAD ../../SoC/ns_core0/Common/Source/Drivers/ns_iwdg.c.o
LOAD ../../SoC/ns_core0/Common/Source/Drivers/ns_lgpio.c.o
LOAD ../../SoC/ns_core0/Common/Source/Drivers/ns_misc.c.o
LOAD ../../SoC/ns_core0/Common/Source/Drivers/ns_pa2m_udma.c.o
LOAD ../../SoC/ns_core0/Common/Source/Drivers/ns_qspi.c.o
LOAD ../../SoC/ns_core0/Common/Source/Drivers/ns_qspi_sdcard.c.o
LOAD ../../SoC/ns_core0/Common/Source/Drivers/ns_qspi_xip.c.o
LOAD ../../SoC/ns_core0/Common/Source/Drivers/ns_rtc.c.o
LOAD ../../SoC/ns_core0/Common/Source/Drivers/ns_udma.c.o
LOAD ../../SoC/ns_core0/Common/Source/Drivers/ns_usart.c.o
LOAD ../../SoC/ns_core0/Common/Source/Drivers/ns_w25qxx.c.o
LOAD ../../SoC/ns_core0/Common/Source/Stubs/newlib/clock_getres.c.o
LOAD ../../SoC/ns_core0/Common/Source/Stubs/newlib/clock_gettime.c.o
LOAD ../../SoC/ns_core0/Common/Source/Stubs/newlib/clock_settime.c.o
LOAD ../../SoC/ns_core0/Common/Source/Stubs/newlib/close.c.o
LOAD ../../SoC/ns_core0/Common/Source/Stubs/newlib/execve.c.o
LOAD ../../SoC/ns_core0/Common/Source/Stubs/newlib/exit.c.o
LOAD ../../SoC/ns_core0/Common/Source/Stubs/newlib/fork.c.o
LOAD ../../SoC/ns_core0/Common/Source/Stubs/newlib/fstat.c.o
LOAD ../../SoC/ns_core0/Common/Source/Stubs/newlib/getpid.c.o
LOAD ../../SoC/ns_core0/Common/Source/Stubs/newlib/gettimeofday.c.o
LOAD ../../SoC/ns_core0/Common/Source/Stubs/newlib/isatty.c.o
LOAD ../../SoC/ns_core0/Common/Source/Stubs/newlib/kill.c.o
LOAD ../../SoC/ns_core0/Common/Source/Stubs/newlib/link.c.o
LOAD ../../SoC/ns_core0/Common/Source/Stubs/newlib/lseek.c.o
LOAD ../../SoC/ns_core0/Common/Source/Stubs/newlib/open.c.o
LOAD ../../SoC/ns_core0/Common/Source/Stubs/newlib/read.c.o
LOAD ../../SoC/ns_core0/Common/Source/Stubs/newlib/sbrk.c.o
LOAD ../../SoC/ns_core0/Common/Source/Stubs/newlib/times.c.o
LOAD ../../SoC/ns_core0/Common/Source/Stubs/newlib/write.c.o
LOAD ../../SoC/ns_core0/Common/Source/ns_common.c.o
LOAD ../../SoC/ns_core0/Common/Source/system_ns.c.o
LOAD ./PPS_SYNC.c.o
LOAD ./flash.c.o
LOAD ./main.c.o
LOAD ./ringbuffer.c.o
LOAD ./thmts_bb_config.c.o
LOAD ./thmts_bb_firmware.c.o
LOAD ./thmts_bsp.c.o
LOAD ./thmts_config.c.o
LOAD ./thmts_ctrl_cmd_proc.c.o
LOAD ./thmts_node_info.c.o
LOAD ./thmts_pdoa.c.o
LOAD ./thmts_phy_param.c.o
LOAD ./thmts_ranging.c.o
LOAD ./thmts_rf_config.c.o
LOAD ./thmts_sensor.c.o
LOAD ./thmts_tx_msg.c.o
LOAD c:/users/86156/desktop/lab/uwb/nucleistudio/toolchain/gcc/bin/../lib/gcc/riscv-nuclei-elf/10.2.0/../../../../riscv-nuclei-elf/lib/rv32imafdcb/ilp32d\libm_nano.a
                0x0000000000000800                __STACK_SIZE = 0x800
                0x0000000000000800                __HEAP_SIZE = 0x800
START GROUP
LOAD c:/users/86156/desktop/lab/uwb/nucleistudio/toolchain/gcc/bin/../lib/gcc/riscv-nuclei-elf/10.2.0/../../../../riscv-nuclei-elf/lib/rv32imafdcb/ilp32d\libstdc++.a
END GROUP
LOAD c:/users/86156/desktop/lab/uwb/nucleistudio/toolchain/gcc/bin/../lib/gcc/riscv-nuclei-elf/10.2.0/rv32imafdcb/ilp32d\libgcc.a
LOAD c:/users/86156/desktop/lab/uwb/nucleistudio/toolchain/gcc/bin/../lib/gcc/riscv-nuclei-elf/10.2.0/../../../../riscv-nuclei-elf/lib/rv32imafdcb/ilp32d\libg_nano.a
LOAD c:/users/86156/desktop/lab/uwb/nucleistudio/toolchain/gcc/bin/../lib/gcc/riscv-nuclei-elf/10.2.0/../../../../riscv-nuclei-elf/lib/rv32imafdcb/ilp32d\libc_nano.a
LOAD c:/users/86156/desktop/lab/uwb/nucleistudio/toolchain/gcc/bin/../lib/gcc/riscv-nuclei-elf/10.2.0/rv32imafdcb/ilp32d\libgcc.a
START GROUP
LOAD c:/users/86156/desktop/lab/uwb/nucleistudio/toolchain/gcc/bin/../lib/gcc/riscv-nuclei-elf/10.2.0/rv32imafdcb/ilp32d\libgcc.a
LOAD c:/users/86156/desktop/lab/uwb/nucleistudio/toolchain/gcc/bin/../lib/gcc/riscv-nuclei-elf/10.2.0/../../../../riscv-nuclei-elf/lib/rv32imafdcb/ilp32d\libc_nano.a
LOAD c:/users/86156/desktop/lab/uwb/nucleistudio/toolchain/gcc/bin/../lib/gcc/riscv-nuclei-elf/10.2.0/../../../../riscv-nuclei-elf/lib/rv32imafdcb/ilp32d\libgloss_nano.a
END GROUP
                [!provide]                        PROVIDE (__STACK_SIZE = 0x800)
                [!provide]                        PROVIDE (__HEAP_SIZE = 0x800)
                0x0000000000000001                PROVIDE (__SMP_CPU_CNT = 0x1)
                0x0000000000000800                __TOT_STACK_SIZE = (__STACK_SIZE * __SMP_CPU_CNT)

.init           0x0000000020020000      0x1c4
 *(SORT_NONE(.init))
 .init          0x0000000020020000      0x1b4 ../../SoC/ns_core0/Common/Source/GCC/startup_ns_core0.S.o
                0x0000000020020000                _start
                0x00000000200200e6                _start_premain
                0x0000000020020180                early_exc_entry
 .init          0x00000000200201b4        0xe ../../SoC/ns_core0/Common/Source/system_ns.c.o
                0x00000000200201b4                __sync_harts
                0x00000000200201c4                . = ALIGN (0x4)
 *fill*         0x00000000200201c2        0x2 

.text           0x0000000008000000    0x17c30 load address 0x00000000200201c4
 *(.vtable)
 .vtable        0x0000000008000000       0x88 ../../SoC/ns_core0/Common/Source/GCC/startup_ns_core0.S.o
                0x0000000008000000                vector_base
 *(.text.unlikely .text.unlikely.*)
 *(.text.startup .text.startup.*)
 *(.text .text.*)
 *fill*         0x0000000008000088       0x38 
 .text.trap     0x00000000080000c0       0x7e ../../OS/FreeRTOS/Source/portable/GCC/portasm.S.o
                0x00000000080000c0                exc_entry
 *fill*         0x000000000800013e        0x2 
 .text.irq      0x0000000008000140      0x194 ../../OS/FreeRTOS/Source/portable/GCC/portasm.S.o
                0x0000000008000140                irq_entry
                0x00000000080001ba                default_intexc_handler
                0x00000000080001c0                prvPortStartFirstTask
                0x0000000008000224                eclic_msip_handler
 .text.vListInitialise
                0x00000000080002d4       0x50 ../../OS/FreeRTOS/Source/list.c.o
                0x00000000080002d4                vListInitialise
 .text.vListInitialiseItem
                0x0000000008000324       0x1a ../../OS/FreeRTOS/Source/list.c.o
                0x0000000008000324                vListInitialiseItem
 .text.vListInsertEnd
                0x000000000800033e       0x66 ../../OS/FreeRTOS/Source/list.c.o
                0x000000000800033e                vListInsertEnd
 .text.vListInsert
                0x00000000080003a4       0xca ../../OS/FreeRTOS/Source/list.c.o
                0x00000000080003a4                vListInsert
 .text.uxListRemove
                0x000000000800046e       0x70 ../../OS/FreeRTOS/Source/list.c.o
                0x000000000800046e                uxListRemove
 .text.SysTick_Config
                0x00000000080004de      0x3c0 ../../OS/FreeRTOS/Source/portable/GCC/port.c.o
 .text.pxPortInitialiseStack
                0x000000000800089e       0x76 ../../OS/FreeRTOS/Source/portable/GCC/port.c.o
                0x000000000800089e                pxPortInitialiseStack
 .text.prvTaskExitError
                0x0000000008000914       0x80 ../../OS/FreeRTOS/Source/portable/GCC/port.c.o
 .text.prvCheckMaxSysCallPrio
                0x0000000008000994       0x80 ../../OS/FreeRTOS/Source/portable/GCC/port.c.o
 .text.prvCalcMaxSysCallMTH
                0x0000000008000a14       0xc6 ../../OS/FreeRTOS/Source/portable/GCC/port.c.o
 .text.xPortStartScheduler
                0x0000000008000ada       0x58 ../../OS/FreeRTOS/Source/portable/GCC/port.c.o
                0x0000000008000ada                xPortStartScheduler
 .text.vPortEnterCritical
                0x0000000008000b32       0x8a ../../OS/FreeRTOS/Source/portable/GCC/port.c.o
                0x0000000008000b32                vPortEnterCritical
 .text.vPortExitCritical
                0x0000000008000bbc       0x78 ../../OS/FreeRTOS/Source/portable/GCC/port.c.o
                0x0000000008000bbc                vPortExitCritical
 .text.xPortTaskSwitch
                0x0000000008000c34       0xcc ../../OS/FreeRTOS/Source/portable/GCC/port.c.o
                0x0000000008000c34                xPortTaskSwitch
 .text.eclic_mtip_handler
                0x0000000008000d00      0x4d0 ../../OS/FreeRTOS/Source/portable/GCC/port.c.o
                0x0000000008000d00                eclic_mtip_handler
 .text.vPortSetupTimerInterrupt
                0x00000000080011d0      0x3cc ../../OS/FreeRTOS/Source/portable/GCC/port.c.o
                0x00000000080011d0                vPortSetupTimerInterrupt
 .text.vPortValidateInterruptPriority
                0x000000000800159c      0x132 ../../OS/FreeRTOS/Source/portable/GCC/port.c.o
                0x000000000800159c                vPortValidateInterruptPriority
 .text.pvPortMalloc
                0x00000000080016ce      0x22a ../../OS/FreeRTOS/Source/portable/MemMang/heap_4.c.o
                0x00000000080016ce                pvPortMalloc
 .text.vPortFree
                0x00000000080018f8      0x108 ../../OS/FreeRTOS/Source/portable/MemMang/heap_4.c.o
                0x00000000080018f8                vPortFree
 .text.prvHeapInit
                0x0000000008001a00      0x112 ../../OS/FreeRTOS/Source/portable/MemMang/heap_4.c.o
 .text.prvInsertBlockIntoFreeList
                0x0000000008001b12       0xf8 ../../OS/FreeRTOS/Source/portable/MemMang/heap_4.c.o
 .text.xQueueGenericReset
                0x0000000008001c0a      0x172 ../../OS/FreeRTOS/Source/queue.c.o
                0x0000000008001c0a                xQueueGenericReset
 .text.xQueueGenericCreate
                0x0000000008001d7c       0x9e ../../OS/FreeRTOS/Source/queue.c.o
                0x0000000008001d7c                xQueueGenericCreate
 .text.prvInitialiseNewQueue
                0x0000000008001e1a       0x60 ../../OS/FreeRTOS/Source/queue.c.o
 .text.prvInitialiseMutex
                0x0000000008001e7a       0x42 ../../OS/FreeRTOS/Source/queue.c.o
 .text.xQueueCreateMutex
                0x0000000008001ebc       0x40 ../../OS/FreeRTOS/Source/queue.c.o
                0x0000000008001ebc                xQueueCreateMutex
 .text.xQueueGenericSend
                0x0000000008001efc      0x3be ../../OS/FreeRTOS/Source/queue.c.o
                0x0000000008001efc                xQueueGenericSend
 .text.xQueueGenericSendFromISR
                0x00000000080022ba      0x1ca ../../OS/FreeRTOS/Source/queue.c.o
                0x00000000080022ba                xQueueGenericSendFromISR
 .text.xQueueReceive
                0x0000000008002484      0x2f2 ../../OS/FreeRTOS/Source/queue.c.o
                0x0000000008002484                xQueueReceive
 .text.xQueueSemaphoreTake
                0x0000000008002776      0x35e ../../OS/FreeRTOS/Source/queue.c.o
                0x0000000008002776                xQueueSemaphoreTake
 .text.prvGetDisinheritPriorityAfterTimeout
                0x0000000008002ad4       0x36 ../../OS/FreeRTOS/Source/queue.c.o
 .text.prvCopyDataToQueue
                0x0000000008002b0a      0x12a ../../OS/FreeRTOS/Source/queue.c.o
 .text.prvCopyDataFromQueue
                0x0000000008002c34       0x6a ../../OS/FreeRTOS/Source/queue.c.o
 .text.prvUnlockQueue
                0x0000000008002c9e       0xcc ../../OS/FreeRTOS/Source/queue.c.o
 .text.prvIsQueueEmpty
                0x0000000008002d6a       0x36 ../../OS/FreeRTOS/Source/queue.c.o
 .text.prvIsQueueFull
                0x0000000008002da0       0x3e ../../OS/FreeRTOS/Source/queue.c.o
 .text.vQueueAddToRegistry
                0x0000000008002dde       0x74 ../../OS/FreeRTOS/Source/queue.c.o
                0x0000000008002dde                vQueueAddToRegistry
 .text.vQueueWaitForMessageRestricted
                0x0000000008002e52       0x8e ../../OS/FreeRTOS/Source/queue.c.o
                0x0000000008002e52                vQueueWaitForMessageRestricted
 .text.xTaskCreate
                0x0000000008002ee0       0xac ../../OS/FreeRTOS/Source/tasks.c.o
                0x0000000008002ee0                xTaskCreate
 .text.prvInitialiseNewTask
                0x0000000008002f8c      0x1ec ../../OS/FreeRTOS/Source/tasks.c.o
 .text.prvAddNewTaskToReadyList
                0x0000000008003178      0x178 ../../OS/FreeRTOS/Source/tasks.c.o
 .text.vTaskDelay
                0x00000000080032f0       0xee ../../OS/FreeRTOS/Source/tasks.c.o
                0x00000000080032f0                vTaskDelay
 .text.vTaskStartScheduler
                0x00000000080033de       0xcc ../../OS/FreeRTOS/Source/tasks.c.o
                0x00000000080033de                vTaskStartScheduler
 .text.vTaskSuspendAll
                0x00000000080034aa       0x22 ../../OS/FreeRTOS/Source/tasks.c.o
                0x00000000080034aa                vTaskSuspendAll
 .text.xTaskResumeAll
                0x00000000080034cc      0x222 ../../OS/FreeRTOS/Source/tasks.c.o
                0x00000000080034cc                xTaskResumeAll
 .text.xTaskGetTickCount
                0x00000000080036ee       0x38 ../../OS/FreeRTOS/Source/tasks.c.o
                0x00000000080036ee                xTaskGetTickCount
 .text.xTaskIncrementTick
                0x0000000008003726      0x272 ../../OS/FreeRTOS/Source/tasks.c.o
                0x0000000008003726                xTaskIncrementTick
 .text.vTaskSwitchContext
                0x0000000008003998      0x11c ../../OS/FreeRTOS/Source/tasks.c.o
                0x0000000008003998                vTaskSwitchContext
 .text.vTaskPlaceOnEventList
                0x0000000008003ab4       0x6a ../../OS/FreeRTOS/Source/tasks.c.o
                0x0000000008003ab4                vTaskPlaceOnEventList
 .text.vTaskPlaceOnEventListRestricted
                0x0000000008003b1e       0x82 ../../OS/FreeRTOS/Source/tasks.c.o
                0x0000000008003b1e                vTaskPlaceOnEventListRestricted
 .text.xTaskRemoveFromEventList
                0x0000000008003ba0       0xf8 ../../OS/FreeRTOS/Source/tasks.c.o
                0x0000000008003ba0                xTaskRemoveFromEventList
 .text.vTaskInternalSetTimeOutState
                0x0000000008003c98       0x34 ../../OS/FreeRTOS/Source/tasks.c.o
                0x0000000008003c98                vTaskInternalSetTimeOutState
 .text.xTaskCheckForTimeOut
                0x0000000008003ccc      0x188 ../../OS/FreeRTOS/Source/tasks.c.o
                0x0000000008003ccc                xTaskCheckForTimeOut
 .text.vTaskMissedYield
                0x0000000008003e54       0x18 ../../OS/FreeRTOS/Source/tasks.c.o
                0x0000000008003e54                vTaskMissedYield
 .text.prvIdleTask
                0x0000000008003e6c       0x14 ../../OS/FreeRTOS/Source/tasks.c.o
 .text.prvInitialiseTaskLists
                0x0000000008003e80       0xa2 ../../OS/FreeRTOS/Source/tasks.c.o
 .text.prvCheckTasksWaitingTermination
                0x0000000008003f22       0x72 ../../OS/FreeRTOS/Source/tasks.c.o
 .text.prvDeleteTCB
                0x0000000008003f94       0x2a ../../OS/FreeRTOS/Source/tasks.c.o
 .text.prvResetNextTaskUnblockTime
                0x0000000008003fbe       0x50 ../../OS/FreeRTOS/Source/tasks.c.o
 .text.xTaskGetSchedulerState
                0x000000000800400e       0x3a ../../OS/FreeRTOS/Source/tasks.c.o
                0x000000000800400e                xTaskGetSchedulerState
 .text.xTaskPriorityInherit
                0x0000000008004048      0x142 ../../OS/FreeRTOS/Source/tasks.c.o
                0x0000000008004048                xTaskPriorityInherit
 .text.xTaskPriorityDisinherit
                0x000000000800418a      0x14a ../../OS/FreeRTOS/Source/tasks.c.o
                0x000000000800418a                xTaskPriorityDisinherit
 .text.vTaskPriorityDisinheritAfterTimeout
                0x00000000080042d4      0x192 ../../OS/FreeRTOS/Source/tasks.c.o
                0x00000000080042d4                vTaskPriorityDisinheritAfterTimeout
 .text.pvTaskIncrementMutexHeldCount
                0x0000000008004466       0x2e ../../OS/FreeRTOS/Source/tasks.c.o
                0x0000000008004466                pvTaskIncrementMutexHeldCount
 .text.ulTaskNotifyTake
                0x0000000008004494      0x124 ../../OS/FreeRTOS/Source/tasks.c.o
                0x0000000008004494                ulTaskNotifyTake
 .text.xTaskGenericNotify
                0x00000000080045b8      0x23e ../../OS/FreeRTOS/Source/tasks.c.o
                0x00000000080045b8                xTaskGenericNotify
 .text.vTaskNotifyGiveFromISR
                0x00000000080047f6      0x1a4 ../../OS/FreeRTOS/Source/tasks.c.o
                0x00000000080047f6                vTaskNotifyGiveFromISR
 .text.prvAddCurrentTaskToDelayedList
                0x000000000800499a      0x150 ../../OS/FreeRTOS/Source/tasks.c.o
 .text.xTimerCreateTimerTask
                0x0000000008004aea       0x74 ../../OS/FreeRTOS/Source/timers.c.o
                0x0000000008004aea                xTimerCreateTimerTask
 .text.xTimerGenericCommand
                0x0000000008004b5e       0xfc ../../OS/FreeRTOS/Source/timers.c.o
                0x0000000008004b5e                xTimerGenericCommand
 .text.prvProcessExpiredTimer
                0x0000000008004c5a       0xf4 ../../OS/FreeRTOS/Source/timers.c.o
 .text.prvTimerTask
                0x0000000008004d4e       0x30 ../../OS/FreeRTOS/Source/timers.c.o
 .text.prvProcessTimerOrBlockTask
                0x0000000008004d7e      0x160 ../../OS/FreeRTOS/Source/timers.c.o
 .text.prvGetNextExpireTime
                0x0000000008004ede       0x60 ../../OS/FreeRTOS/Source/timers.c.o
 .text.prvSampleTimeNow
                0x0000000008004f3e       0x7e ../../OS/FreeRTOS/Source/timers.c.o
 .text.prvInsertTimerInActiveList
                0x0000000008004fbc      0x13c ../../OS/FreeRTOS/Source/timers.c.o
 .text.prvProcessReceivedCommands
                0x00000000080050f8      0x296 ../../OS/FreeRTOS/Source/timers.c.o
 .text.prvSwitchTimerLists
                0x000000000800538e      0x15a ../../OS/FreeRTOS/Source/timers.c.o
 .text.prvCheckForValidListAndQueue
                0x00000000080054e8       0x8c ../../OS/FreeRTOS/Source/timers.c.o
 .text.Basic_Timer_StructParaInit
                0x0000000008005574       0x24 ../../SoC/ns_core0/Common/Source/Drivers/ns_basic_timer.c.o
                0x0000000008005574                Basic_Timer_StructParaInit
 .text.Basic_Timer_Init
                0x0000000008005598       0x3e ../../SoC/ns_core0/Common/Source/Drivers/ns_basic_timer.c.o
                0x0000000008005598                Basic_Timer_Init
 .text.Basic_Timer_Enable
                0x00000000080055d6       0x22 ../../SoC/ns_core0/Common/Source/Drivers/ns_basic_timer.c.o
                0x00000000080055d6                Basic_Timer_Enable
 .text.Basic_Timer_AutoReloadValueConfig
                0x00000000080055f8       0x20 ../../SoC/ns_core0/Common/Source/Drivers/ns_basic_timer.c.o
                0x00000000080055f8                Basic_Timer_AutoReloadValueConfig
 .text.Basic_Timer_InterruptEnable
                0x0000000008005618       0x28 ../../SoC/ns_core0/Common/Source/Drivers/ns_basic_timer.c.o
                0x0000000008005618                Basic_Timer_InterruptEnable
 .text.Basic_Timer_InterruptFlagGet
                0x0000000008005640       0x40 ../../SoC/ns_core0/Common/Source/Drivers/ns_basic_timer.c.o
                0x0000000008005640                Basic_Timer_InterruptFlagGet
 .text.Basic_Timer_InterruptFlagClear
                0x0000000008005680       0x24 ../../SoC/ns_core0/Common/Source/Drivers/ns_basic_timer.c.o
                0x0000000008005680                Basic_Timer_InterruptFlagClear
 .text.iomux_ls_iof_oval_cfg
                0x00000000080056a4       0xe8 ../../SoC/ns_core0/Common/Source/Drivers/ns_iomux.c.o
                0x00000000080056a4                iomux_ls_iof_oval_cfg
 .text.iomux_ls_iof_ival_cfg
                0x000000000800578c       0xd2 ../../SoC/ns_core0/Common/Source/Drivers/ns_iomux.c.o
                0x000000000800578c                iomux_ls_iof_ival_cfg
 .text.LGPIO_WriteBit
                0x000000000800585e       0x4a ../../SoC/ns_core0/Common/Source/Drivers/ns_lgpio.c.o
                0x000000000800585e                LGPIO_WriteBit
 .text.LGPIO_Mode
                0x00000000080058a8       0xc4 ../../SoC/ns_core0/Common/Source/Drivers/ns_lgpio.c.o
                0x00000000080058a8                LGPIO_Mode
 .text.LGPIO_ITConfig
                0x000000000800596c      0x122 ../../SoC/ns_core0/Common/Source/Drivers/ns_lgpio.c.o
                0x000000000800596c                LGPIO_ITConfig
 .text.LGPIO_ITClear
                0x0000000008005a8e       0xb6 ../../SoC/ns_core0/Common/Source/Drivers/ns_lgpio.c.o
                0x0000000008005a8e                LGPIO_ITClear
 .text.LGPIO_GetIRQStatus
                0x0000000008005b44       0x30 ../../SoC/ns_core0/Common/Source/Drivers/ns_lgpio.c.o
                0x0000000008005b44                LGPIO_GetIRQStatus
 .text.misc_clk_cfg1
                0x0000000008005b74       0x76 ../../SoC/ns_core0/Common/Source/Drivers/ns_misc.c.o
 .text.misc_clk_div1
                0x0000000008005bea       0x78 ../../SoC/ns_core0/Common/Source/Drivers/ns_misc.c.o
 .text.misc_reset_cfg
                0x0000000008005c62       0x76 ../../SoC/ns_core0/Common/Source/Drivers/ns_misc.c.o
 .text.apb_slv0_async_fifo_set_rst
                0x0000000008005cd8       0x26 ../../SoC/ns_core0/Common/Source/Drivers/ns_misc.c.o
                0x0000000008005cd8                apb_slv0_async_fifo_set_rst
 .text.lgpio0_set_rst
                0x0000000008005cfe       0x26 ../../SoC/ns_core0/Common/Source/Drivers/ns_misc.c.o
                0x0000000008005cfe                lgpio0_set_rst
 .text.basic_timer0_set_rst
                0x0000000008005d24       0x26 ../../SoC/ns_core0/Common/Source/Drivers/ns_misc.c.o
                0x0000000008005d24                basic_timer0_set_rst
 .text.qspi2_set_rst
                0x0000000008005d4a       0x26 ../../SoC/ns_core0/Common/Source/Drivers/ns_misc.c.o
                0x0000000008005d4a                qspi2_set_rst
 .text.qspi1_set_rst
                0x0000000008005d70       0x26 ../../SoC/ns_core0/Common/Source/Drivers/ns_misc.c.o
                0x0000000008005d70                qspi1_set_rst
 .text.qspi_xip0_set_rst
                0x0000000008005d96       0x26 ../../SoC/ns_core0/Common/Source/Drivers/ns_misc.c.o
                0x0000000008005d96                qspi_xip0_set_rst
 .text.usart1_set_rst
                0x0000000008005dbc       0x26 ../../SoC/ns_core0/Common/Source/Drivers/ns_misc.c.o
                0x0000000008005dbc                usart1_set_rst
 .text.udma0_set_rst
                0x0000000008005de2       0x26 ../../SoC/ns_core0/Common/Source/Drivers/ns_misc.c.o
                0x0000000008005de2                udma0_set_rst
 .text.iomux_clk_en
                0x0000000008005e08       0x26 ../../SoC/ns_core0/Common/Source/Drivers/ns_misc.c.o
                0x0000000008005e08                iomux_clk_en
 .text.idu_clk_en
                0x0000000008005e2e       0x26 ../../SoC/ns_core0/Common/Source/Drivers/ns_misc.c.o
                0x0000000008005e2e                idu_clk_en
 .text.apb_slv0_async_fifo_clk_en
                0x0000000008005e54       0x26 ../../SoC/ns_core0/Common/Source/Drivers/ns_misc.c.o
                0x0000000008005e54                apb_slv0_async_fifo_clk_en
 .text.lgpio0_clk_en
                0x0000000008005e7a       0x26 ../../SoC/ns_core0/Common/Source/Drivers/ns_misc.c.o
                0x0000000008005e7a                lgpio0_clk_en
 .text.basic_timer0_clk_en
                0x0000000008005ea0       0x26 ../../SoC/ns_core0/Common/Source/Drivers/ns_misc.c.o
                0x0000000008005ea0                basic_timer0_clk_en
 .text.qspi2_clk_en
                0x0000000008005ec6       0x28 ../../SoC/ns_core0/Common/Source/Drivers/ns_misc.c.o
                0x0000000008005ec6                qspi2_clk_en
 .text.qspi1_clk_en
                0x0000000008005eee       0x28 ../../SoC/ns_core0/Common/Source/Drivers/ns_misc.c.o
                0x0000000008005eee                qspi1_clk_en
 .text.qspi_xip0_clk_en
                0x0000000008005f16       0x28 ../../SoC/ns_core0/Common/Source/Drivers/ns_misc.c.o
                0x0000000008005f16                qspi_xip0_clk_en
 .text.usart1_clk_en
                0x0000000008005f3e       0x28 ../../SoC/ns_core0/Common/Source/Drivers/ns_misc.c.o
                0x0000000008005f3e                usart1_clk_en
 .text.usart0_clk_en
                0x0000000008005f66       0x28 ../../SoC/ns_core0/Common/Source/Drivers/ns_misc.c.o
                0x0000000008005f66                usart0_clk_en
 .text.udma0_clk_en
                0x0000000008005f8e       0x28 ../../SoC/ns_core0/Common/Source/Drivers/ns_misc.c.o
                0x0000000008005f8e                udma0_clk_en
 .text.apb_slv0_clk_div
                0x0000000008005fb6       0x30 ../../SoC/ns_core0/Common/Source/Drivers/ns_misc.c.o
                0x0000000008005fb6                apb_slv0_clk_div
 .text.qspi1_cfg_clk_div
                0x0000000008005fe6       0x30 ../../SoC/ns_core0/Common/Source/Drivers/ns_misc.c.o
                0x0000000008005fe6                qspi1_cfg_clk_div
 .text.UDMA_PAM2M_Init
                0x0000000008006016       0x98 ../../SoC/ns_core0/Common/Source/Drivers/ns_pa2m_udma.c.o
                0x0000000008006016                UDMA_PAM2M_Init
 .text.UDMA_PA2M_GetITStatus
                0x00000000080060ae       0x38 ../../SoC/ns_core0/Common/Source/Drivers/ns_pa2m_udma.c.o
                0x00000000080060ae                UDMA_PA2M_GetITStatus
 .text.UDMA_PA2M_ClearITStatus
                0x00000000080060e6       0x28 ../../SoC/ns_core0/Common/Source/Drivers/ns_pa2m_udma.c.o
                0x00000000080060e6                UDMA_PA2M_ClearITStatus
 .text.UDMA_PA2M_ITConfig
                0x000000000800610e       0x4a ../../SoC/ns_core0/Common/Source/Drivers/ns_pa2m_udma.c.o
                0x000000000800610e                UDMA_PA2M_ITConfig
 .text.QSPI_Init
                0x0000000008006158      0x160 ../../SoC/ns_core0/Common/Source/Drivers/ns_qspi.c.o
                0x0000000008006158                QSPI_Init
 .text.QSPI_StructInit
                0x00000000080062b8       0x84 ../../SoC/ns_core0/Common/Source/Drivers/ns_qspi.c.o
                0x00000000080062b8                QSPI_StructInit
 .text.QSPI_DirectionConfig
                0x000000000800633c       0x42 ../../SoC/ns_core0/Common/Source/Drivers/ns_qspi.c.o
                0x000000000800633c                QSPI_DirectionConfig
 .text.QSPI_GetFlag
                0x000000000800637e       0x2a ../../SoC/ns_core0/Common/Source/Drivers/ns_qspi.c.o
                0x000000000800637e                QSPI_GetFlag
 .text.QSPI_CSModeConfig
                0x00000000080063a8       0x20 ../../SoC/ns_core0/Common/Source/Drivers/ns_qspi.c.o
                0x00000000080063a8                QSPI_CSModeConfig
 .text.QSPI_SendData
                0x00000000080063c8       0x20 ../../SoC/ns_core0/Common/Source/Drivers/ns_qspi.c.o
                0x00000000080063c8                QSPI_SendData
 .text.QSPI_ReceiveData
                0x00000000080063e8       0x18 ../../SoC/ns_core0/Common/Source/Drivers/ns_qspi.c.o
                0x00000000080063e8                QSPI_ReceiveData
 .text.QSPI_XIP_Init
                0x0000000008006400      0x146 ../../SoC/ns_core0/Common/Source/Drivers/ns_qspi_xip.c.o
                0x0000000008006400                QSPI_XIP_Init
 .text.QSPI_XIP_StructInit
                0x0000000008006546       0x64 ../../SoC/ns_core0/Common/Source/Drivers/ns_qspi_xip.c.o
                0x0000000008006546                QSPI_XIP_StructInit
 .text.QSPI_XIP_DirectionConfig
                0x00000000080065aa       0x42 ../../SoC/ns_core0/Common/Source/Drivers/ns_qspi_xip.c.o
                0x00000000080065aa                QSPI_XIP_DirectionConfig
 .text.QSPI_XIP_GetFlag
                0x00000000080065ec       0x2a ../../SoC/ns_core0/Common/Source/Drivers/ns_qspi_xip.c.o
                0x00000000080065ec                QSPI_XIP_GetFlag
 .text.QSPI_XIP_CSModeConfig
                0x0000000008006616       0x20 ../../SoC/ns_core0/Common/Source/Drivers/ns_qspi_xip.c.o
                0x0000000008006616                QSPI_XIP_CSModeConfig
 .text.QSPI_XIP_SendData
                0x0000000008006636       0x20 ../../SoC/ns_core0/Common/Source/Drivers/ns_qspi_xip.c.o
                0x0000000008006636                QSPI_XIP_SendData
 .text.QSPI_XIP_ReceiveData
                0x0000000008006656       0x18 ../../SoC/ns_core0/Common/Source/Drivers/ns_qspi_xip.c.o
                0x0000000008006656                QSPI_XIP_ReceiveData
 .text.USART_Init
                0x000000000800666e      0x26e ../../SoC/ns_core0/Common/Source/Drivers/ns_usart.c.o
                0x000000000800666e                USART_Init
 .text.USART_StructInit
                0x00000000080068dc       0x8c ../../SoC/ns_core0/Common/Source/Drivers/ns_usart.c.o
                0x00000000080068dc                USART_StructInit
 .text.USART_GetFlag
                0x0000000008006968       0x2a ../../SoC/ns_core0/Common/Source/Drivers/ns_usart.c.o
                0x0000000008006968                USART_GetFlag
 .text.USART_SendData
                0x0000000008006992       0x30 ../../SoC/ns_core0/Common/Source/Drivers/ns_usart.c.o
                0x0000000008006992                USART_SendData
 .text.USART_ReceiveData
                0x00000000080069c2       0x30 ../../SoC/ns_core0/Common/Source/Drivers/ns_usart.c.o
                0x00000000080069c2                USART_ReceiveData
 .text._close   0x00000000080069f2       0x1e ../../SoC/ns_core0/Common/Source/Stubs/newlib/close.c.o
                0x00000000080069f2                _close
 .text._fstat   0x0000000008006a10       0x42 ../../SoC/ns_core0/Common/Source/Stubs/newlib/fstat.c.o
                0x0000000008006a10                _fstat
 .text._isatty  0x0000000008006a52       0x14 ../../SoC/ns_core0/Common/Source/Stubs/newlib/isatty.c.o
                0x0000000008006a52                _isatty
 .text._lseek   0x0000000008006a66       0x1c ../../SoC/ns_core0/Common/Source/Stubs/newlib/lseek.c.o
                0x0000000008006a66                _lseek
 .text.getchar  0x0000000008006a82       0x22 ../../SoC/ns_core0/Common/Source/Stubs/newlib/read.c.o
                0x0000000008006a82                getchar
 .text._read    0x0000000008006aa4       0x84 ../../SoC/ns_core0/Common/Source/Stubs/newlib/read.c.o
                0x0000000008006aa4                _read
 .text._sbrk    0x0000000008006b28       0x72 ../../SoC/ns_core0/Common/Source/Stubs/newlib/sbrk.c.o
                0x0000000008006b28                _sbrk
 .text.putchar  0x0000000008006b9a       0x3c ../../SoC/ns_core0/Common/Source/Stubs/newlib/write.c.o
                0x0000000008006b9a                putchar
 .text._write   0x0000000008006bd6       0x68 ../../SoC/ns_core0/Common/Source/Stubs/newlib/write.c.o
                0x0000000008006bd6                _write
 .text.measure_cpu_freq
                0x0000000008006c3e      0x34a ../../SoC/ns_core0/Common/Source/ns_common.c.o
                0x0000000008006c3e                measure_cpu_freq
 .text.get_cpu_freq
                0x0000000008006f88       0x2a ../../SoC/ns_core0/Common/Source/ns_common.c.o
                0x0000000008006f88                get_cpu_freq
 .text.delay_1ms
                0x0000000008006fb2       0x3a ../../SoC/ns_core0/Common/Source/ns_common.c.o
                0x0000000008006fb2                delay_1ms
 .text.SystemInit
                0x0000000008006fec       0x1a ../../SoC/ns_core0/Common/Source/system_ns.c.o
                0x0000000008006fec                SystemInit
 .text.system_default_exception_handler
                0x0000000008007006       0x8a ../../SoC/ns_core0/Common/Source/system_ns.c.o
 .text.Exception_Init
                0x0000000008007090       0x54 ../../SoC/ns_core0/Common/Source/system_ns.c.o
 .text.Exception_DumpFrame
                0x00000000080070e4      0x102 ../../SoC/ns_core0/Common/Source/system_ns.c.o
                0x00000000080070e4                Exception_DumpFrame
 .text.core_exception_handler
                0x00000000080071e6       0x88 ../../SoC/ns_core0/Common/Source/system_ns.c.o
                0x00000000080071e6                core_exception_handler
 .text.SystemBannerPrint
                0x000000000800726e       0x5e ../../SoC/ns_core0/Common/Source/system_ns.c.o
                0x000000000800726e                SystemBannerPrint
 .text.ECLIC_Init
                0x00000000080072cc       0x86 ../../SoC/ns_core0/Common/Source/system_ns.c.o
                0x00000000080072cc                ECLIC_Init
 .text.ECLIC_Register_IRQ
                0x0000000008007352      0x40a ../../SoC/ns_core0/Common/Source/system_ns.c.o
                0x0000000008007352                ECLIC_Register_IRQ
 .text.Trap_Init
                0x000000000800775c        0xe ../../SoC/ns_core0/Common/Source/system_ns.c.o
 .text._premain_init
                0x000000000800776a       0xbe ../../SoC/ns_core0/Common/Source/system_ns.c.o
                0x000000000800776a                _premain_init
 .text._postmain_fini
                0x0000000008007828       0x12 ../../SoC/ns_core0/Common/Source/system_ns.c.o
                0x0000000008007828                _postmain_fini
 .text._init    0x000000000800783a        0xe ../../SoC/ns_core0/Common/Source/system_ns.c.o
                0x000000000800783a                _init
 .text._fini    0x0000000008007848        0xe ../../SoC/ns_core0/Common/Source/system_ns.c.o
                0x0000000008007848                _fini
 .text.pps_clk_compute
                0x0000000008007856      0x9a6 ./PPS_SYNC.c.o
                0x0000000008007856                pps_clk_compute
 .text.SPI_Init
                0x00000000080081fc       0x80 ./flash.c.o
                0x00000000080081fc                SPI_Init
 .text.SPI_WriteByte
                0x000000000800827c       0x5a ./flash.c.o
                0x000000000800827c                SPI_WriteByte
 .text.SPI_ReadByte
                0x00000000080082d6       0x54 ./flash.c.o
                0x00000000080082d6                SPI_ReadByte
 .text.SPI_ReadJEDEC
                0x000000000800832a       0x58 ./flash.c.o
                0x000000000800832a                SPI_ReadJEDEC
 .text.SPI_Wip  0x0000000008008382       0x3e ./flash.c.o
                0x0000000008008382                SPI_Wip
 .text.SPI_WriteEnable
                0x00000000080083c0       0x2a ./flash.c.o
                0x00000000080083c0                SPI_WriteEnable
 .text.SPI_Erase
                0x00000000080083ea       0x6c ./flash.c.o
                0x00000000080083ea                SPI_Erase
 .text.SPI_PageWrite
                0x0000000008008456       0xa2 ./flash.c.o
                0x0000000008008456                SPI_PageWrite
 .text.SPI_PageRead
                0x00000000080084f8       0xf2 ./flash.c.o
                0x00000000080084f8                SPI_PageRead
 .text.write_flash_node_config
                0x00000000080085ea       0x50 ./flash.c.o
                0x00000000080085ea                write_flash_node_config
 .text.write_flash_phy_config
                0x000000000800863a       0x54 ./flash.c.o
                0x000000000800863a                write_flash_phy_config
 .text.write_flash_mac_config
                0x000000000800868e       0x4c ./flash.c.o
                0x000000000800868e                write_flash_mac_config
 .text.read_flash_node_config
                0x00000000080086da       0x44 ./flash.c.o
                0x00000000080086da                read_flash_node_config
 .text.read_flash_phy_config
                0x000000000800871e       0x48 ./flash.c.o
                0x000000000800871e                read_flash_phy_config
 .text.read_flash_mac_config
                0x0000000008008766       0x40 ./flash.c.o
                0x0000000008008766                read_flash_mac_config
 .text.BASIC_TIMER0_IRQHandler
                0x00000000080087a6      0x20a ./main.c.o
                0x00000000080087a6                BASIC_TIMER0_IRQHandler
 .text.THURDZ_BB_IRQHandler
                0x00000000080089b0      0x146 ./main.c.o
                0x00000000080089b0                THURDZ_BB_IRQHandler
 .text.UDMA_IRQHandler
                0x0000000008008af6      0x15e ./main.c.o
                0x0000000008008af6                UDMA_IRQHandler
 .text.LGPIO0_IMU_IRQHandler
                0x0000000008008c54      0x12e ./main.c.o
                0x0000000008008c54                LGPIO0_IMU_IRQHandler
 .text.main     0x0000000008008d82      0x19c ./main.c.o
                0x0000000008008d82                main
 .text.task_startUwbTR
                0x0000000008008f1e       0x24 ./main.c.o
                0x0000000008008f1e                task_startUwbTR
 .text.task_processUwbTR
                0x0000000008008f42       0x76 ./main.c.o
                0x0000000008008f42                task_processUwbTR
 .text.task_parseUsartTxMsg
                0x0000000008008fb8      0x116 ./main.c.o
                0x0000000008008fb8                task_parseUsartTxMsg
 .text.task_processUsartRxDma
                0x00000000080090ce      0x12c ./main.c.o
                0x00000000080090ce                task_processUsartRxDma
 .text.task_parseUsartRxCmd
                0x00000000080091fa       0xb2 ./main.c.o
                0x00000000080091fa                task_parseUsartRxCmd
 .text.task_processSpiRxDma
                0x00000000080092ac       0x6e ./main.c.o
                0x00000000080092ac                task_processSpiRxDma
 .text.task_processSpiRxMsg
                0x000000000800931a       0xb8 ./main.c.o
                0x000000000800931a                task_processSpiRxMsg
 .text.tof_fill_and_compute
                0x00000000080093d2      0x15e ./main.c.o
                0x00000000080093d2                tof_fill_and_compute
 .text.tof_two_nodes_compute_new
                0x0000000008009530      0x57c ./main.c.o
                0x0000000008009530                tof_two_nodes_compute_new
 .text.task_processRanging
                0x0000000008009aac      0xd1a ./main.c.o
                0x0000000008009aac                task_processRanging
 .text.vApplicationMallocFailedHook
                0x000000000800a7c6       0x12 ./main.c.o
                0x000000000800a7c6                vApplicationMallocFailedHook
 .text.vApplicationStackOverflowHook
                0x000000000800a7d8       0x1a ./main.c.o
                0x000000000800a7d8                vApplicationStackOverflowHook
 .text.vApplicationIdleHook
                0x000000000800a7f2        0xe ./main.c.o
                0x000000000800a7f2                vApplicationIdleHook
 .text.start_UWB_TR
                0x000000000800a800      0xcf8 ./main.c.o
                0x000000000800a800                start_UWB_TR
 .text.processUwbTx
                0x000000000800b4f8      0x3ba ./main.c.o
                0x000000000800b4f8                processUwbTx
 .text.processUwbRx
                0x000000000800b8b2     0x17b2 ./main.c.o
                0x000000000800b8b2                processUwbRx
 .text.processPPS
                0x000000000800d064      0x53e ./main.c.o
                0x000000000800d064                processPPS
 .text.prepareTxMsg
                0x000000000800d5a2      0xbec ./main.c.o
                0x000000000800d5a2                prepareTxMsg
 .text.process_received_message
                0x000000000800e18e      0x5cc ./main.c.o
                0x000000000800e18e                process_received_message
 .text.ring_buf_init
                0x000000000800e75a       0x64 ./ringbuffer.c.o
                0x000000000800e75a                ring_buf_init
 .text.ring_buf_put
                0x000000000800e7be       0xd2 ./ringbuffer.c.o
                0x000000000800e7be                ring_buf_put
 .text.write_thmts_bb_reg
                0x000000000800e890       0x72 ./thmts_bb_config.c.o
                0x000000000800e890                write_thmts_bb_reg
 .text.read_thmts_bb_reg
                0x000000000800e902       0x1e ./thmts_bb_config.c.o
                0x000000000800e902                read_thmts_bb_reg
 .text.write_thmts_bb_reg_with_offset
                0x000000000800e920       0xe8 ./thmts_bb_config.c.o
                0x000000000800e920                write_thmts_bb_reg_with_offset
 .text.reset_thmts_bb
                0x000000000800ea08       0x24 ./thmts_bb_config.c.o
                0x000000000800ea08                reset_thmts_bb
 .text.thmts_bb_rx_pd
                0x000000000800ea2c       0x2a ./thmts_bb_config.c.o
                0x000000000800ea2c                thmts_bb_rx_pd
 .text.thmts_bb_tx_pd
                0x000000000800ea56       0x26 ./thmts_bb_config.c.o
                0x000000000800ea56                thmts_bb_tx_pd
 .text.clear_thmts_bb_ucore_ram
                0x000000000800ea7c       0x6a ./thmts_bb_config.c.o
                0x000000000800ea7c                clear_thmts_bb_ucore_ram
 .text.init_thmts_bb
                0x000000000800eae6       0xcc ./thmts_bb_config.c.o
                0x000000000800eae6                init_thmts_bb
 .text.get_thmts_bb_systime
                0x000000000800ebb2       0xbe ./thmts_bb_config.c.o
                0x000000000800ebb2                get_thmts_bb_systime
 .text.timestamp_add
                0x000000000800ec70       0xc0 ./thmts_bb_config.c.o
                0x000000000800ec70                timestamp_add
 .text.timestamp_minus
                0x000000000800ed30      0x1ce ./thmts_bb_config.c.o
                0x000000000800ed30                timestamp_minus
 .text.timestamp_substract
                0x000000000800eefe       0xb4 ./thmts_bb_config.c.o
                0x000000000800eefe                timestamp_substract
 .text.us2timestamp
                0x000000000800efb2       0x74 ./thmts_bb_config.c.o
                0x000000000800efb2                us2timestamp
 .text.enable_thmts_bb_pwm
                0x000000000800f026       0xce ./thmts_bb_config.c.o
                0x000000000800f026                enable_thmts_bb_pwm
 .text.read_thmts_bb_rxbuff
                0x000000000800f0f4       0x38 ./thmts_bb_config.c.o
                0x000000000800f0f4                read_thmts_bb_rxbuff
 .text.start_thmts_bb_tx
                0x000000000800f12c       0xf2 ./thmts_bb_config.c.o
                0x000000000800f12c                start_thmts_bb_tx
 .text.clean_thmts_bb_tx
                0x000000000800f21e       0x3c ./thmts_bb_config.c.o
                0x000000000800f21e                clean_thmts_bb_tx
 .text.set_thmts_bb_delaytxtime
                0x000000000800f25a       0x5a ./thmts_bb_config.c.o
                0x000000000800f25a                set_thmts_bb_delaytxtime
 .text.set_thmts_bb_rxtimeout
                0x000000000800f2b4       0x26 ./thmts_bb_config.c.o
                0x000000000800f2b4                set_thmts_bb_rxtimeout
 .text.start_thmts_bb_rx
                0x000000000800f2da       0xa8 ./thmts_bb_config.c.o
                0x000000000800f2da                start_thmts_bb_rx
 .text.clean_thmts_bb_rx
                0x000000000800f382       0x46 ./thmts_bb_config.c.o
                0x000000000800f382                clean_thmts_bb_rx
 .text.get_thmts_bb_rxstatus
                0x000000000800f3c8       0x20 ./thmts_bb_config.c.o
                0x000000000800f3c8                get_thmts_bb_rxstatus
 .text.get_thmts_bb_rxinfo
                0x000000000800f3e8       0x26 ./thmts_bb_config.c.o
                0x000000000800f3e8                get_thmts_bb_rxinfo
 .text.get_thmts_bb_rxlength
                0x000000000800f40e       0x70 ./thmts_bb_config.c.o
                0x000000000800f40e                get_thmts_bb_rxlength
 .text.read_thmts_bb_cir
                0x000000000800f47e       0x4c ./thmts_bb_config.c.o
                0x000000000800f47e                read_thmts_bb_cir
 .text.get_thmts_bb_rmark
                0x000000000800f4ca      0x35a ./thmts_bb_config.c.o
                0x000000000800f4ca                get_thmts_bb_rmark
 .text.thmts_get_rx_content
                0x000000000800f824      0x1de ./thmts_bb_config.c.o
                0x000000000800f824                thmts_get_rx_content
 .text.config_thmts_bb_rx_sw_lna_on
                0x000000000800fa02       0xb2 ./thmts_bb_config.c.o
                0x000000000800fa02                config_thmts_bb_rx_sw_lna_on
 .text.config_thmts_bb_rx_sw_lna_off
                0x000000000800fab4       0xb6 ./thmts_bb_config.c.o
                0x000000000800fab4                config_thmts_bb_rx_sw_lna_off
 .text.download_thmts_bb_ucore_fw
                0x000000000800fb6a      0x26c ./thmts_bb_firmware.c.o
                0x000000000800fb6a                download_thmts_bb_ucore_fw
 .text.DebugUart_Config
                0x000000000800fdd6       0x56 ./thmts_bsp.c.o
                0x000000000800fdd6                DebugUart_Config
 .text.SPI1_Config
                0x000000000800fe2c       0x56 ./thmts_bsp.c.o
                0x000000000800fe2c                SPI1_Config
 .text.SPI2_Config
                0x000000000800fe82       0x5a ./thmts_bsp.c.o
                0x000000000800fe82                SPI2_Config
 .text.SPI2_Dma_Enable
                0x000000000800fedc       0x6c ./thmts_bsp.c.o
                0x000000000800fedc                SPI2_Dma_Enable
 .text.TIMER_Config
                0x000000000800ff48       0x50 ./thmts_bsp.c.o
                0x000000000800ff48                TIMER_Config
 .text.iomux_config
                0x000000000800ff98      0x264 ./thmts_bsp.c.o
                0x000000000800ff98                iomux_config
 .text.USART1_config
                0x00000000080101fc       0xb2 ./thmts_bsp.c.o
                0x00000000080101fc                USART1_config
 .text.UDMA_USART1_TX
                0x00000000080102ae       0xa0 ./thmts_bsp.c.o
                0x00000000080102ae                UDMA_USART1_TX
 .text.UDMA_USART1_RX
                0x000000000801034e       0x9c ./thmts_bsp.c.o
                0x000000000801034e                UDMA_USART1_RX
 .text.DMA_Stop
                0x00000000080103ea       0x3e ./thmts_bsp.c.o
                0x00000000080103ea                DMA_Stop
 .text.DMA_Get_Counter
                0x0000000008010428       0x18 ./thmts_bsp.c.o
                0x0000000008010428                DMA_Get_Counter
 .text.UDMA_QSPI2_TX
                0x0000000008010440       0xa8 ./thmts_bsp.c.o
                0x0000000008010440                UDMA_QSPI2_TX
 .text.UDMA_QSPI2_RX
                0x00000000080104e8       0xa8 ./thmts_bsp.c.o
                0x00000000080104e8                UDMA_QSPI2_RX
 .text.prvSetupHardware
                0x0000000008010590      0x552 ./thmts_bsp.c.o
                0x0000000008010590                prvSetupHardware
 .text.thmts_ctrl_cmd_proc_init
                0x0000000008010ae2       0xa0 ./thmts_ctrl_cmd_proc.c.o
                0x0000000008010ae2                thmts_ctrl_cmd_proc_init
 .text.thmts_ctrl_cmd_proc_insert_rx_bytes
                0x0000000008010b82       0x30 ./thmts_ctrl_cmd_proc.c.o
                0x0000000008010b82                thmts_ctrl_cmd_proc_insert_rx_bytes
 .text.thmts_ctrl_cmd_proc_per_byte
                0x0000000008010bb2      0x442 ./thmts_ctrl_cmd_proc.c.o
 .text.thmts_ctrl_cmd_proc_exec
                0x0000000008010ff4       0xf8 ./thmts_ctrl_cmd_proc.c.o
                0x0000000008010ff4                thmts_ctrl_cmd_proc_exec
 .text.thmts_ctrl_cmd_proc_get_rx_msg
                0x00000000080110ec       0x42 ./thmts_ctrl_cmd_proc.c.o
                0x00000000080110ec                thmts_ctrl_cmd_proc_get_rx_msg
 .text.thmts_ctrl_cmd_proc_pop_rx_msg
                0x000000000801112e       0x80 ./thmts_ctrl_cmd_proc.c.o
                0x000000000801112e                thmts_ctrl_cmd_proc_pop_rx_msg
 .text.init_node
                0x00000000080111ae      0x20c ./thmts_node_info.c.o
                0x00000000080111ae                init_node
 .text.start_thmts_tx
                0x00000000080113ba      0x1c6 ./thmts_node_info.c.o
                0x00000000080113ba                start_thmts_tx
 .text.start_thmts_rx
                0x0000000008011580       0x5a ./thmts_node_info.c.o
                0x0000000008011580                start_thmts_rx
 .text.iq_from_u32
                0x00000000080115da       0x72 ./thmts_pdoa.c.o
 .text.wrap_idx
                0x000000000801164c       0x58 ./thmts_pdoa.c.o
 .text.collect_cir_from
                0x00000000080116a4      0x102 ./thmts_pdoa.c.o
                0x00000000080116a4                collect_cir_from
 .text.cal_pdoa
                0x00000000080117a6      0x160 ./thmts_pdoa.c.o
                0x00000000080117a6                cal_pdoa
 .text.wrap_to_pi
                0x0000000008011906       0x62 ./thmts_pdoa.c.o
 .text.wrap_to_180
                0x0000000008011968       0x62 ./thmts_pdoa.c.o
 .text.aoa_compute_from_pdoa
                0x00000000080119ca      0x16a ./thmts_pdoa.c.o
                0x00000000080119ca                aoa_compute_from_pdoa
 .text.Set_Channel_Config_By_Case
                0x0000000008011b34      0x9e4 ./thmts_phy_param.c.o
                0x0000000008011b34                Set_Channel_Config_By_Case
 .text.altds_dstwr_check
                0x0000000008012518      0x1c8 ./thmts_ranging.c.o
                0x0000000008012518                altds_dstwr_check
 .text.altds_dstwr_compute
                0x00000000080126e0      0x3d8 ./thmts_ranging.c.o
                0x00000000080126e0                altds_dstwr_compute
 .text.write_thmts_rf_reg
                0x0000000008012ab8       0x80 ./thmts_rf_config.c.o
                0x0000000008012ab8                write_thmts_rf_reg
 .text.read_thmts_rf_reg
                0x0000000008012b38       0x80 ./thmts_rf_config.c.o
                0x0000000008012b38                read_thmts_rf_reg
 .text.config_thmts_rf_reg
                0x0000000008012bb8       0x5c ./thmts_rf_config.c.o
                0x0000000008012bb8                config_thmts_rf_reg
 .text.config_thmts_rf_regs
                0x0000000008012c14       0x9e ./thmts_rf_config.c.o
                0x0000000008012c14                config_thmts_rf_regs
 .text.config_thmts_pll_init_mfc
                0x0000000008012cb2      0x356 ./thmts_rf_config.c.o
                0x0000000008012cb2                config_thmts_pll_init_mfc
 .text.config_thmts_rf_lopll_mfc
                0x0000000008013008      0x6d6 ./thmts_rf_config.c.o
                0x0000000008013008                config_thmts_rf_lopll_mfc
 .text.config_thmts_rf_clkpll_mfc
                0x00000000080136de      0x996 ./thmts_rf_config.c.o
                0x00000000080136de                config_thmts_rf_clkpll_mfc
 .text.config_thmts_rf_dac
                0x0000000008014074       0x60 ./thmts_rf_config.c.o
                0x0000000008014074                config_thmts_rf_dac
 .text.config_thmts_rf_da2lpf
                0x00000000080140d4       0x28 ./thmts_rf_config.c.o
                0x00000000080140d4                config_thmts_rf_da2lpf
 .text.config_thmts_rf_tx
                0x00000000080140fc       0x28 ./thmts_rf_config.c.o
                0x00000000080140fc                config_thmts_rf_tx
 .text.config_thmts_rf_adc0
                0x0000000008014124       0x2a ./thmts_rf_config.c.o
                0x0000000008014124                config_thmts_rf_adc0
 .text.config_thmts_rf_adc1
                0x000000000801414e       0x2a ./thmts_rf_config.c.o
                0x000000000801414e                config_thmts_rf_adc1
 .text.config_thmts_rf_adc2
                0x0000000008014178       0x2a ./thmts_rf_config.c.o
                0x0000000008014178                config_thmts_rf_adc2
 .text.config_thmts_rf_adc3
                0x00000000080141a2       0x2a ./thmts_rf_config.c.o
                0x00000000080141a2                config_thmts_rf_adc3
 .text.config_thmts_rf_lpf2ad
                0x00000000080141cc       0x28 ./thmts_rf_config.c.o
                0x00000000080141cc                config_thmts_rf_lpf2ad
 .text.config_thmts_rf_rx0
                0x00000000080141f4       0x2a ./thmts_rf_config.c.o
                0x00000000080141f4                config_thmts_rf_rx0
 .text.config_thmts_rf_rx1
                0x000000000801421e       0x2a ./thmts_rf_config.c.o
                0x000000000801421e                config_thmts_rf_rx1
 .text.config_thmts_rf_rx2
                0x0000000008014248       0x2a ./thmts_rf_config.c.o
                0x0000000008014248                config_thmts_rf_rx2
 .text.config_thmts_rf_rx3
                0x0000000008014272       0x2a ./thmts_rf_config.c.o
                0x0000000008014272                config_thmts_rf_rx3
 .text.config_thmts_rf_dagc_enable
                0x000000000801429c       0x40 ./thmts_rf_config.c.o
                0x000000000801429c                config_thmts_rf_dagc_enable
 .text.config_thmts_rf_trsw_enable
                0x00000000080142dc       0x40 ./thmts_rf_config.c.o
                0x00000000080142dc                config_thmts_rf_trsw_enable
 .text.config_thmts_rf_clkmode
                0x000000000801431c       0x88 ./thmts_rf_config.c.o
                0x000000000801431c                config_thmts_rf_clkmode
 .text.thmts_sleep_us
                0x00000000080143a4       0x38 ./thmts_rf_config.c.o
                0x00000000080143a4                thmts_sleep_us
 .text.config_thmts_rf_pll_mfc
                0x00000000080143dc       0x7a ./thmts_rf_config.c.o
                0x00000000080143dc                config_thmts_rf_pll_mfc
 .text.config_thmts_rf_allinone
                0x0000000008014456       0x78 ./thmts_rf_config.c.o
                0x0000000008014456                config_thmts_rf_allinone
 .text.crc_crc32
                0x00000000080144ce       0x6e ./thmts_sensor.c.o
                0x00000000080144ce                crc_crc32
 .text.SPI_ReadWriteByte16
                0x000000000801453c       0x6a ./thmts_sensor.c.o
                0x000000000801453c                SPI_ReadWriteByte16
 .text.IMU_SPI_ReadReg
                0x00000000080145a6       0x34 ./thmts_sensor.c.o
                0x00000000080145a6                IMU_SPI_ReadReg
 .text.IMU_Init
                0x00000000080145da       0x64 ./thmts_sensor.c.o
                0x00000000080145da                IMU_Init
 .text.IMU_SPI_Init
                0x000000000801463e       0xba ./thmts_sensor.c.o
                0x000000000801463e                IMU_SPI_Init
 .text.IMU_SPI_Master_Read_Burst2
                0x00000000080146f8      0x818 ./thmts_sensor.c.o
                0x00000000080146f8                IMU_SPI_Master_Read_Burst2
 .text.read_and_send_IMU_data
                0x0000000008014f10       0xe0 ./thmts_tx_msg.c.o
                0x0000000008014f10                read_and_send_IMU_data
 .text.atan2    0x0000000008014ff0        0x2 c:/users/86156/desktop/lab/uwb/nucleistudio/toolchain/gcc/bin/../lib/gcc/riscv-nuclei-elf/10.2.0/../../../../riscv-nuclei-elf/lib/rv32imafdcb/ilp32d\libm_nano.a(lib_a-w_atan2.o)
                0x0000000008014ff0                atan2
 .text.fmod     0x0000000008014ff2       0x5c c:/users/86156/desktop/lab/uwb/nucleistudio/toolchain/gcc/bin/../lib/gcc/riscv-nuclei-elf/10.2.0/../../../../riscv-nuclei-elf/lib/rv32imafdcb/ilp32d\libm_nano.a(lib_a-w_fmod.o)
                0x0000000008014ff2                fmod
 .text.pow      0x000000000801504e       0xc8 c:/users/86156/desktop/lab/uwb/nucleistudio/toolchain/gcc/bin/../lib/gcc/riscv-nuclei-elf/10.2.0/../../../../riscv-nuclei-elf/lib/rv32imafdcb/ilp32d\libm_nano.a(lib_a-w_pow.o)
                0x000000000801504e                pow
 .text.__ieee754_atan2
                0x0000000008015116      0x1ae c:/users/86156/desktop/lab/uwb/nucleistudio/toolchain/gcc/bin/../lib/gcc/riscv-nuclei-elf/10.2.0/../../../../riscv-nuclei-elf/lib/rv32imafdcb/ilp32d\libm_nano.a(lib_a-e_atan2.o)
                0x0000000008015116                __ieee754_atan2
 .text.__ieee754_fmod
                0x00000000080152c4      0x25e c:/users/86156/desktop/lab/uwb/nucleistudio/toolchain/gcc/bin/../lib/gcc/riscv-nuclei-elf/10.2.0/../../../../riscv-nuclei-elf/lib/rv32imafdcb/ilp32d\libm_nano.a(lib_a-e_fmod.o)
                0x00000000080152c4                __ieee754_fmod
 .text.__ieee754_pow
                0x0000000008015522      0x6bc c:/users/86156/desktop/lab/uwb/nucleistudio/toolchain/gcc/bin/../lib/gcc/riscv-nuclei-elf/10.2.0/../../../../riscv-nuclei-elf/lib/rv32imafdcb/ilp32d\libm_nano.a(lib_a-e_pow.o)
                0x0000000008015522                __ieee754_pow
 .text.__ieee754_sqrt
                0x0000000008015bde        0x6 c:/users/86156/desktop/lab/uwb/nucleistudio/toolchain/gcc/bin/../lib/gcc/riscv-nuclei-elf/10.2.0/../../../../riscv-nuclei-elf/lib/rv32imafdcb/ilp32d\libm_nano.a(lib_a-e_sqrt.o)
                0x0000000008015bde                __ieee754_sqrt
 .text.with_errno
                0x0000000008015be4       0x2a c:/users/86156/desktop/lab/uwb/nucleistudio/toolchain/gcc/bin/../lib/gcc/riscv-nuclei-elf/10.2.0/../../../../riscv-nuclei-elf/lib/rv32imafdcb/ilp32d\libm_nano.a(lib_a-math_err.o)
 .text.xflow    0x0000000008015c0e       0x2a c:/users/86156/desktop/lab/uwb/nucleistudio/toolchain/gcc/bin/../lib/gcc/riscv-nuclei-elf/10.2.0/../../../../riscv-nuclei-elf/lib/rv32imafdcb/ilp32d\libm_nano.a(lib_a-math_err.o)
 .text.__math_uflow
                0x0000000008015c38        0xc c:/users/86156/desktop/lab/uwb/nucleistudio/toolchain/gcc/bin/../lib/gcc/riscv-nuclei-elf/10.2.0/../../../../riscv-nuclei-elf/lib/rv32imafdcb/ilp32d\libm_nano.a(lib_a-math_err.o)
                0x0000000008015c38                __math_uflow
 .text.__math_oflow
                0x0000000008015c44        0xc c:/users/86156/desktop/lab/uwb/nucleistudio/toolchain/gcc/bin/../lib/gcc/riscv-nuclei-elf/10.2.0/../../../../riscv-nuclei-elf/lib/rv32imafdcb/ilp32d\libm_nano.a(lib_a-math_err.o)
                0x0000000008015c44                __math_oflow
 .text.atan     0x0000000008015c50      0x1fa c:/users/86156/desktop/lab/uwb/nucleistudio/toolchain/gcc/bin/../lib/gcc/riscv-nuclei-elf/10.2.0/../../../../riscv-nuclei-elf/lib/rv32imafdcb/ilp32d\libm_nano.a(lib_a-s_atan.o)
                0x0000000008015c50                atan
 .text.fabs     0x0000000008015e4a        0x6 c:/users/86156/desktop/lab/uwb/nucleistudio/toolchain/gcc/bin/../lib/gcc/riscv-nuclei-elf/10.2.0/../../../../riscv-nuclei-elf/lib/rv32imafdcb/ilp32d\libm_nano.a(lib_a-s_fabs.o)
                0x0000000008015e4a                fabs
 .text.finite   0x0000000008015e50        0xe c:/users/86156/desktop/lab/uwb/nucleistudio/toolchain/gcc/bin/../lib/gcc/riscv-nuclei-elf/10.2.0/../../../../riscv-nuclei-elf/lib/rv32imafdcb/ilp32d\libm_nano.a(lib_a-s_finite.o)
                0x0000000008015e50                finite
 .text.scalbn   0x0000000008015e5e       0xe8 c:/users/86156/desktop/lab/uwb/nucleistudio/toolchain/gcc/bin/../lib/gcc/riscv-nuclei-elf/10.2.0/../../../../riscv-nuclei-elf/lib/rv32imafdcb/ilp32d\libm_nano.a(lib_a-s_scalbn.o)
                0x0000000008015e5e                scalbn
 .text.__fixdfdi
                0x0000000008015f46       0x3c c:/users/86156/desktop/lab/uwb/nucleistudio/toolchain/gcc/bin/../lib/gcc/riscv-nuclei-elf/10.2.0/rv32imafdcb/ilp32d\libgcc.a(_fixdfdi.o)
                0x0000000008015f46                __fixdfdi
 .text.__fixunsdfdi
                0x0000000008015f82       0x36 c:/users/86156/desktop/lab/uwb/nucleistudio/toolchain/gcc/bin/../lib/gcc/riscv-nuclei-elf/10.2.0/rv32imafdcb/ilp32d\libgcc.a(_fixunsdfdi.o)
                0x0000000008015f82                __fixunsdfdi
 .text.__floatdidf
                0x0000000008015fb8       0x16 c:/users/86156/desktop/lab/uwb/nucleistudio/toolchain/gcc/bin/../lib/gcc/riscv-nuclei-elf/10.2.0/rv32imafdcb/ilp32d\libgcc.a(_floatdidf.o)
                0x0000000008015fb8                __floatdidf
 .text.__floatundidf
                0x0000000008015fce       0x16 c:/users/86156/desktop/lab/uwb/nucleistudio/toolchain/gcc/bin/../lib/gcc/riscv-nuclei-elf/10.2.0/rv32imafdcb/ilp32d\libgcc.a(_floatundidf.o)
                0x0000000008015fce                __floatundidf
 .text.__udivdi3
                0x0000000008015fe4      0x352 c:/users/86156/desktop/lab/uwb/nucleistudio/toolchain/gcc/bin/../lib/gcc/riscv-nuclei-elf/10.2.0/rv32imafdcb/ilp32d\libgcc.a(_udivdi3.o)
                0x0000000008015fe4                __udivdi3
 .text.atexit   0x0000000008016336        0xa c:/users/86156/desktop/lab/uwb/nucleistudio/toolchain/gcc/bin/../lib/gcc/riscv-nuclei-elf/10.2.0/../../../../riscv-nuclei-elf/lib/rv32imafdcb/ilp32d\libg_nano.a(lib_a-atexit.o)
                0x0000000008016336                atexit
 .text.__errno  0x0000000008016340        0x6 c:/users/86156/desktop/lab/uwb/nucleistudio/toolchain/gcc/bin/../lib/gcc/riscv-nuclei-elf/10.2.0/../../../../riscv-nuclei-elf/lib/rv32imafdcb/ilp32d\libg_nano.a(lib_a-errno.o)
                0x0000000008016340                __errno
 .text.__libc_fini_array
                0x0000000008016346       0x34 c:/users/86156/desktop/lab/uwb/nucleistudio/toolchain/gcc/bin/../lib/gcc/riscv-nuclei-elf/10.2.0/../../../../riscv-nuclei-elf/lib/rv32imafdcb/ilp32d\libg_nano.a(lib_a-fini.o)
                0x0000000008016346                __libc_fini_array
 .text.__libc_init_array
                0x000000000801637a       0x5e c:/users/86156/desktop/lab/uwb/nucleistudio/toolchain/gcc/bin/../lib/gcc/riscv-nuclei-elf/10.2.0/../../../../riscv-nuclei-elf/lib/rv32imafdcb/ilp32d\libg_nano.a(lib_a-init.o)
                0x000000000801637a                __libc_init_array
 .text.malloc   0x00000000080163d8        0x8 c:/users/86156/desktop/lab/uwb/nucleistudio/toolchain/gcc/bin/../lib/gcc/riscv-nuclei-elf/10.2.0/../../../../riscv-nuclei-elf/lib/rv32imafdcb/ilp32d\libg_nano.a(lib_a-malloc.o)
                0x00000000080163d8                malloc
 .text.free     0x00000000080163e0        0x8 c:/users/86156/desktop/lab/uwb/nucleistudio/toolchain/gcc/bin/../lib/gcc/riscv-nuclei-elf/10.2.0/../../../../riscv-nuclei-elf/lib/rv32imafdcb/ilp32d\libg_nano.a(lib_a-malloc.o)
                0x00000000080163e0                free
 .text.memcpy   0x00000000080163e8       0xdc c:/users/86156/desktop/lab/uwb/nucleistudio/toolchain/gcc/bin/../lib/gcc/riscv-nuclei-elf/10.2.0/../../../../riscv-nuclei-elf/lib/rv32imafdcb/ilp32d\libg_nano.a(lib_a-memcpy.o)
                0x00000000080163e8                memcpy
 .text          0x00000000080164c4       0xa8 c:/users/86156/desktop/lab/uwb/nucleistudio/toolchain/gcc/bin/../lib/gcc/riscv-nuclei-elf/10.2.0/../../../../riscv-nuclei-elf/lib/rv32imafdcb/ilp32d\libg_nano.a(lib_a-memset.o)
                0x00000000080164c4                memset
 .text._free_r  0x000000000801656c       0xa6 c:/users/86156/desktop/lab/uwb/nucleistudio/toolchain/gcc/bin/../lib/gcc/riscv-nuclei-elf/10.2.0/../../../../riscv-nuclei-elf/lib/rv32imafdcb/ilp32d\libg_nano.a(lib_a-nano-freer.o)
                0x000000000801656c                _free_r
 .text._malloc_r
                0x0000000008016612       0xda c:/users/86156/desktop/lab/uwb/nucleistudio/toolchain/gcc/bin/../lib/gcc/riscv-nuclei-elf/10.2.0/../../../../riscv-nuclei-elf/lib/rv32imafdcb/ilp32d\libg_nano.a(lib_a-nano-mallocr.o)
                0x0000000008016612                _malloc_r
 .text.printf   0x00000000080166ec       0x3a c:/users/86156/desktop/lab/uwb/nucleistudio/toolchain/gcc/bin/../lib/gcc/riscv-nuclei-elf/10.2.0/../../../../riscv-nuclei-elf/lib/rv32imafdcb/ilp32d\libg_nano.a(lib_a-printf.o)
                0x00000000080166ec                iprintf
                0x00000000080166ec                printf
 .text._puts_r  0x0000000008016726       0xda c:/users/86156/desktop/lab/uwb/nucleistudio/toolchain/gcc/bin/../lib/gcc/riscv-nuclei-elf/10.2.0/../../../../riscv-nuclei-elf/lib/rv32imafdcb/ilp32d\libg_nano.a(lib_a-puts.o)
                0x0000000008016726                _puts_r
 .text.puts     0x0000000008016800        0xa c:/users/86156/desktop/lab/uwb/nucleistudio/toolchain/gcc/bin/../lib/gcc/riscv-nuclei-elf/10.2.0/../../../../riscv-nuclei-elf/lib/rv32imafdcb/ilp32d\libg_nano.a(lib_a-puts.o)
                0x0000000008016800                puts
 .text._sbrk_r  0x000000000801680a       0x30 c:/users/86156/desktop/lab/uwb/nucleistudio/toolchain/gcc/bin/../lib/gcc/riscv-nuclei-elf/10.2.0/../../../../riscv-nuclei-elf/lib/rv32imafdcb/ilp32d\libg_nano.a(lib_a-sbrkr.o)
                0x000000000801680a                _sbrk_r
 .text.sprintf  0x000000000801683a       0x44 c:/users/86156/desktop/lab/uwb/nucleistudio/toolchain/gcc/bin/../lib/gcc/riscv-nuclei-elf/10.2.0/../../../../riscv-nuclei-elf/lib/rv32imafdcb/ilp32d\libg_nano.a(lib_a-sprintf.o)
                0x000000000801683a                siprintf
                0x000000000801683a                sprintf
 .text.isatty   0x000000000801687e        0x4 c:/users/86156/desktop/lab/uwb/nucleistudio/toolchain/gcc/bin/../lib/gcc/riscv-nuclei-elf/10.2.0/../../../../riscv-nuclei-elf/lib/rv32imafdcb/ilp32d\libg_nano.a(lib_a-sysisatty.o)
                0x000000000801687e                isatty
 .text.__swbuf_r
                0x0000000008016882       0xc0 c:/users/86156/desktop/lab/uwb/nucleistudio/toolchain/gcc/bin/../lib/gcc/riscv-nuclei-elf/10.2.0/../../../../riscv-nuclei-elf/lib/rv32imafdcb/ilp32d\libg_nano.a(lib_a-wbuf.o)
                0x0000000008016882                __swbuf_r
 .text.__swsetup_r
                0x0000000008016942      0x104 c:/users/86156/desktop/lab/uwb/nucleistudio/toolchain/gcc/bin/../lib/gcc/riscv-nuclei-elf/10.2.0/../../../../riscv-nuclei-elf/lib/rv32imafdcb/ilp32d\libg_nano.a(lib_a-wsetup.o)
                0x0000000008016942                __swsetup_r
 .text.__register_exitproc
                0x0000000008016a46       0x78 c:/users/86156/desktop/lab/uwb/nucleistudio/toolchain/gcc/bin/../lib/gcc/riscv-nuclei-elf/10.2.0/../../../../riscv-nuclei-elf/lib/rv32imafdcb/ilp32d\libg_nano.a(lib_a-__atexit.o)
                0x0000000008016a46                __register_exitproc
 .text.__sflush_r
                0x0000000008016abe      0x13c c:/users/86156/desktop/lab/uwb/nucleistudio/toolchain/gcc/bin/../lib/gcc/riscv-nuclei-elf/10.2.0/../../../../riscv-nuclei-elf/lib/rv32imafdcb/ilp32d\libg_nano.a(lib_a-fflush.o)
                0x0000000008016abe                __sflush_r
 .text._fflush_r
                0x0000000008016bfa       0x66 c:/users/86156/desktop/lab/uwb/nucleistudio/toolchain/gcc/bin/../lib/gcc/riscv-nuclei-elf/10.2.0/../../../../riscv-nuclei-elf/lib/rv32imafdcb/ilp32d\libg_nano.a(lib_a-fflush.o)
                0x0000000008016bfa                _fflush_r
 .text.std      0x0000000008016c60       0x6a c:/users/86156/desktop/lab/uwb/nucleistudio/toolchain/gcc/bin/../lib/gcc/riscv-nuclei-elf/10.2.0/../../../../riscv-nuclei-elf/lib/rv32imafdcb/ilp32d\libg_nano.a(lib_a-findfp.o)
 .text._cleanup_r
                0x0000000008016cca        0xa c:/users/86156/desktop/lab/uwb/nucleistudio/toolchain/gcc/bin/../lib/gcc/riscv-nuclei-elf/10.2.0/../../../../riscv-nuclei-elf/lib/rv32imafdcb/ilp32d\libg_nano.a(lib_a-findfp.o)
                0x0000000008016cca                _cleanup_r
 .text.__sfmoreglue
                0x0000000008016cd4       0x48 c:/users/86156/desktop/lab/uwb/nucleistudio/toolchain/gcc/bin/../lib/gcc/riscv-nuclei-elf/10.2.0/../../../../riscv-nuclei-elf/lib/rv32imafdcb/ilp32d\libg_nano.a(lib_a-findfp.o)
                0x0000000008016cd4                __sfmoreglue
 .text.__sinit  0x0000000008016d1c       0x6c c:/users/86156/desktop/lab/uwb/nucleistudio/toolchain/gcc/bin/../lib/gcc/riscv-nuclei-elf/10.2.0/../../../../riscv-nuclei-elf/lib/rv32imafdcb/ilp32d\libg_nano.a(lib_a-findfp.o)
                0x0000000008016d1c                __sinit
 .text.__sfp    0x0000000008016d88       0x9e c:/users/86156/desktop/lab/uwb/nucleistudio/toolchain/gcc/bin/../lib/gcc/riscv-nuclei-elf/10.2.0/../../../../riscv-nuclei-elf/lib/rv32imafdcb/ilp32d\libg_nano.a(lib_a-findfp.o)
                0x0000000008016d88                __sfp
 .text._fwalk_reent
                0x0000000008016e26       0x6a c:/users/86156/desktop/lab/uwb/nucleistudio/toolchain/gcc/bin/../lib/gcc/riscv-nuclei-elf/10.2.0/../../../../riscv-nuclei-elf/lib/rv32imafdcb/ilp32d\libg_nano.a(lib_a-fwalk.o)
                0x0000000008016e26                _fwalk_reent
 .text.__swhatbuf_r
                0x0000000008016e90       0x5c c:/users/86156/desktop/lab/uwb/nucleistudio/toolchain/gcc/bin/../lib/gcc/riscv-nuclei-elf/10.2.0/../../../../riscv-nuclei-elf/lib/rv32imafdcb/ilp32d\libg_nano.a(lib_a-makebuf.o)
                0x0000000008016e90                __swhatbuf_r
 .text.__smakebuf_r
                0x0000000008016eec       0xa4 c:/users/86156/desktop/lab/uwb/nucleistudio/toolchain/gcc/bin/../lib/gcc/riscv-nuclei-elf/10.2.0/../../../../riscv-nuclei-elf/lib/rv32imafdcb/ilp32d\libg_nano.a(lib_a-makebuf.o)
                0x0000000008016eec                __smakebuf_r
 .text.__malloc_lock
                0x0000000008016f90        0x2 c:/users/86156/desktop/lab/uwb/nucleistudio/toolchain/gcc/bin/../lib/gcc/riscv-nuclei-elf/10.2.0/../../../../riscv-nuclei-elf/lib/rv32imafdcb/ilp32d\libg_nano.a(lib_a-mlock.o)
                0x0000000008016f90                __malloc_lock
 .text.__malloc_unlock
                0x0000000008016f92        0x2 c:/users/86156/desktop/lab/uwb/nucleistudio/toolchain/gcc/bin/../lib/gcc/riscv-nuclei-elf/10.2.0/../../../../riscv-nuclei-elf/lib/rv32imafdcb/ilp32d\libg_nano.a(lib_a-mlock.o)
                0x0000000008016f92                __malloc_unlock
 .text.__ssputs_r
                0x0000000008016f94       0xe6 c:/users/86156/desktop/lab/uwb/nucleistudio/toolchain/gcc/bin/../lib/gcc/riscv-nuclei-elf/10.2.0/../../../../riscv-nuclei-elf/lib/rv32imafdcb/ilp32d\libg_nano.a(lib_a-nano-svfprintf.o)
                0x0000000008016f94                __ssputs_r
 .text._svfprintf_r
                0x000000000801707a      0x272 c:/users/86156/desktop/lab/uwb/nucleistudio/toolchain/gcc/bin/../lib/gcc/riscv-nuclei-elf/10.2.0/../../../../riscv-nuclei-elf/lib/rv32imafdcb/ilp32d\libg_nano.a(lib_a-nano-svfprintf.o)
                0x000000000801707a                _svfiprintf_r
                0x000000000801707a                _svfprintf_r
 .text.__sfputc_r
                0x00000000080172ec       0x2a c:/users/86156/desktop/lab/uwb/nucleistudio/toolchain/gcc/bin/../lib/gcc/riscv-nuclei-elf/10.2.0/../../../../riscv-nuclei-elf/lib/rv32imafdcb/ilp32d\libg_nano.a(lib_a-nano-vfprintf.o)
 .text.__sfputs_r
                0x0000000008017316       0x44 c:/users/86156/desktop/lab/uwb/nucleistudio/toolchain/gcc/bin/../lib/gcc/riscv-nuclei-elf/10.2.0/../../../../riscv-nuclei-elf/lib/rv32imafdcb/ilp32d\libg_nano.a(lib_a-nano-vfprintf.o)
                0x0000000008017316                __sfputs_r
 .text._vfprintf_r
                0x000000000801735a      0x290 c:/users/86156/desktop/lab/uwb/nucleistudio/toolchain/gcc/bin/../lib/gcc/riscv-nuclei-elf/10.2.0/../../../../riscv-nuclei-elf/lib/rv32imafdcb/ilp32d\libg_nano.a(lib_a-nano-vfprintf.o)
                0x000000000801735a                _vfprintf_r
                0x000000000801735a                _vfiprintf_r
 .text._printf_common
                0x00000000080175ea      0x10a c:/users/86156/desktop/lab/uwb/nucleistudio/toolchain/gcc/bin/../lib/gcc/riscv-nuclei-elf/10.2.0/../../../../riscv-nuclei-elf/lib/rv32imafdcb/ilp32d\libg_nano.a(lib_a-nano-vfprintf_i.o)
                0x00000000080175ea                _printf_common
 .text._printf_i
                0x00000000080176f4      0x26c c:/users/86156/desktop/lab/uwb/nucleistudio/toolchain/gcc/bin/../lib/gcc/riscv-nuclei-elf/10.2.0/../../../../riscv-nuclei-elf/lib/rv32imafdcb/ilp32d\libg_nano.a(lib_a-nano-vfprintf_i.o)
                0x00000000080176f4                _printf_i
 .text.__sread  0x0000000008017960       0x2e c:/users/86156/desktop/lab/uwb/nucleistudio/toolchain/gcc/bin/../lib/gcc/riscv-nuclei-elf/10.2.0/../../../../riscv-nuclei-elf/lib/rv32imafdcb/ilp32d\libg_nano.a(lib_a-stdio.o)
                0x0000000008017960                __sread
 .text.__swrite
                0x000000000801798e       0x4c c:/users/86156/desktop/lab/uwb/nucleistudio/toolchain/gcc/bin/../lib/gcc/riscv-nuclei-elf/10.2.0/../../../../riscv-nuclei-elf/lib/rv32imafdcb/ilp32d\libg_nano.a(lib_a-stdio.o)
                0x000000000801798e                __swrite
 .text.__sseek  0x00000000080179da       0x34 c:/users/86156/desktop/lab/uwb/nucleistudio/toolchain/gcc/bin/../lib/gcc/riscv-nuclei-elf/10.2.0/../../../../riscv-nuclei-elf/lib/rv32imafdcb/ilp32d\libg_nano.a(lib_a-stdio.o)
                0x00000000080179da                __sseek
 .text.__sclose
                0x0000000008017a0e        0x6 c:/users/86156/desktop/lab/uwb/nucleistudio/toolchain/gcc/bin/../lib/gcc/riscv-nuclei-elf/10.2.0/../../../../riscv-nuclei-elf/lib/rv32imafdcb/ilp32d\libg_nano.a(lib_a-stdio.o)
                0x0000000008017a0e                __sclose
 .text._write_r
                0x0000000008017a14       0x34 c:/users/86156/desktop/lab/uwb/nucleistudio/toolchain/gcc/bin/../lib/gcc/riscv-nuclei-elf/10.2.0/../../../../riscv-nuclei-elf/lib/rv32imafdcb/ilp32d\libg_nano.a(lib_a-writer.o)
                0x0000000008017a14                _write_r
 .text._close_r
                0x0000000008017a48       0x30 c:/users/86156/desktop/lab/uwb/nucleistudio/toolchain/gcc/bin/../lib/gcc/riscv-nuclei-elf/10.2.0/../../../../riscv-nuclei-elf/lib/rv32imafdcb/ilp32d\libg_nano.a(lib_a-closer.o)
                0x0000000008017a48                _close_r
 .text._fstat_r
                0x0000000008017a78       0x32 c:/users/86156/desktop/lab/uwb/nucleistudio/toolchain/gcc/bin/../lib/gcc/riscv-nuclei-elf/10.2.0/../../../../riscv-nuclei-elf/lib/rv32imafdcb/ilp32d\libg_nano.a(lib_a-fstatr.o)
                0x0000000008017a78                _fstat_r
 .text._isatty_r
                0x0000000008017aaa       0x30 c:/users/86156/desktop/lab/uwb/nucleistudio/toolchain/gcc/bin/../lib/gcc/riscv-nuclei-elf/10.2.0/../../../../riscv-nuclei-elf/lib/rv32imafdcb/ilp32d\libg_nano.a(lib_a-isattyr.o)
                0x0000000008017aaa                _isatty_r
 .text._lseek_r
                0x0000000008017ada       0x34 c:/users/86156/desktop/lab/uwb/nucleistudio/toolchain/gcc/bin/../lib/gcc/riscv-nuclei-elf/10.2.0/../../../../riscv-nuclei-elf/lib/rv32imafdcb/ilp32d\libg_nano.a(lib_a-lseekr.o)
                0x0000000008017ada                _lseek_r
 .text.memchr   0x0000000008017b0e       0x1a c:/users/86156/desktop/lab/uwb/nucleistudio/toolchain/gcc/bin/../lib/gcc/riscv-nuclei-elf/10.2.0/../../../../riscv-nuclei-elf/lib/rv32imafdcb/ilp32d\libg_nano.a(lib_a-memchr.o)
                0x0000000008017b0e                memchr
 .text.memmove  0x0000000008017b28       0x4a c:/users/86156/desktop/lab/uwb/nucleistudio/toolchain/gcc/bin/../lib/gcc/riscv-nuclei-elf/10.2.0/../../../../riscv-nuclei-elf/lib/rv32imafdcb/ilp32d\libg_nano.a(lib_a-memmove-stub.o)
                0x0000000008017b28                memmove
 .text._realloc_r
                0x0000000008017b72       0x76 c:/users/86156/desktop/lab/uwb/nucleistudio/toolchain/gcc/bin/../lib/gcc/riscv-nuclei-elf/10.2.0/../../../../riscv-nuclei-elf/lib/rv32imafdcb/ilp32d\libg_nano.a(lib_a-nano-reallocr.o)
                0x0000000008017b72                _realloc_r
 .text._read_r  0x0000000008017be8       0x34 c:/users/86156/desktop/lab/uwb/nucleistudio/toolchain/gcc/bin/../lib/gcc/riscv-nuclei-elf/10.2.0/../../../../riscv-nuclei-elf/lib/rv32imafdcb/ilp32d\libg_nano.a(lib_a-readr.o)
                0x0000000008017be8                _read_r
 .text._malloc_usable_size_r
                0x0000000008017c1c       0x14 c:/users/86156/desktop/lab/uwb/nucleistudio/toolchain/gcc/bin/../lib/gcc/riscv-nuclei-elf/10.2.0/../../../../riscv-nuclei-elf/lib/rv32imafdcb/ilp32d\libg_nano.a(lib_a-nano-msizer.o)
                0x0000000008017c1c                _malloc_usable_size_r
 *(.gnu.linkonce.t.*)

.rela.dyn       0x0000000008017c30        0x0 load address 0x0000000020037df4
 .rela.text.irq
                0x0000000008017c30        0x0 ../../OS/FreeRTOS/Source/portable/GCC/portasm.S.o
 .rela.init     0x0000000008017c30        0x0 ../../OS/FreeRTOS/Source/portable/GCC/portasm.S.o
 .rela.sdata.curbrk.0
                0x0000000008017c30        0x0 ../../OS/FreeRTOS/Source/portable/GCC/portasm.S.o
 .rela.text._sbrk
                0x0000000008017c30        0x0 ../../OS/FreeRTOS/Source/portable/GCC/portasm.S.o
 .rela.text.__libc_fini_array
                0x0000000008017c30        0x0 ../../OS/FreeRTOS/Source/portable/GCC/portasm.S.o
 .rela.text.__libc_init_array
                0x0000000008017c30        0x0 ../../OS/FreeRTOS/Source/portable/GCC/portasm.S.o
 .rela.text.__register_exitproc
                0x0000000008017c30        0x0 ../../OS/FreeRTOS/Source/portable/GCC/portasm.S.o
 .rela.text._svfprintf_r
                0x0000000008017c30        0x0 ../../OS/FreeRTOS/Source/portable/GCC/portasm.S.o
 .rela.text._vfprintf_r
                0x0000000008017c30        0x0 ../../OS/FreeRTOS/Source/portable/GCC/portasm.S.o

.fini
 *(SORT_NONE(.fini))

.preinit_array  0x0000000008017c30        0x0 load address 0x0000000020037df4
                0x0000000008017c30                PROVIDE (__preinit_array_start = .)
 *(.preinit_array)
                0x0000000008017c30                PROVIDE (__preinit_array_end = .)

.init_array     0x0000000008017c30        0x0 load address 0x0000000020037df4
                0x0000000008017c30                PROVIDE (__init_array_start = .)
 *(SORT_BY_INIT_PRIORITY(.init_array.*) SORT_BY_INIT_PRIORITY(.ctors.*))
 *(.init_array EXCLUDE_FILE(*crtend?.o *crtend.o *crtbegin?.o *crtbegin.o) .ctors)
                0x0000000008017c30                PROVIDE (__init_array_end = .)

.fini_array     0x0000000008017c30        0x0 load address 0x0000000020037df4
                0x0000000008017c30                PROVIDE (__fini_array_start = .)
 *(SORT_BY_INIT_PRIORITY(.fini_array.*) SORT_BY_INIT_PRIORITY(.dtors.*))
 *(.fini_array EXCLUDE_FILE(*crtend?.o *crtend.o *crtbegin?.o *crtbegin.o) .dtors)
                0x0000000008017c30                PROVIDE (__fini_array_end = .)

.ctors
 *crtbegin.o(.ctors)
 *crtbegin?.o(.ctors)
 *(EXCLUDE_FILE(*crtend?.o *crtend.o) .ctors)
 *(SORT_BY_NAME(.ctors.*))
 *(.ctors)

.dtors
 *crtbegin.o(.dtors)
 *crtbegin?.o(.dtors)
 *(EXCLUDE_FILE(*crtend?.o *crtend.o) .dtors)
 *(SORT_BY_NAME(.dtors.*))
 *(.dtors)
                [!provide]                        PROVIDE (_ilm_lma = LOADADDR (.text))
                [!provide]                        PROVIDE (_ilm = ADDR (.text))
                [!provide]                        PROVIDE (_eilm = .)
                0x00000000200201c4                PROVIDE (_text_lma = LOADADDR (.text))
                0x0000000008000000                PROVIDE (_text = ADDR (.text))
                0x0000000008017c30                PROVIDE (_etext = .)
                [!provide]                        PROVIDE (__etext = .)
                [!provide]                        PROVIDE (etext = .)

.data           0x0000000008100000    0x195c0 load address 0x0000000020037df8
 *(.data.ctest*)
 *(.data .data.*)
 .data.uwb_config
                0x0000000008100000      0x630 ./main.c.o
                0x0000000008100000                uwb_config
 .data.SpiImuTxDma_Buff
                0x0000000008100630       0x34 ./main.c.o
                0x0000000008100630                SpiImuTxDma_Buff
 .data.code_tx_local
                0x0000000008100664     0x63e0 ./thmts_bb_firmware.c.o
                0x0000000008100664                code_tx_local
 .data.code_rx_local
                0x0000000008106a44     0xc940 ./thmts_bb_firmware.c.o
                0x0000000008106a44                code_rx_local
 .data.subfrm_descs
                0x0000000008113384        0xf ./thmts_bsp.c.o
                0x0000000008113384                subfrm_descs
 *fill*         0x0000000008113393        0x1 
 .data.thmts_phycfg
                0x0000000008113394       0x38 ./thmts_phy_param.c.o
                0x0000000008113394                thmts_phycfg
 .data.regconfig_dac
                0x00000000081133cc      0x130 ./thmts_rf_config.c.o
                0x00000000081133cc                regconfig_dac
 .data.regconfig_adc0
                0x00000000081134fc      0x290 ./thmts_rf_config.c.o
                0x00000000081134fc                regconfig_adc0
 .data.regconfig_adc1
                0x000000000811378c      0x290 ./thmts_rf_config.c.o
                0x000000000811378c                regconfig_adc1
 .data.regconfig_adc2
                0x0000000008113a1c      0x290 ./thmts_rf_config.c.o
                0x0000000008113a1c                regconfig_adc2
 .data.regconfig_adc3
                0x0000000008113cac      0x290 ./thmts_rf_config.c.o
                0x0000000008113cac                regconfig_adc3
 .data.regconfig_tx
                0x0000000008113f3c       0x20 ./thmts_rf_config.c.o
                0x0000000008113f3c                regconfig_tx
 .data.regconfig_rx0
                0x0000000008113f5c      0xf70 ./thmts_rf_config.c.o
                0x0000000008113f5c                regconfig_rx0
 .data.regconfig_rx1
                0x0000000008114ecc      0xf70 ./thmts_rf_config.c.o
                0x0000000008114ecc                regconfig_rx1
 .data.regconfig_rx2
                0x0000000008115e3c      0xf70 ./thmts_rf_config.c.o
                0x0000000008115e3c                regconfig_rx2
 .data.regconfig_rx3
                0x0000000008116dac      0xf70 ./thmts_rf_config.c.o
                0x0000000008116dac                regconfig_rx3
 .data.regconfig_dagc_enable
                0x0000000008117d1c       0x10 ./thmts_rf_config.c.o
                0x0000000008117d1c                regconfig_dagc_enable
 .data.regconfig_dagc_disable
                0x0000000008117d2c       0x10 ./thmts_rf_config.c.o
                0x0000000008117d2c                regconfig_dagc_disable
 .data.regconfig_trsw_enable
                0x0000000008117d3c       0x10 ./thmts_rf_config.c.o
                0x0000000008117d3c                regconfig_trsw_enable
 .data.regconfig_trsw_disable
                0x0000000008117d4c       0x10 ./thmts_rf_config.c.o
                0x0000000008117d4c                regconfig_trsw_disable
 .data.regconfig_clk_enable
                0x0000000008117d5c       0x10 ./thmts_rf_config.c.o
                0x0000000008117d5c                regconfig_clk_enable
 .data.regconfig_clk_disable
                0x0000000008117d6c       0x10 ./thmts_rf_config.c.o
                0x0000000008117d6c                regconfig_clk_disable
 .data.regconfig_clk_div_enable
                0x0000000008117d7c       0x10 ./thmts_rf_config.c.o
                0x0000000008117d7c                regconfig_clk_div_enable
 .data.regconfig_clk_div_disable
                0x0000000008117d8c       0x10 ./thmts_rf_config.c.o
                0x0000000008117d8c                regconfig_clk_div_disable
 .data.regconfig_da2lpf
                0x0000000008117d9c       0x10 ./thmts_rf_config.c.o
                0x0000000008117d9c                regconfig_da2lpf
 .data.regconfig_lpf2ad
                0x0000000008117dac       0x10 ./thmts_rf_config.c.o
                0x0000000008117dac                regconfig_lpf2ad
 .data.impure_data
                0x0000000008117dbc       0x60 c:/users/86156/desktop/lab/uwb/nucleistudio/toolchain/gcc/bin/../lib/gcc/riscv-nuclei-elf/10.2.0/../../../../riscv-nuclei-elf/lib/rv32imafdcb/ilp32d\libg_nano.a(lib_a-impure.o)
 *(.gnu.linkonce.d.*)
                0x0000000008117e20                . = ALIGN (0x8)
 *fill*         0x0000000008117e1c        0x4 
                0x0000000008118620                PROVIDE (__global_pointer$ = (. + 0x800))
 *(.sdata .sdata.* .sdata*)
 .sdata.uxCriticalNesting
                0x0000000008117e20        0x4 ../../OS/FreeRTOS/Source/portable/GCC/port.c.o
 .sdata.uxMaxSysCallMTH
                0x0000000008117e24        0x1 ../../OS/FreeRTOS/Source/portable/GCC/port.c.o
                0x0000000008117e24                uxMaxSysCallMTH
 *fill*         0x0000000008117e25        0x3 
 .sdata.curbrk.0
                0x0000000008117e28        0x4 ../../SoC/ns_core0/Common/Source/Stubs/newlib/sbrk.c.o
 .sdata.SystemCoreClock
                0x0000000008117e2c        0x4 ../../SoC/ns_core0/Common/Source/system_ns.c.o
                0x0000000008117e2c                SystemCoreClock
 .sdata.First_start_pps
                0x0000000008117e30        0x1 ./PPS_SYNC.c.o
                0x0000000008117e30                First_start_pps
 *fill*         0x0000000008117e31        0x3 
 .sdata.pps_timer_cnt
                0x0000000008117e34        0x4 ./PPS_SYNC.c.o
                0x0000000008117e34                pps_timer_cnt
 .sdata.p_UartTxDma_Buff
                0x0000000008117e38        0x4 ./main.c.o
                0x0000000008117e38                p_UartTxDma_Buff
 .sdata.p_UartRxDma_Buff
                0x0000000008117e3c        0x4 ./main.c.o
                0x0000000008117e3c                p_UartRxDma_Buff
 .sdata.p_SpiRxDma_Buff
                0x0000000008117e40        0x4 ./main.c.o
                0x0000000008117e40                p_SpiRxDma_Buff
 .sdata.tx_flen
                0x0000000008117e44        0x4 ./thmts_bb_config.c.o
                0x0000000008117e44                tx_flen
 .sdata.supfrm_desc
                0x0000000008117e48        0x8 ./thmts_bsp.c.o
                0x0000000008117e48                supfrm_desc
 .sdata._impure_ptr
                0x0000000008117e50        0x4 c:/users/86156/desktop/lab/uwb/nucleistudio/toolchain/gcc/bin/../lib/gcc/riscv-nuclei-elf/10.2.0/../../../../riscv-nuclei-elf/lib/rv32imafdcb/ilp32d\libg_nano.a(lib_a-impure.o)
                0x0000000008117e50                _impure_ptr
 *(.gnu.linkonce.s.*)
                0x0000000008117e58                . = ALIGN (0x8)
 *fill*         0x0000000008117e54        0x4 
 *(.srodata.cst16)
 *(.srodata.cst8)
 .srodata.cst8  0x0000000008117e58        0x8 c:/users/86156/desktop/lab/uwb/nucleistudio/toolchain/gcc/bin/../lib/gcc/riscv-nuclei-elf/10.2.0/../../../../riscv-nuclei-elf/lib/rv32imafdcb/ilp32d\libm_nano.a(lib_a-w_pow.o)
 .srodata.cst8  0x0000000008117e60       0x30 c:/users/86156/desktop/lab/uwb/nucleistudio/toolchain/gcc/bin/../lib/gcc/riscv-nuclei-elf/10.2.0/../../../../riscv-nuclei-elf/lib/rv32imafdcb/ilp32d\libm_nano.a(lib_a-e_atan2.o)
 .srodata.cst8  0x0000000008117e90       0xe0 c:/users/86156/desktop/lab/uwb/nucleistudio/toolchain/gcc/bin/../lib/gcc/riscv-nuclei-elf/10.2.0/../../../../riscv-nuclei-elf/lib/rv32imafdcb/ilp32d\libm_nano.a(lib_a-e_pow.o)
                                         0xe8 (size before relaxing)
 .srodata.cst8  0x0000000008117f70       0x20 c:/users/86156/desktop/lab/uwb/nucleistudio/toolchain/gcc/bin/../lib/gcc/riscv-nuclei-elf/10.2.0/../../../../riscv-nuclei-elf/lib/rv32imafdcb/ilp32d\libm_nano.a(lib_a-math_err.o)
                                         0x30 (size before relaxing)
 .srodata.cst8  0x0000000008117f90       0x68 c:/users/86156/desktop/lab/uwb/nucleistudio/toolchain/gcc/bin/../lib/gcc/riscv-nuclei-elf/10.2.0/../../../../riscv-nuclei-elf/lib/rv32imafdcb/ilp32d\libm_nano.a(lib_a-s_atan.o)
                                         0x90 (size before relaxing)
 .srodata.cst8  0x0000000008117ff8       0x18 c:/users/86156/desktop/lab/uwb/nucleistudio/toolchain/gcc/bin/../lib/gcc/riscv-nuclei-elf/10.2.0/../../../../riscv-nuclei-elf/lib/rv32imafdcb/ilp32d\libm_nano.a(lib_a-s_scalbn.o)
                                         0x20 (size before relaxing)
 .srodata.cst8  0x0000000008118010       0x10 c:/users/86156/desktop/lab/uwb/nucleistudio/toolchain/gcc/bin/../lib/gcc/riscv-nuclei-elf/10.2.0/rv32imafdcb/ilp32d\libgcc.a(_fixunsdfdi.o)
 .srodata.cst8  0x0000000008118020        0x8 c:/users/86156/desktop/lab/uwb/nucleistudio/toolchain/gcc/bin/../lib/gcc/riscv-nuclei-elf/10.2.0/rv32imafdcb/ilp32d\libgcc.a(_floatdidf.o)
 .srodata.cst8  0x0000000008118020        0x8 c:/users/86156/desktop/lab/uwb/nucleistudio/toolchain/gcc/bin/../lib/gcc/riscv-nuclei-elf/10.2.0/rv32imafdcb/ilp32d\libgcc.a(_floatundidf.o)
 *(.srodata.cst4)
 *(.srodata.cst2)
 *(.srodata .srodata.*)
 .srodata._global_impure_ptr
                0x0000000008118020        0x4 c:/users/86156/desktop/lab/uwb/nucleistudio/toolchain/gcc/bin/../lib/gcc/riscv-nuclei-elf/10.2.0/../../../../riscv-nuclei-elf/lib/rv32imafdcb/ilp32d\libg_nano.a(lib_a-impure.o)
                0x0000000008118020                _global_impure_ptr
 *(.rdata)
 *(.rodata .rodata.*)
 .rodata        0x0000000008118024        0x5 ../../OS/FreeRTOS/Source/tasks.c.o
 *fill*         0x0000000008118029        0x3 
 .rodata.xTaskGenericNotify
                0x000000000811802c       0x14 ../../OS/FreeRTOS/Source/tasks.c.o
 .rodata        0x0000000008118040        0xd ../../OS/FreeRTOS/Source/timers.c.o
 *fill*         0x000000000811804d        0x3 
 .rodata.prvProcessReceivedCommands
                0x0000000008118050       0x28 ../../OS/FreeRTOS/Source/timers.c.o
 .rodata        0x0000000008118078       0x20 ../../SoC/ns_core0/Common/Source/Drivers/ns_usart.c.o
 .rodata        0x0000000008118098      0x1c1 ../../SoC/ns_core0/Common/Source/system_ns.c.o
 *fill*         0x0000000008118259        0x7 
 .rodata        0x0000000008118260        0x8 ./PPS_SYNC.c.o
 .rodata        0x0000000008118268        0xf ./flash.c.o
 *fill*         0x0000000008118277        0x1 
 .rodata        0x0000000008118278      0x4f8 ./main.c.o
 .rodata.prepareTxMsg
                0x0000000008118770       0x60 ./main.c.o
 .rodata.process_received_message
                0x00000000081187d0       0x48 ./main.c.o
 .rodata        0x0000000008118818        0x8 ./thmts_bb_config.c.o
 .rodata        0x0000000008118820       0xbc ./thmts_bsp.c.o
 .rodata        0x00000000081188dc       0x1f ./thmts_ctrl_cmd_proc.c.o
 *fill*         0x00000000081188fb        0x5 
 .rodata        0x0000000008118900       0x70 ./thmts_pdoa.c.o
 .rodata        0x0000000008118970      0x2a4 ./thmts_phy_param.c.o
 .rodata.Set_Channel_Config_By_Case
                0x0000000008118c14       0x48 ./thmts_phy_param.c.o
 *fill*         0x0000000008118c5c        0x4 
 .rodata        0x0000000008118c60       0x28 ./thmts_ranging.c.o
 .rodata        0x0000000008118c88      0x190 ./thmts_rf_config.c.o
 .rodata.crc32_tab
                0x0000000008118e18      0x400 ./thmts_sensor.c.o
 .rodata        0x0000000008119218      0x100 ./thmts_sensor.c.o
 .rodata.CSWTCH.8
                0x0000000008119318       0x18 c:/users/86156/desktop/lab/uwb/nucleistudio/toolchain/gcc/bin/../lib/gcc/riscv-nuclei-elf/10.2.0/../../../../riscv-nuclei-elf/lib/rv32imafdcb/ilp32d\libm_nano.a(lib_a-e_atan2.o)
 .rodata.CSWTCH.9
                0x0000000008119330       0x18 c:/users/86156/desktop/lab/uwb/nucleistudio/toolchain/gcc/bin/../lib/gcc/riscv-nuclei-elf/10.2.0/../../../../riscv-nuclei-elf/lib/rv32imafdcb/ilp32d\libm_nano.a(lib_a-e_atan2.o)
 .rodata.Zero   0x0000000008119348       0x10 c:/users/86156/desktop/lab/uwb/nucleistudio/toolchain/gcc/bin/../lib/gcc/riscv-nuclei-elf/10.2.0/../../../../riscv-nuclei-elf/lib/rv32imafdcb/ilp32d\libm_nano.a(lib_a-e_fmod.o)
 .rodata.bp     0x0000000008119358       0x10 c:/users/86156/desktop/lab/uwb/nucleistudio/toolchain/gcc/bin/../lib/gcc/riscv-nuclei-elf/10.2.0/../../../../riscv-nuclei-elf/lib/rv32imafdcb/ilp32d\libm_nano.a(lib_a-e_pow.o)
 .rodata.dp_h   0x0000000008119368       0x10 c:/users/86156/desktop/lab/uwb/nucleistudio/toolchain/gcc/bin/../lib/gcc/riscv-nuclei-elf/10.2.0/../../../../riscv-nuclei-elf/lib/rv32imafdcb/ilp32d\libm_nano.a(lib_a-e_pow.o)