Archive member included to satisfy reference by file (symbol)

d:/nucleistudio/toolchain/gcc/bin/../lib/gcc/riscv-nuclei-elf/10.2.0/../../../../riscv-nuclei-elf/lib/rv32imafdcb/ilp32d\libm_nano.a(lib_a-w_atan2.o)
                              ./main.c.o (atan2)
d:/nucleistudio/toolchain/gcc/bin/../lib/gcc/riscv-nuclei-elf/10.2.0/../../../../riscv-nuclei-elf/lib/rv32imafdcb/ilp32d\libm_nano.a(lib_a-w_pow.o)
                              ./thmts_rf_config.c.o (pow)
d:/nucleistudio/toolchain/gcc/bin/../lib/gcc/riscv-nuclei-elf/10.2.0/../../../../riscv-nuclei-elf/lib/rv32imafdcb/ilp32d\libm_nano.a(lib_a-e_atan2.o)
                              d:/nucleistudio/toolchain/gcc/bin/../lib/gcc/riscv-nuclei-elf/10.2.0/../../../../riscv-nuclei-elf/lib/rv32imafdcb/ilp32d\libm_nano.a(lib_a-w_atan2.o) (__ieee754_atan2)
d:/nucleistudio/toolchain/gcc/bin/../lib/gcc/riscv-nuclei-elf/10.2.0/../../../../riscv-nuclei-elf/lib/rv32imafdcb/ilp32d\libm_nano.a(lib_a-e_pow.o)
                              d:/nucleistudio/toolchain/gcc/bin/../lib/gcc/riscv-nuclei-elf/10.2.0/../../../../riscv-nuclei-elf/lib/rv32imafdcb/ilp32d\libm_nano.a(lib_a-w_pow.o) (__ieee754_pow)
d:/nucleistudio/toolchain/gcc/bin/../lib/gcc/riscv-nuclei-elf/10.2.0/../../../../riscv-nuclei-elf/lib/rv32imafdcb/ilp32d\libm_nano.a(lib_a-e_sqrt.o)
                              d:/nucleistudio/toolchain/gcc/bin/../lib/gcc/riscv-nuclei-elf/10.2.0/../../../../riscv-nuclei-elf/lib/rv32imafdcb/ilp32d\libm_nano.a(lib_a-e_pow.o) (__ieee754_sqrt)
d:/nucleistudio/toolchain/gcc/bin/../lib/gcc/riscv-nuclei-elf/10.2.0/../../../../riscv-nuclei-elf/lib/rv32imafdcb/ilp32d\libm_nano.a(lib_a-math_err.o)
                              d:/nucleistudio/toolchain/gcc/bin/../lib/gcc/riscv-nuclei-elf/10.2.0/../../../../riscv-nuclei-elf/lib/rv32imafdcb/ilp32d\libm_nano.a(lib_a-e_pow.o) (__math_uflow)
d:/nucleistudio/toolchain/gcc/bin/../lib/gcc/riscv-nuclei-elf/10.2.0/../../../../riscv-nuclei-elf/lib/rv32imafdcb/ilp32d\libm_nano.a(lib_a-s_atan.o)
                              d:/nucleistudio/toolchain/gcc/bin/../lib/gcc/riscv-nuclei-elf/10.2.0/../../../../riscv-nuclei-elf/lib/rv32imafdcb/ilp32d\libm_nano.a(lib_a-e_atan2.o) (atan)
d:/nucleistudio/toolchain/gcc/bin/../lib/gcc/riscv-nuclei-elf/10.2.0/../../../../riscv-nuclei-elf/lib/rv32imafdcb/ilp32d\libm_nano.a(lib_a-s_fabs.o)
                              d:/nucleistudio/toolchain/gcc/bin/../lib/gcc/riscv-nuclei-elf/10.2.0/../../../../riscv-nuclei-elf/lib/rv32imafdcb/ilp32d\libm_nano.a(lib_a-e_atan2.o) (fabs)
d:/nucleistudio/toolchain/gcc/bin/../lib/gcc/riscv-nuclei-elf/10.2.0/../../../../riscv-nuclei-elf/lib/rv32imafdcb/ilp32d\libm_nano.a(lib_a-s_finite.o)
                              d:/nucleistudio/toolchain/gcc/bin/../lib/gcc/riscv-nuclei-elf/10.2.0/../../../../riscv-nuclei-elf/lib/rv32imafdcb/ilp32d\libm_nano.a(lib_a-w_pow.o) (finite)
d:/nucleistudio/toolchain/gcc/bin/../lib/gcc/riscv-nuclei-elf/10.2.0/../../../../riscv-nuclei-elf/lib/rv32imafdcb/ilp32d\libm_nano.a(lib_a-s_scalbn.o)
                              d:/nucleistudio/toolchain/gcc/bin/../lib/gcc/riscv-nuclei-elf/10.2.0/../../../../riscv-nuclei-elf/lib/rv32imafdcb/ilp32d\libm_nano.a(lib_a-e_pow.o) (scalbn)
d:/nucleistudio/toolchain/gcc/bin/../lib/gcc/riscv-nuclei-elf/10.2.0/rv32imafdcb/ilp32d\libgcc.a(_fixdfdi.o)
                              ./PPS_SYNC.c.o (__fixdfdi)
d:/nucleistudio/toolchain/gcc/bin/../lib/gcc/riscv-nuclei-elf/10.2.0/rv32imafdcb/ilp32d\libgcc.a(_fixunsdfdi.o)
                              ./main.c.o (__fixunsdfdi)
d:/nucleistudio/toolchain/gcc/bin/../lib/gcc/riscv-nuclei-elf/10.2.0/rv32imafdcb/ilp32d\libgcc.a(_floatdidf.o)
                              ./PPS_SYNC.c.o (__floatdidf)
d:/nucleistudio/toolchain/gcc/bin/../lib/gcc/riscv-nuclei-elf/10.2.0/rv32imafdcb/ilp32d\libgcc.a(_floatundidf.o)
                              ./PPS_SYNC.c.o (__floatundidf)
d:/nucleistudio/toolchain/gcc/bin/../lib/gcc/riscv-nuclei-elf/10.2.0/rv32imafdcb/ilp32d\libgcc.a(_udivdi3.o)
                              ../../SoC/ns_core0/Common/Source/Stubs/newlib/gettimeofday.c.o (__udivdi3)
d:/nucleistudio/toolchain/gcc/bin/../lib/gcc/riscv-nuclei-elf/10.2.0/rv32imafdcb/ilp32d\libgcc.a(_umoddi3.o)
                              ../../SoC/ns_core0/Common/Source/Stubs/newlib/gettimeofday.c.o (__umoddi3)
d:/nucleistudio/toolchain/gcc/bin/../lib/gcc/riscv-nuclei-elf/10.2.0/rv32imafdcb/ilp32d\libgcc.a(_clz.o)
                              d:/nucleistudio/toolchain/gcc/bin/../lib/gcc/riscv-nuclei-elf/10.2.0/rv32imafdcb/ilp32d\libgcc.a(_udivdi3.o) (__clz_tab)
d:/nucleistudio/toolchain/gcc/bin/../lib/gcc/riscv-nuclei-elf/10.2.0/../../../../riscv-nuclei-elf/lib/rv32imafdcb/ilp32d\libg_nano.a(lib_a-atexit.o)
                              ../../SoC/ns_core0/Common/Source/GCC/startup_ns_core0.S.o (atexit)
d:/nucleistudio/toolchain/gcc/bin/../lib/gcc/riscv-nuclei-elf/10.2.0/../../../../riscv-nuclei-elf/lib/rv32imafdcb/ilp32d\libg_nano.a(lib_a-errno.o)
[...]
Memory Configuration

Name             Origin             Length             Attributes
ilm              0x0000000008000000 0x0000000000040000 axr !w
ram              0x0000000008100000 0x0000000000040000 axw !r
*default*        0x0000000000000000 0xffffffffffffffff

Linker script and memory map

LOAD ../../OS/FreeRTOS/Source/portable/GCC/portasm.S.o
LOAD ../../SoC/ns_core0/Common/Source/GCC/intexc_ns_core0.S.o
LOAD ../../SoC/ns_core0/Common/Source/GCC/startup_ns_core0.S.o
LOAD ../../OS/FreeRTOS/Source/croutine.c.o
LOAD ../../OS/FreeRTOS/Source/event_groups.c.o
LOAD ../../OS/FreeRTOS/Source/list.c.o
LOAD ../../OS/FreeRTOS/Source/portable/GCC/port.c.o
LOAD ../../OS/FreeRTOS/Source/portable/MemMang/heap_4.c.o
LOAD ../../OS/FreeRTOS/Source/queue.c.o
LOAD ../../OS/FreeRTOS/Source/stream_buffer.c.o
LOAD ../../OS/FreeRTOS/Source/tasks.c.o
LOAD ../../OS/FreeRTOS/Source/timers.c.o
LOAD ../../SoC/ns_core0/Board/fpga_eval/Source/ns_eval.c.o
LOAD ../../SoC/ns_core0/Common/Source/Drivers/ns_advanced_timer.c.o
LOAD ../../SoC/ns_core0/Common/Source/Drivers/ns_basic_timer.c.o
LOAD ../../SoC/ns_core0/Common/Source/Drivers/ns_i2c.c.o
LOAD ../../SoC/ns_core0/Common/Source/Drivers/ns_idu.c.o
LOAD ../../SoC/ns_core0/Common/Source/Drivers/ns_iomux.c.o
LOAD ../../SoC/ns_core0/Common/Source/Drivers/ns_iwdg.c.o
LOAD ../../SoC/ns_core0/Common/Source/Drivers/ns_lgpio.c.o
LOAD ../../SoC/ns_core0/Common/Source/Drivers/ns_misc.c.o
LOAD ../../SoC/ns_core0/Common/Source/Drivers/ns_pa2m_udma.c.o
LOAD ../../SoC/ns_core0/Common/Source/Drivers/ns_qspi.c.o
LOAD ../../SoC/ns_core0/Common/Source/Drivers/ns_qspi_sdcard.c.o
LOAD ../../SoC/ns_core0/Common/Source/Drivers/ns_qspi_xip.c.o
LOAD ../../SoC/ns_core0/Common/Source/Drivers/ns_rtc.c.o
LOAD ../../SoC/ns_core0/Common/Source/Drivers/ns_udma.c.o
LOAD ../../SoC/ns_core0/Common/Source/Drivers/ns_usart.c.o
LOAD ../../SoC/ns_core0/Common/Source/Drivers/ns_w25qxx.c.o
LOAD ../../SoC/ns_core0/Common/Source/Stubs/newlib/clock_getres.c.o
LOAD ../../SoC/ns_core0/Common/Source/Stubs/newlib/clock_gettime.c.o
LOAD ../../SoC/ns_core0/Common/Source/Stubs/newlib/clock_settime.c.o
LOAD ../../SoC/ns_core0/Common/Source/Stubs/newlib/close.c.o
LOAD ../../SoC/ns_core0/Common/Source/Stubs/newlib/execve.c.o
LOAD ../../SoC/ns_core0/Common/Source/Stubs/newlib/exit.c.o
LOAD ../../SoC/ns_core0/Common/Source/Stubs/newlib/fork.c.o
LOAD ../../SoC/ns_core0/Common/Source/Stubs/newlib/fstat.c.o
LOAD ../../SoC/ns_core0/Common/Source/Stubs/newlib/getpid.c.o
LOAD ../../SoC/ns_core0/Common/Source/Stubs/newlib/gettimeofday.c.o
LOAD ../../SoC/ns_core0/Common/Source/Stubs/newlib/isatty.c.o
LOAD ../../SoC/ns_core0/Common/Source/Stubs/newlib/kill.c.o
LOAD ../../SoC/ns_core0/Common/Source/Stubs/newlib/link.c.o
LOAD ../../SoC/ns_core0/Common/Source/Stubs/newlib/lseek.c.o
LOAD ../../SoC/ns_core0/Common/Source/Stubs/newlib/open.c.o
LOAD ../../SoC/ns_core0/Common/Source/Stubs/newlib/read.c.o
LOAD ../../SoC/ns_core0/Common/Source/Stubs/newlib/sbrk.c.o
LOAD ../../SoC/ns_core0/Common/Source/Stubs/newlib/times.c.o
LOAD ../../SoC/ns_core0/Common/Source/Stubs/newlib/write.c.o
LOAD ../../SoC/ns_core0/Common/Source/ns_common.c.o
LOAD ../../SoC/ns_core0/Common/Source/system_ns.c.o
LOAD ./PPS_SYNC.c.o
LOAD ./flash.c.o
LOAD ./main.c.o
LOAD ./ringbuffer.c.o
LOAD ./thmts_bb_config.c.o
LOAD ./thmts_bb_firmware.c.o
LOAD ./thmts_bsp.c.o
LOAD ./thmts_config.c.o
LOAD ./thmts_ctrl_cmd_proc.c.o
LOAD ./thmts_node_info.c.o
LOAD ./thmts_phy_param.c.o
LOAD ./thmts_ranging.c.o
LOAD ./thmts_rf_config.c.o
LOAD ./thmts_sensor.c.o
LOAD ./thmts_tx_msg.c.o
LOAD d:/nucleistudio/toolchain/gcc/bin/../lib/gcc/riscv-nuclei-elf/10.2.0/../../../../riscv-nuclei-elf/lib/rv32imafdcb/ilp32d\libm_nano.a
                0x0000000000000800                __STACK_SIZE = 0x800
                0x0000000000000800                __HEAP_SIZE = 0x800
START GROUP
LOAD d:/nucleistudio/toolchain/gcc/bin/../lib/gcc/riscv-nuclei-elf/10.2.0/../../../../riscv-nuclei-elf/lib/rv32imafdcb/ilp32d\libstdc++.a
END GROUP
LOAD d:/nucleistudio/toolchain/gcc/bin/../lib/gcc/riscv-nuclei-elf/10.2.0/rv32imafdcb/ilp32d\libgcc.a
LOAD d:/nucleistudio/toolchain/gcc/bin/../lib/gcc/riscv-nuclei-elf/10.2.0/../../../../riscv-nuclei-elf/lib/rv32imafdcb/ilp32d\libg_nano.a
LOAD d:/nucleistudio/toolchain/gcc/bin/../lib/gcc/riscv-nuclei-elf/10.2.0/../../../../riscv-nuclei-elf/lib/rv32imafdcb/ilp32d\libc_nano.a
LOAD d:/nucleistudio/toolchain/gcc/bin/../lib/gcc/riscv-nuclei-elf/10.2.0/rv32imafdcb/ilp32d\libgcc.a
START GROUP
LOAD d:/nucleistudio/toolchain/gcc/bin/../lib/gcc/riscv-nuclei-elf/10.2.0/rv32imafdcb/ilp32d\libgcc.a
LOAD d:/nucleistudio/toolchain/gcc/bin/../lib/gcc/riscv-nuclei-elf/10.2.0/../../../../riscv-nuclei-elf/lib/rv32imafdcb/ilp32d\libc_nano.a
LOAD d:/nucleistudio/toolchain/gcc/bin/../lib/gcc/riscv-nuclei-elf/10.2.0/../../../../riscv-nuclei-elf/lib/rv32imafdcb/ilp32d\libgloss_nano.a
END GROUP
                [!provide]                        PROVIDE (__STACK_SIZE = 0x800)
                [!provide]                        PROVIDE (__HEAP_SIZE = 0x800)
                0x0000000000000001                PROVIDE (__SMP_CPU_CNT = 0x1)
                0x0000000000000800                __TOT_STACK_SIZE = (__STACK_SIZE * __SMP_CPU_CNT)

.init           0x0000000008000000      0x244
 *(.vtable)
 .vtable        0x0000000008000000       0x88 ../../SoC/ns_core0/Common/Source/GCC/startup_ns_core0.S.o
                0x0000000008000000                vector_base
 *(.vtable_s)
 *(SORT_NONE(.init))
 *fill*         0x0000000008000088       0x38 
 .init          0x00000000080000c0      0x174 ../../SoC/ns_core0/Common/Source/GCC/startup_ns_core0.S.o
                0x00000000080000c0                _start
                0x00000000080001a6                _start_premain
                0x0000000008000200                early_exc_entry
 .init          0x0000000008000234        0xe ../../SoC/ns_core0/Common/Source/system_ns.c.o
                0x0000000008000234                __sync_harts
                0x0000000008000244                . = ALIGN (0x4)
 *fill*         0x0000000008000242        0x2 

.text           0x0000000008000280    0x17738
 *(.text.unlikely .text.unlikely.*)
 *(.text.startup .text.startup.*)
 *(.text .text.*)
 .text.trap     0x0000000008000280       0x7e ../../OS/FreeRTOS/Source/portable/GCC/portasm.S.o
                0x0000000008000280                exc_entry
 *fill*         0x00000000080002fe        0x2 
 .text.irq      0x0000000008000300      0x194 ../../OS/FreeRTOS/Source/portable/GCC/portasm.S.o
                0x0000000008000300                irq_entry
                0x000000000800037a                default_intexc_handler
                0x0000000008000380                prvPortStartFirstTask
                0x00000000080003e4                eclic_msip_handler
 .text.vListInitialise
                0x0000000008000494       0x50 ../../OS/FreeRTOS/Source/list.c.o
                0x0000000008000494                vListInitialise
 .text.vListInitialiseItem
                0x00000000080004e4       0x1a ../../OS/FreeRTOS/Source/list.c.o
                0x00000000080004e4                vListInitialiseItem
 .text.vListInsertEnd
                0x00000000080004fe       0x66 ../../OS/FreeRTOS/Source/list.c.o
                0x00000000080004fe                vListInsertEnd
 .text.vListInsert
                0x0000000008000564       0xca ../../OS/FreeRTOS/Source/list.c.o
                0x0000000008000564                vListInsert
 .text.uxListRemove
                0x000000000800062e       0x70 ../../OS/FreeRTOS/Source/list.c.o
                0x000000000800062e                uxListRemove
 .text.SysTick_Config
                0x000000000800069e      0x3c0 ../../OS/FreeRTOS/Source/portable/GCC/port.c.o
 .text.pxPortInitialiseStack
                0x0000000008000a5e       0x76 ../../OS/FreeRTOS/Source/portable/GCC/port.c.o
                0x0000000008000a5e                pxPortInitialiseStack
 .text.prvTaskExitError
                0x0000000008000ad4       0x80 ../../OS/FreeRTOS/Source/portable/GCC/port.c.o
 .text.prvCheckMaxSysCallPrio
                0x0000000008000b54       0x80 ../../OS/FreeRTOS/Source/portable/GCC/port.c.o
 .text.prvCalcMaxSysCallMTH
                0x0000000008000bd4       0xc6 ../../OS/FreeRTOS/Source/portable/GCC/port.c.o
 .text.xPortStartScheduler
                0x0000000008000c9a       0x58 ../../OS/FreeRTOS/Source/portable/GCC/port.c.o
                0x0000000008000c9a                xPortStartScheduler
 .text.vPortEnterCritical
                0x0000000008000cf2       0x8a ../../OS/FreeRTOS/Source/portable/GCC/port.c.o
                0x0000000008000cf2                vPortEnterCritical
 .text.vPortExitCritical
                0x0000000008000d7c       0x78 ../../OS/FreeRTOS/Source/portable/GCC/port.c.o
                0x0000000008000d7c                vPortExitCritical
 .text.xPortTaskSwitch
                0x0000000008000df4       0xcc ../../OS/FreeRTOS/Source/portable/GCC/port.c.o
                0x0000000008000df4                xPortTaskSwitch
 .text.eclic_mtip_handler
                0x0000000008000ec0      0x4d0 ../../OS/FreeRTOS/Source/portable/GCC/port.c.o
                0x0000000008000ec0                eclic_mtip_handler
 .text.vPortSetupTimerInterrupt
                0x0000000008001390      0x3cc ../../OS/FreeRTOS/Source/portable/GCC/port.c.o
                0x0000000008001390                vPortSetupTimerInterrupt
 .text.vPortValidateInterruptPriority
                0x000000000800175c      0x132 ../../OS/FreeRTOS/Source/portable/GCC/port.c.o
                0x000000000800175c                vPortValidateInterruptPriority
 .text.pvPortMalloc
                0x000000000800188e      0x22a ../../OS/FreeRTOS/Source/portable/MemMang/heap_4.c.o
                0x000000000800188e                pvPortMalloc
 .text.vPortFree
                0x0000000008001ab8      0x108 ../../OS/FreeRTOS/Source/portable/MemMang/heap_4.c.o
                0x0000000008001ab8                vPortFree
 .text.prvHeapInit
                0x0000000008001bc0      0x112 ../../OS/FreeRTOS/Source/portable/MemMang/heap_4.c.o
 .text.prvInsertBlockIntoFreeList
                0x0000000008001cd2       0xf8 ../../OS/FreeRTOS/Source/portable/MemMang/heap_4.c.o
 .text.xQueueGenericReset
                0x0000000008001dca      0x172 ../../OS/FreeRTOS/Source/queue.c.o
                0x0000000008001dca                xQueueGenericReset
 .text.xQueueGenericCreate
                0x0000000008001f3c       0x9e ../../OS/FreeRTOS/Source/queue.c.o
                0x0000000008001f3c                xQueueGenericCreate
 .text.prvInitialiseNewQueue
                0x0000000008001fda       0x60 ../../OS/FreeRTOS/Source/queue.c.o
 .text.prvInitialiseMutex
                0x000000000800203a       0x42 ../../OS/FreeRTOS/Source/queue.c.o
 .text.xQueueCreateMutex
                0x000000000800207c       0x40 ../../OS/FreeRTOS/Source/queue.c.o
                0x000000000800207c                xQueueCreateMutex
 .text.xQueueGenericSend
                0x00000000080020bc      0x3be ../../OS/FreeRTOS/Source/queue.c.o
                0x00000000080020bc                xQueueGenericSend
 .text.xQueueGenericSendFromISR
                0x000000000800247a      0x1ca ../../OS/FreeRTOS/Source/queue.c.o
                0x000000000800247a                xQueueGenericSendFromISR
 .text.xQueueReceive
                0x0000000008002644      0x2f2 ../../OS/FreeRTOS/Source/queue.c.o
                0x0000000008002644                xQueueReceive
 .text.xQueueSemaphoreTake
                0x0000000008002936      0x35e ../../OS/FreeRTOS/Source/queue.c.o
                0x0000000008002936                xQueueSemaphoreTake
 .text.prvGetDisinheritPriorityAfterTimeout
                0x0000000008002c94       0x36 ../../OS/FreeRTOS/Source/queue.c.o
 .text.prvCopyDataToQueue
                0x0000000008002cca      0x12a ../../OS/FreeRTOS/Source/queue.c.o
 .text.prvCopyDataFromQueue
                0x0000000008002df4       0x6a ../../OS/FreeRTOS/Source/queue.c.o
 .text.prvUnlockQueue
                0x0000000008002e5e       0xcc ../../OS/FreeRTOS/Source/queue.c.o
 .text.prvIsQueueEmpty
                0x0000000008002f2a       0x36 ../../OS/FreeRTOS/Source/queue.c.o
 .text.prvIsQueueFull
                0x0000000008002f60       0x3e ../../OS/FreeRTOS/Source/queue.c.o
 .text.vQueueAddToRegistry
                0x0000000008002f9e       0x74 ../../OS/FreeRTOS/Source/queue.c.o
                0x0000000008002f9e                vQueueAddToRegistry
 .text.vQueueWaitForMessageRestricted
                0x0000000008003012       0x8e ../../OS/FreeRTOS/Source/queue.c.o
                0x0000000008003012                vQueueWaitForMessageRestricted
 .text.xTaskCreate
                0x00000000080030a0       0xac ../../OS/FreeRTOS/Source/tasks.c.o
                0x00000000080030a0                xTaskCreate
 .text.prvInitialiseNewTask
                0x000000000800314c      0x1ec ../../OS/FreeRTOS/Source/tasks.c.o
 .text.prvAddNewTaskToReadyList
                0x0000000008003338      0x178 ../../OS/FreeRTOS/Source/tasks.c.o
 .text.vTaskDelay
                0x00000000080034b0       0xee ../../OS/FreeRTOS/Source/tasks.c.o
                0x00000000080034b0                vTaskDelay
 .text.vTaskStartScheduler
                0x000000000800359e       0xcc ../../OS/FreeRTOS/Source/tasks.c.o
                0x000000000800359e                vTaskStartScheduler
 .text.vTaskSuspendAll
                0x000000000800366a       0x22 ../../OS/FreeRTOS/Source/tasks.c.o
                0x000000000800366a                vTaskSuspendAll
 .text.xTaskResumeAll
                0x000000000800368c      0x222 ../../OS/FreeRTOS/Source/tasks.c.o
                0x000000000800368c                xTaskResumeAll
 .text.xTaskGetTickCount
                0x00000000080038ae       0x38 ../../OS/FreeRTOS/Source/tasks.c.o
                0x00000000080038ae                xTaskGetTickCount
 .text.xTaskIncrementTick
                0x00000000080038e6      0x272 ../../OS/FreeRTOS/Source/tasks.c.o
                0x00000000080038e6                xTaskIncrementTick
 .text.vTaskSwitchContext
                0x0000000008003b58      0x11c ../../OS/FreeRTOS/Source/tasks.c.o
                0x0000000008003b58                vTaskSwitchContext
 .text.vTaskPlaceOnEventList
                0x0000000008003c74       0x6a ../../OS/FreeRTOS/Source/tasks.c.o
                0x0000000008003c74                vTaskPlaceOnEventList
 .text.vTaskPlaceOnEventListRestricted
                0x0000000008003cde       0x82 ../../OS/FreeRTOS/Source/tasks.c.o
                0x0000000008003cde                vTaskPlaceOnEventListRestricted
 .text.xTaskRemoveFromEventList
                0x0000000008003d60       0xf8 ../../OS/FreeRTOS/Source/tasks.c.o
                0x0000000008003d60                xTaskRemoveFromEventList
 .text.vTaskInternalSetTimeOutState
                0x0000000008003e58       0x34 ../../OS/FreeRTOS/Source/tasks.c.o
                0x0000000008003e58                vTaskInternalSetTimeOutState
 .text.xTaskCheckForTimeOut
                0x0000000008003e8c      0x188 ../../OS/FreeRTOS/Source/tasks.c.o
                0x0000000008003e8c                xTaskCheckForTimeOut
 .text.vTaskMissedYield
                0x0000000008004014       0x18 ../../OS/FreeRTOS/Source/tasks.c.o
                0x0000000008004014                vTaskMissedYield
 .text.prvIdleTask
                0x000000000800402c       0x14 ../../OS/FreeRTOS/Source/tasks.c.o
 .text.prvInitialiseTaskLists
                0x0000000008004040       0xa2 ../../OS/FreeRTOS/Source/tasks.c.o
 .text.prvCheckTasksWaitingTermination
                0x00000000080040e2       0x72 ../../OS/FreeRTOS/Source/tasks.c.o
 .text.prvDeleteTCB
                0x0000000008004154       0x2a ../../OS/FreeRTOS/Source/tasks.c.o
 .text.prvResetNextTaskUnblockTime
                0x000000000800417e       0x50 ../../OS/FreeRTOS/Source/tasks.c.o
 .text.xTaskGetSchedulerState
                0x00000000080041ce       0x3a ../../OS/FreeRTOS/Source/tasks.c.o
                0x00000000080041ce                xTaskGetSchedulerState
 .text.xTaskPriorityInherit
                0x0000000008004208      0x142 ../../OS/FreeRTOS/Source/tasks.c.o
                0x0000000008004208                xTaskPriorityInherit
 .text.xTaskPriorityDisinherit
                0x000000000800434a      0x14a ../../OS/FreeRTOS/Source/tasks.c.o
                0x000000000800434a                xTaskPriorityDisinherit
 .text.vTaskPriorityDisinheritAfterTimeout
                0x0000000008004494      0x192 ../../OS/FreeRTOS/Source/tasks.c.o
                0x0000000008004494                vTaskPriorityDisinheritAfterTimeout
 .text.pvTaskIncrementMutexHeldCount
                0x0000000008004626       0x2e ../../OS/FreeRTOS/Source/tasks.c.o
                0x0000000008004626                pvTaskIncrementMutexHeldCount
 .text.ulTaskNotifyTake
                0x0000000008004654      0x124 ../../OS/FreeRTOS/Source/tasks.c.o
                0x0000000008004654                ulTaskNotifyTake
 .text.xTaskGenericNotify
                0x0000000008004778      0x23e ../../OS/FreeRTOS/Source/tasks.c.o
                0x0000000008004778                xTaskGenericNotify
 .text.vTaskNotifyGiveFromISR
                0x00000000080049b6      0x1a4 ../../OS/FreeRTOS/Source/tasks.c.o
                0x00000000080049b6                vTaskNotifyGiveFromISR
 .text.prvAddCurrentTaskToDelayedList
                0x0000000008004b5a      0x150 ../../OS/FreeRTOS/Source/tasks.c.o
 .text.xTimerCreateTimerTask
                0x0000000008004caa       0x74 ../../OS/FreeRTOS/Source/timers.c.o
                0x0000000008004caa                xTimerCreateTimerTask
 .text.xTimerGenericCommand
                0x0000000008004d1e       0xfc ../../OS/FreeRTOS/Source/timers.c.o
                0x0000000008004d1e                xTimerGenericCommand
 .text.prvProcessExpiredTimer
                0x0000000008004e1a       0xf4 ../../OS/FreeRTOS/Source/timers.c.o
 .text.prvTimerTask
                0x0000000008004f0e       0x30 ../../OS/FreeRTOS/Source/timers.c.o
 .text.prvProcessTimerOrBlockTask
                0x0000000008004f3e      0x160 ../../OS/FreeRTOS/Source/timers.c.o
 .text.prvGetNextExpireTime
                0x000000000800509e       0x60 ../../OS/FreeRTOS/Source/timers.c.o
 .text.prvSampleTimeNow
                0x00000000080050fe       0x7e ../../OS/FreeRTOS/Source/timers.c.o
 .text.prvInsertTimerInActiveList
                0x000000000800517c      0x13c ../../OS/FreeRTOS/Source/timers.c.o
 .text.prvProcessReceivedCommands
                0x00000000080052b8      0x296 ../../OS/FreeRTOS/Source/timers.c.o
 .text.prvSwitchTimerLists
                0x000000000800554e      0x15a ../../OS/FreeRTOS/Source/timers.c.o
 .text.prvCheckForValidListAndQueue
                0x00000000080056a8       0x8c ../../OS/FreeRTOS/Source/timers.c.o
 .text.Basic_Timer_StructParaInit
                0x0000000008005734       0x24 ../../SoC/ns_core0/Common/Source/Drivers/ns_basic_timer.c.o
                0x0000000008005734                Basic_Timer_StructParaInit
 .text.Basic_Timer_Init
                0x0000000008005758       0x3e ../../SoC/ns_core0/Common/Source/Drivers/ns_basic_timer.c.o
                0x0000000008005758                Basic_Timer_Init
 .text.Basic_Timer_Enable
                0x0000000008005796       0x22 ../../SoC/ns_core0/Common/Source/Drivers/ns_basic_timer.c.o
                0x0000000008005796                Basic_Timer_Enable
 .text.Basic_Timer_AutoReloadValueConfig
                0x00000000080057b8       0x20 ../../SoC/ns_core0/Common/Source/Drivers/ns_basic_timer.c.o
                0x00000000080057b8                Basic_Timer_AutoReloadValueConfig
 .text.Basic_Timer_InterruptEnable
                0x00000000080057d8       0x28 ../../SoC/ns_core0/Common/Source/Drivers/ns_basic_timer.c.o
                0x00000000080057d8                Basic_Timer_InterruptEnable
 .text.Basic_Timer_InterruptFlagGet
                0x0000000008005800       0x40 ../../SoC/ns_core0/Common/Source/Drivers/ns_basic_timer.c.o
                0x0000000008005800                Basic_Timer_InterruptFlagGet
 .text.Basic_Timer_InterruptFlagClear
                0x0000000008005840       0x24 ../../SoC/ns_core0/Common/Source/Drivers/ns_basic_timer.c.o
                0x0000000008005840                Basic_Timer_InterruptFlagClear
 .text.iomux_ls_iof_oval_cfg
                0x0000000008005864       0xe8 ../../SoC/ns_core0/Common/Source/Drivers/ns_iomux.c.o
                0x0000000008005864                iomux_ls_iof_oval_cfg
 .text.iomux_ls_iof_ival_cfg
                0x000000000800594c       0xd2 ../../SoC/ns_core0/Common/Source/Drivers/ns_iomux.c.o
                0x000000000800594c                iomux_ls_iof_ival_cfg
 .text.LGPIO_WriteBit
                0x0000000008005a1e       0x4a ../../SoC/ns_core0/Common/Source/Drivers/ns_lgpio.c.o
                0x0000000008005a1e                LGPIO_WriteBit
 .text.LGPIO_Mode
                0x0000000008005a68       0xc4 ../../SoC/ns_core0/Common/Source/Drivers/ns_lgpio.c.o
                0x0000000008005a68                LGPIO_Mode
 .text.LGPIO_ITConfig
                0x0000000008005b2c      0x122 ../../SoC/ns_core0/Common/Source/Drivers/ns_lgpio.c.o
                0x0000000008005b2c                LGPIO_ITConfig
 .text.LGPIO_ITClear
                0x0000000008005c4e       0xb6 ../../SoC/ns_core0/Common/Source/Drivers/ns_lgpio.c.o
                0x0000000008005c4e                LGPIO_ITClear
 .text.LGPIO_GetIRQStatus
                0x0000000008005d04       0x30 ../../SoC/ns_core0/Common/Source/Drivers/ns_lgpio.c.o
                0x0000000008005d04                LGPIO_GetIRQStatus
 .text.misc_clk_cfg1
                0x0000000008005d34       0x76 ../../SoC/ns_core0/Common/Source/Drivers/ns_misc.c.o
 .text.misc_clk_div1
                0x0000000008005daa       0x78 ../../SoC/ns_core0/Common/Source/Drivers/ns_misc.c.o
 .text.misc_reset_cfg
                0x0000000008005e22       0x76 ../../SoC/ns_core0/Common/Source/Drivers/ns_misc.c.o
 .text.apb_slv0_async_fifo_set_rst
                0x0000000008005e98       0x26 ../../SoC/ns_core0/Common/Source/Drivers/ns_misc.c.o
                0x0000000008005e98                apb_slv0_async_fifo_set_rst
 .text.lgpio0_set_rst
                0x0000000008005ebe       0x26 ../../SoC/ns_core0/Common/Source/Drivers/ns_misc.c.o
                0x0000000008005ebe                lgpio0_set_rst
 .text.basic_timer0_set_rst
                0x0000000008005ee4       0x26 ../../SoC/ns_core0/Common/Source/Drivers/ns_misc.c.o
                0x0000000008005ee4                basic_timer0_set_rst
 .text.qspi2_set_rst
                0x0000000008005f0a       0x26 ../../SoC/ns_core0/Common/Source/Drivers/ns_misc.c.o
                0x0000000008005f0a                qspi2_set_rst
 .text.qspi1_set_rst
                0x0000000008005f30       0x26 ../../SoC/ns_core0/Common/Source/Drivers/ns_misc.c.o
                0x0000000008005f30                qspi1_set_rst
 .text.qspi_xip0_set_rst
                0x0000000008005f56       0x26 ../../SoC/ns_core0/Common/Source/Drivers/ns_misc.c.o
                0x0000000008005f56                qspi_xip0_set_rst
 .text.usart1_set_rst
                0x0000000008005f7c       0x26 ../../SoC/ns_core0/Common/Source/Drivers/ns_misc.c.o
                0x0000000008005f7c                usart1_set_rst
 .text.udma0_set_rst
                0x0000000008005fa2       0x26 ../../SoC/ns_core0/Common/Source/Drivers/ns_misc.c.o
                0x0000000008005fa2                udma0_set_rst
 .text.iomux_clk_en
                0x0000000008005fc8       0x26 ../../SoC/ns_core0/Common/Source/Drivers/ns_misc.c.o
                0x0000000008005fc8                iomux_clk_en
 .text.idu_clk_en
                0x0000000008005fee       0x26 ../../SoC/ns_core0/Common/Source/Drivers/ns_misc.c.o
                0x0000000008005fee                idu_clk_en
 .text.apb_slv0_async_fifo_clk_en
                0x0000000008006014       0x26 ../../SoC/ns_core0/Common/Source/Drivers/ns_misc.c.o
                0x0000000008006014                apb_slv0_async_fifo_clk_en
 .text.lgpio0_clk_en
                0x000000000800603a       0x26 ../../SoC/ns_core0/Common/Source/Drivers/ns_misc.c.o
                0x000000000800603a                lgpio0_clk_en
 .text.basic_timer0_clk_en
                0x0000000008006060       0x26 ../../SoC/ns_core0/Common/Source/Drivers/ns_misc.c.o
                0x0000000008006060                basic_timer0_clk_en
 .text.qspi2_clk_en
                0x0000000008006086       0x28 ../../SoC/ns_core0/Common/Source/Drivers/ns_misc.c.o
                0x0000000008006086                qspi2_clk_en
 .text.qspi1_clk_en
                0x00000000080060ae       0x28 ../../SoC/ns_core0/Common/Source/Drivers/ns_misc.c.o
                0x00000000080060ae                qspi1_clk_en
 .text.qspi_xip0_clk_en
                0x00000000080060d6       0x28 ../../SoC/ns_core0/Common/Source/Drivers/ns_misc.c.o
                0x00000000080060d6                qspi_xip0_clk_en
 .text.usart1_clk_en
                0x00000000080060fe       0x28 ../../SoC/ns_core0/Common/Source/Drivers/ns_misc.c.o
                0x00000000080060fe                usart1_clk_en
 .text.usart0_clk_en
                0x0000000008006126       0x28 ../../SoC/ns_core0/Common/Source/Drivers/ns_misc.c.o
                0x0000000008006126                usart0_clk_en
 .text.udma0_clk_en
                0x000000000800614e       0x28 ../../SoC/ns_core0/Common/Source/Drivers/ns_misc.c.o
                0x000000000800614e                udma0_clk_en
 .text.apb_slv0_clk_div
                0x0000000008006176       0x30 ../../SoC/ns_core0/Common/Source/Drivers/ns_misc.c.o
                0x0000000008006176                apb_slv0_clk_div
 .text.qspi1_cfg_clk_div
                0x00000000080061a6       0x30 ../../SoC/ns_core0/Common/Source/Drivers/ns_misc.c.o
                0x00000000080061a6                qspi1_cfg_clk_div
 .text.UDMA_PAM2M_Init
                0x00000000080061d6       0x98 ../../SoC/ns_core0/Common/Source/Drivers/ns_pa2m_udma.c.o
                0x00000000080061d6                UDMA_PAM2M_Init
 .text.UDMA_PA2M_GetITStatus
                0x000000000800626e       0x38 ../../SoC/ns_core0/Common/Source/Drivers/ns_pa2m_udma.c.o
                0x000000000800626e                UDMA_PA2M_GetITStatus
 .text.UDMA_PA2M_ClearITStatus
                0x00000000080062a6       0x28 ../../SoC/ns_core0/Common/Source/Drivers/ns_pa2m_udma.c.o
                0x00000000080062a6                UDMA_PA2M_ClearITStatus
 .text.UDMA_PA2M_ITConfig
                0x00000000080062ce       0x4a ../../SoC/ns_core0/Common/Source/Drivers/ns_pa2m_udma.c.o
                0x00000000080062ce                UDMA_PA2M_ITConfig
 .text.QSPI_Init
                0x0000000008006318      0x160 ../../SoC/ns_core0/Common/Source/Drivers/ns_qspi.c.o
                0x0000000008006318                QSPI_Init
 .text.QSPI_StructInit
                0x0000000008006478       0x84 ../../SoC/ns_core0/Common/Source/Drivers/ns_qspi.c.o
                0x0000000008006478                QSPI_StructInit
 .text.QSPI_DirectionConfig
                0x00000000080064fc       0x42 ../../SoC/ns_core0/Common/Source/Drivers/ns_qspi.c.o
                0x00000000080064fc                QSPI_DirectionConfig
 .text.QSPI_GetFlag
                0x000000000800653e       0x2a ../../SoC/ns_core0/Common/Source/Drivers/ns_qspi.c.o
                0x000000000800653e                QSPI_GetFlag
 .text.QSPI_CSModeConfig
                0x0000000008006568       0x20 ../../SoC/ns_core0/Common/Source/Drivers/ns_qspi.c.o
                0x0000000008006568                QSPI_CSModeConfig
 .text.QSPI_SendData
                0x0000000008006588       0x20 ../../SoC/ns_core0/Common/Source/Drivers/ns_qspi.c.o
                0x0000000008006588                QSPI_SendData
 .text.QSPI_ReceiveData
                0x00000000080065a8       0x18 ../../SoC/ns_core0/Common/Source/Drivers/ns_qspi.c.o
                0x00000000080065a8                QSPI_ReceiveData
 .text.QSPI_XIP_Init
                0x00000000080065c0      0x146 ../../SoC/ns_core0/Common/Source/Drivers/ns_qspi_xip.c.o
                0x00000000080065c0                QSPI_XIP_Init
 .text.QSPI_XIP_StructInit
                0x0000000008006706       0x64 ../../SoC/ns_core0/Common/Source/Drivers/ns_qspi_xip.c.o
                0x0000000008006706                QSPI_XIP_StructInit
 .text.QSPI_XIP_DirectionConfig
                0x000000000800676a       0x42 ../../SoC/ns_core0/Common/Source/Drivers/ns_qspi_xip.c.o
                0x000000000800676a                QSPI_XIP_DirectionConfig
 .text.QSPI_XIP_GetFlag
                0x00000000080067ac       0x2a ../../SoC/ns_core0/Common/Source/Drivers/ns_qspi_xip.c.o
                0x00000000080067ac                QSPI_XIP_GetFlag
 .text.QSPI_XIP_CSModeConfig
                0x00000000080067d6       0x20 ../../SoC/ns_core0/Common/Source/Drivers/ns_qspi_xip.c.o
                0x00000000080067d6                QSPI_XIP_CSModeConfig
 .text.QSPI_XIP_SendData
                0x00000000080067f6       0x20 ../../SoC/ns_core0/Common/Source/Drivers/ns_qspi_xip.c.o
                0x00000000080067f6                QSPI_XIP_SendData
 .text.QSPI_XIP_ReceiveData
                0x0000000008006816       0x18 ../../SoC/ns_core0/Common/Source/Drivers/ns_qspi_xip.c.o
                0x0000000008006816                QSPI_XIP_ReceiveData
 .text.USART_Init
                0x000000000800682e      0x26e ../../SoC/ns_core0/Common/Source/Drivers/ns_usart.c.o
                0x000000000800682e                USART_Init
 .text.USART_StructInit
                0x0000000008006a9c       0x8c ../../SoC/ns_core0/Common/Source/Drivers/ns_usart.c.o
                0x0000000008006a9c                USART_StructInit
 .text.USART_GetFlag
                0x0000000008006b28       0x2a ../../SoC/ns_core0/Common/Source/Drivers/ns_usart.c.o
                0x0000000008006b28                USART_GetFlag
 .text.USART_SendData
                0x0000000008006b52       0x30 ../../SoC/ns_core0/Common/Source/Drivers/ns_usart.c.o
                0x0000000008006b52                USART_SendData
 .text.USART_ReceiveData
                0x0000000008006b82       0x30 ../../SoC/ns_core0/Common/Source/Drivers/ns_usart.c.o
                0x0000000008006b82                USART_ReceiveData
 .text._close   0x0000000008006bb2       0x1e ../../SoC/ns_core0/Common/Source/Stubs/newlib/close.c.o
                0x0000000008006bb2                _close
 .text._fstat   0x0000000008006bd0       0x42 ../../SoC/ns_core0/Common/Source/Stubs/newlib/fstat.c.o
                0x0000000008006bd0                _fstat
 .text._isatty  0x0000000008006c12       0x14 ../../SoC/ns_core0/Common/Source/Stubs/newlib/isatty.c.o
                0x0000000008006c12                _isatty
 .text._lseek   0x0000000008006c26       0x1c ../../SoC/ns_core0/Common/Source/Stubs/newlib/lseek.c.o
                0x0000000008006c26                _lseek
 .text.getchar  0x0000000008006c42       0x22 ../../SoC/ns_core0/Common/Source/Stubs/newlib/read.c.o
                0x0000000008006c42                getchar
 .text._read    0x0000000008006c64       0x84 ../../SoC/ns_core0/Common/Source/Stubs/newlib/read.c.o
                0x0000000008006c64                _read
 .text._sbrk    0x0000000008006ce8       0x72 ../../SoC/ns_core0/Common/Source/Stubs/newlib/sbrk.c.o
                0x0000000008006ce8                _sbrk
 .text.putchar  0x0000000008006d5a       0x3c ../../SoC/ns_core0/Common/Source/Stubs/newlib/write.c.o
                0x0000000008006d5a                putchar
 .text._write   0x0000000008006d96       0x68 ../../SoC/ns_core0/Common/Source/Stubs/newlib/write.c.o
                0x0000000008006d96                _write
 .text.measure_cpu_freq
                0x0000000008006dfe      0x34a ../../SoC/ns_core0/Common/Source/ns_common.c.o
                0x0000000008006dfe                measure_cpu_freq
 .text.get_cpu_freq
                0x0000000008007148       0x2a ../../SoC/ns_core0/Common/Source/ns_common.c.o
                0x0000000008007148                get_cpu_freq
 .text.delay_1ms
                0x0000000008007172       0x3a ../../SoC/ns_core0/Common/Source/ns_common.c.o
                0x0000000008007172                delay_1ms
 .text.SystemInit
                0x00000000080071ac       0x1a ../../SoC/ns_core0/Common/Source/system_ns.c.o
                0x00000000080071ac                SystemInit
 .text.system_default_exception_handler
                0x00000000080071c6       0x8a ../../SoC/ns_core0/Common/Source/system_ns.c.o
 .text.Exception_Init
                0x0000000008007250       0x54 ../../SoC/ns_core0/Common/Source/system_ns.c.o
 .text.Exception_DumpFrame
                0x00000000080072a4      0x102 ../../SoC/ns_core0/Common/Source/system_ns.c.o
                0x00000000080072a4                Exception_DumpFrame
 .text.core_exception_handler
                0x00000000080073a6       0x88 ../../SoC/ns_core0/Common/Source/system_ns.c.o
                0x00000000080073a6                core_exception_handler
 .text.SystemBannerPrint
                0x000000000800742e       0x5e ../../SoC/ns_core0/Common/Source/system_ns.c.o
                0x000000000800742e                SystemBannerPrint
 .text.ECLIC_Init
                0x000000000800748c       0x86 ../../SoC/ns_core0/Common/Source/system_ns.c.o
                0x000000000800748c                ECLIC_Init
 .text.ECLIC_Register_IRQ
                0x0000000008007512      0x40a ../../SoC/ns_core0/Common/Source/system_ns.c.o
                0x0000000008007512                ECLIC_Register_IRQ
 .text.Trap_Init
                0x000000000800791c        0xe ../../SoC/ns_core0/Common/Source/system_ns.c.o
 .text._premain_init
                0x000000000800792a       0xbe ../../SoC/ns_core0/Common/Source/system_ns.c.o
                0x000000000800792a                _premain_init
 .text._postmain_fini
                0x00000000080079e8       0x12 ../../SoC/ns_core0/Common/Source/system_ns.c.o
                0x00000000080079e8                _postmain_fini
 .text._init    0x00000000080079fa        0xe ../../SoC/ns_core0/Common/Source/system_ns.c.o
                0x00000000080079fa                _init
 .text._fini    0x0000000008007a08        0xe ../../SoC/ns_core0/Common/Source/system_ns.c.o
                0x0000000008007a08                _fini
 .text.pps_clk_compute
                0x0000000008007a16      0x9a6 ./PPS_SYNC.c.o
                0x0000000008007a16                pps_clk_compute
 .text.SPI_Init
                0x00000000080083bc       0x80 ./flash.c.o
                0x00000000080083bc                SPI_Init
 .text.SPI_WriteByte
                0x000000000800843c       0x5a ./flash.c.o
                0x000000000800843c                SPI_WriteByte
 .text.SPI_ReadByte
                0x0000000008008496       0x54 ./flash.c.o
                0x0000000008008496                SPI_ReadByte
 .text.SPI_ReadJEDEC
                0x00000000080084ea       0x58 ./flash.c.o
                0x00000000080084ea                SPI_ReadJEDEC
 .text.SPI_Wip  0x0000000008008542       0x3e ./flash.c.o
                0x0000000008008542                SPI_Wip
 .text.SPI_WriteEnable
                0x0000000008008580       0x2a ./flash.c.o
                0x0000000008008580                SPI_WriteEnable
 .text.SPI_Erase
                0x00000000080085aa       0x6c ./flash.c.o
                0x00000000080085aa                SPI_Erase
 .text.SPI_PageWrite
                0x0000000008008616       0xa2 ./flash.c.o
                0x0000000008008616                SPI_PageWrite
 .text.SPI_PageRead
                0x00000000080086b8       0xf2 ./flash.c.o
                0x00000000080086b8                SPI_PageRead
 .text.write_flash_node_config
                0x00000000080087aa       0x50 ./flash.c.o
                0x00000000080087aa                write_flash_node_config
 .text.write_flash_phy_config
                0x00000000080087fa       0x54 ./flash.c.o
                0x00000000080087fa                write_flash_phy_config
 .text.write_flash_mac_config
                0x000000000800884e       0x4c ./flash.c.o
                0x000000000800884e                write_flash_mac_config
 .text.read_flash_node_config
                0x000000000800889a       0x44 ./flash.c.o
                0x000000000800889a                read_flash_node_config
 .text.read_flash_phy_config
                0x00000000080088de       0x48 ./flash.c.o
                0x00000000080088de                read_flash_phy_config
 .text.read_flash_mac_config
                0x0000000008008926       0x40 ./flash.c.o
                0x0000000008008926                read_flash_mac_config
 .text.iq_from_u32
                0x0000000008008966       0x72 ./main.c.o
 .text.BASIC_TIMER0_IRQHandler
                0x00000000080089d8      0x20a ./main.c.o
                0x00000000080089d8                BASIC_TIMER0_IRQHandler
 .text.THURDZ_BB_IRQHandler
                0x0000000008008be2      0x146 ./main.c.o
                0x0000000008008be2                THURDZ_BB_IRQHandler
 .text.UDMA_IRQHandler
                0x0000000008008d28      0x15e ./main.c.o
                0x0000000008008d28                UDMA_IRQHandler
 .text.LGPIO0_IMU_IRQHandler
                0x0000000008008e86      0x12e ./main.c.o
                0x0000000008008e86                LGPIO0_IMU_IRQHandler
 .text.main     0x0000000008008fb4      0x19c ./main.c.o
                0x0000000008008fb4                main
 .text.task_startUwbTR
                0x0000000008009150       0x24 ./main.c.o
                0x0000000008009150                task_startUwbTR
 .text.task_processUwbTR
                0x0000000008009174       0x76 ./main.c.o
                0x0000000008009174                task_processUwbTR
 .text.task_parseUsartTxMsg
                0x00000000080091ea      0x116 ./main.c.o
                0x00000000080091ea                task_parseUsartTxMsg
 .text.task_processUsartRxDma
                0x0000000008009300      0x12e ./main.c.o
                0x0000000008009300                task_processUsartRxDma
 .text.task_parseUsartRxCmd
                0x000000000800942e       0xb2 ./main.c.o
                0x000000000800942e                task_parseUsartRxCmd
 .text.task_processSpiRxDma
                0x00000000080094e0       0x6e ./main.c.o
                0x00000000080094e0                task_processSpiRxDma
 .text.task_processSpiRxMsg
                0x000000000800954e       0xb8 ./main.c.o
                0x000000000800954e                task_processSpiRxMsg
 .text.tof_fill_and_compute
                0x0000000008009606      0x15e ./main.c.o
                0x0000000008009606                tof_fill_and_compute
 .text.tof_two_nodes_compute_new
                0x0000000008009764      0x57c ./main.c.o
                0x0000000008009764                tof_two_nodes_compute_new
 .text.task_processRanging
                0x0000000008009ce0      0xa9a ./main.c.o
                0x0000000008009ce0                task_processRanging
 .text.vApplicationMallocFailedHook
                0x000000000800a77a       0x12 ./main.c.o
                0x000000000800a77a                vApplicationMallocFailedHook
 .text.vApplicationStackOverflowHook
                0x000000000800a78c       0x1a ./main.c.o
                0x000000000800a78c                vApplicationStackOverflowHook
 .text.vApplicationIdleHook
                0x000000000800a7a6        0xe ./main.c.o
                0x000000000800a7a6                vApplicationIdleHook
 .text.start_UWB_TR
                0x000000000800a7b4      0xd50 ./main.c.o
                0x000000000800a7b4                start_UWB_TR
 .text.processUwbTx
                0x000000000800b504      0x3ba ./main.c.o
                0x000000000800b504                processUwbTx
 .text.processUwbRx
                0x000000000800b8be     0x1bac ./main.c.o
                0x000000000800b8be                processUwbRx
 .text.processPPS
                0x000000000800d46a      0x53e ./main.c.o
                0x000000000800d46a                processPPS
 .text.prepareTxMsg
                0x000000000800d9a8      0xbec ./main.c.o
                0x000000000800d9a8                prepareTxMsg
 .text.process_received_message
                0x000000000800e594      0x5b6 ./main.c.o
                0x000000000800e594                process_received_message
 .text.cal_pdoa
                0x000000000800eb4a      0x1a6 ./main.c.o
                0x000000000800eb4a                cal_pdoa
 .text.ring_buf_init
                0x000000000800ecf0       0x64 ./ringbuffer.c.o
                0x000000000800ecf0                ring_buf_init
 .text.ring_buf_put
                0x000000000800ed54       0xd2 ./ringbuffer.c.o
                0x000000000800ed54                ring_buf_put
 .text.write_thmts_bb_reg
                0x000000000800ee26       0x72 ./thmts_bb_config.c.o
                0x000000000800ee26                write_thmts_bb_reg
 .text.read_thmts_bb_reg
                0x000000000800ee98       0x1e ./thmts_bb_config.c.o
                0x000000000800ee98                read_thmts_bb_reg
 .text.write_thmts_bb_reg_with_offset
                0x000000000800eeb6       0xe8 ./thmts_bb_config.c.o
                0x000000000800eeb6                write_thmts_bb_reg_with_offset
 .text.reset_thmts_bb
                0x000000000800ef9e       0x24 ./thmts_bb_config.c.o
                0x000000000800ef9e                reset_thmts_bb
 .text.thmts_bb_rx_pd
                0x000000000800efc2       0x2a ./thmts_bb_config.c.o
                0x000000000800efc2                thmts_bb_rx_pd
 .text.thmts_bb_tx_pd
                0x000000000800efec       0x26 ./thmts_bb_config.c.o
                0x000000000800efec                thmts_bb_tx_pd
 .text.clear_thmts_bb_ucore_ram
                0x000000000800f012       0x6a ./thmts_bb_config.c.o
                0x000000000800f012                clear_thmts_bb_ucore_ram
 .text.init_thmts_bb
                0x000000000800f07c       0xcc ./thmts_bb_config.c.o
                0x000000000800f07c                init_thmts_bb
 .text.get_thmts_bb_systime
                0x000000000800f148       0xbe ./thmts_bb_config.c.o
                0x000000000800f148                get_thmts_bb_systime
 .text.timestamp_add
                0x000000000800f206       0xc0 ./thmts_bb_config.c.o
                0x000000000800f206                timestamp_add
 .text.timestamp_minus
                0x000000000800f2c6      0x1ce ./thmts_bb_config.c.o
                0x000000000800f2c6                timestamp_minus
 .text.timestamp_substract
                0x000000000800f494       0xb4 ./thmts_bb_config.c.o
                0x000000000800f494                timestamp_substract
 .text.us2timestamp
                0x000000000800f548       0x74 ./thmts_bb_config.c.o
                0x000000000800f548                us2timestamp
 .text.enable_thmts_bb_pwm
                0x000000000800f5bc       0xce ./thmts_bb_config.c.o
                0x000000000800f5bc                enable_thmts_bb_pwm
 .text.read_thmts_bb_rxbuff
                0x000000000800f68a       0x38 ./thmts_bb_config.c.o
                0x000000000800f68a                read_thmts_bb_rxbuff
 .text.start_thmts_bb_tx
                0x000000000800f6c2       0xf2 ./thmts_bb_config.c.o
                0x000000000800f6c2                start_thmts_bb_tx
 .text.clean_thmts_bb_tx
                0x000000000800f7b4       0x3c ./thmts_bb_config.c.o
                0x000000000800f7b4                clean_thmts_bb_tx
 .text.set_thmts_bb_delaytxtime
                0x000000000800f7f0       0x5a ./thmts_bb_config.c.o
                0x000000000800f7f0                set_thmts_bb_delaytxtime
 .text.set_thmts_bb_rxtimeout
                0x000000000800f84a       0x26 ./thmts_bb_config.c.o
                0x000000000800f84a                set_thmts_bb_rxtimeout
 .text.start_thmts_bb_rx
                0x000000000800f870       0xa8 ./thmts_bb_config.c.o
                0x000000000800f870                start_thmts_bb_rx
 .text.clean_thmts_bb_rx
                0x000000000800f918       0x46 ./thmts_bb_config.c.o
                0x000000000800f918                clean_thmts_bb_rx
 .text.get_thmts_bb_rxstatus
                0x000000000800f95e       0x20 ./thmts_bb_config.c.o
                0x000000000800f95e                get_thmts_bb_rxstatus
 .text.get_thmts_bb_rxinfo
                0x000000000800f97e       0x26 ./thmts_bb_config.c.o
                0x000000000800f97e                get_thmts_bb_rxinfo
 .text.get_thmts_bb_rxlength
                0x000000000800f9a4       0x70 ./thmts_bb_config.c.o
                0x000000000800f9a4                get_thmts_bb_rxlength
 .text.read_thmts_bb_cir
                0x000000000800fa14       0x4c ./thmts_bb_config.c.o
                0x000000000800fa14                read_thmts_bb_cir
 .text.get_thmts_bb_rmark
                0x000000000800fa60      0x35a ./thmts_bb_config.c.o
                0x000000000800fa60                get_thmts_bb_rmark
 .text.thmts_get_rx_content
                0x000000000800fdba      0x1de ./thmts_bb_config.c.o
                0x000000000800fdba                thmts_get_rx_content
 .text.config_thmts_bb_rx_sw_lna_on
                0x000000000800ff98       0xb2 ./thmts_bb_config.c.o
                0x000000000800ff98                config_thmts_bb_rx_sw_lna_on
 .text.config_thmts_bb_rx_sw_lna_off
                0x000000000801004a       0xb6 ./thmts_bb_config.c.o
                0x000000000801004a                config_thmts_bb_rx_sw_lna_off
 .text.download_thmts_bb_ucore_fw
                0x0000000008010100      0x26c ./thmts_bb_firmware.c.o
                0x0000000008010100                download_thmts_bb_ucore_fw
 .text.DebugUart_Config
                0x000000000801036c       0x56 ./thmts_bsp.c.o
                0x000000000801036c                DebugUart_Config
 .text.SPI1_Config
                0x00000000080103c2       0x56 ./thmts_bsp.c.o
                0x00000000080103c2                SPI1_Config
 .text.SPI2_Config
                0x0000000008010418       0x5a ./thmts_bsp.c.o
                0x0000000008010418                SPI2_Config
 .text.SPI2_Dma_Enable
                0x0000000008010472       0x6c ./thmts_bsp.c.o
                0x0000000008010472                SPI2_Dma_Enable
 .text.TIMER_Config
                0x00000000080104de       0x50 ./thmts_bsp.c.o
                0x00000000080104de                TIMER_Config
 .text.iomux_config
                0x000000000801052e      0x264 ./thmts_bsp.c.o
                0x000000000801052e                iomux_config
 .text.USART1_config
                0x0000000008010792       0xb2 ./thmts_bsp.c.o
                0x0000000008010792                USART1_config
 .text.UDMA_USART1_TX
                0x0000000008010844       0xa0 ./thmts_bsp.c.o
                0x0000000008010844                UDMA_USART1_TX
 .text.UDMA_USART1_RX
                0x00000000080108e4       0x9e ./thmts_bsp.c.o
                0x00000000080108e4                UDMA_USART1_RX
 .text.DMA_Stop
                0x0000000008010982       0x3e ./thmts_bsp.c.o
                0x0000000008010982                DMA_Stop
 .text.DMA_Get_Counter
                0x00000000080109c0       0x18 ./thmts_bsp.c.o
                0x00000000080109c0                DMA_Get_Counter
 .text.UDMA_QSPI2_TX
                0x00000000080109d8       0xa8 ./thmts_bsp.c.o
                0x00000000080109d8                UDMA_QSPI2_TX
 .text.UDMA_QSPI2_RX
                0x0000000008010a80       0xa8 ./thmts_bsp.c.o
                0x0000000008010a80                UDMA_QSPI2_RX
 .text.prvSetupHardware
                0x0000000008010b28      0x552 ./thmts_bsp.c.o
                0x0000000008010b28                prvSetupHardware
 .text.thmts_ctrl_cmd_proc_init
                0x000000000801107a       0xa4 ./thmts_ctrl_cmd_proc.c.o
                0x000000000801107a                thmts_ctrl_cmd_proc_init
 .text.thmts_ctrl_cmd_proc_insert_rx_bytes
                0x000000000801111e       0x30 ./thmts_ctrl_cmd_proc.c.o
                0x000000000801111e                thmts_ctrl_cmd_proc_insert_rx_bytes
 .text.thmts_ctrl_cmd_proc_per_byte
                0x000000000801114e      0x442 ./thmts_ctrl_cmd_proc.c.o
 .text.thmts_ctrl_cmd_proc_exec
                0x0000000008011590       0xf8 ./thmts_ctrl_cmd_proc.c.o
                0x0000000008011590                thmts_ctrl_cmd_proc_exec
 .text.thmts_ctrl_cmd_proc_get_rx_msg
                0x0000000008011688       0x42 ./thmts_ctrl_cmd_proc.c.o
                0x0000000008011688                thmts_ctrl_cmd_proc_get_rx_msg
 .text.thmts_ctrl_cmd_proc_pop_rx_msg
                0x00000000080116ca       0x80 ./thmts_ctrl_cmd_proc.c.o
                0x00000000080116ca                thmts_ctrl_cmd_proc_pop_rx_msg
 .text.init_node
                0x000000000801174a      0x20c ./thmts_node_info.c.o
                0x000000000801174a                init_node
 .text.start_thmts_tx
                0x0000000008011956      0x1c6 ./thmts_node_info.c.o
                0x0000000008011956                start_thmts_tx
 .text.start_thmts_rx
                0x0000000008011b1c       0x5a ./thmts_node_info.c.o
                0x0000000008011b1c                start_thmts_rx
 .text.Set_Channel_Config_By_Case
                0x0000000008011b76      0x9e4 ./thmts_phy_param.c.o
                0x0000000008011b76                Set_Channel_Config_By_Case
 .text.altds_dstwr_check
                0x000000000801255a      0x1c8 ./thmts_ranging.c.o
                0x000000000801255a                altds_dstwr_check
 .text.altds_dstwr_compute
                0x0000000008012722      0x3d8 ./thmts_ranging.c.o
                0x0000000008012722                altds_dstwr_compute
 .text.write_thmts_rf_reg
                0x0000000008012afa       0x80 ./thmts_rf_config.c.o
                0x0000000008012afa                write_thmts_rf_reg
 .text.read_thmts_rf_reg
                0x0000000008012b7a       0x80 ./thmts_rf_config.c.o
                0x0000000008012b7a                read_thmts_rf_reg
 .text.config_thmts_rf_reg
                0x0000000008012bfa       0x5c ./thmts_rf_config.c.o
                0x0000000008012bfa                config_thmts_rf_reg
 .text.config_thmts_rf_regs
                0x0000000008012c56       0x9e ./thmts_rf_config.c.o
                0x0000000008012c56                config_thmts_rf_regs
 .text.config_thmts_pll_init_mfc
                0x0000000008012cf4      0x356 ./thmts_rf_config.c.o
                0x0000000008012cf4                config_thmts_pll_init_mfc
 .text.config_thmts_rf_lopll_mfc
                0x000000000801304a      0x6d6 ./thmts_rf_config.c.o
                0x000000000801304a                config_thmts_rf_lopll_mfc
 .text.config_thmts_rf_clkpll_mfc
                0x0000000008013720      0x996 ./thmts_rf_config.c.o
                0x0000000008013720                config_thmts_rf_clkpll_mfc
 .text.config_thmts_rf_dac
                0x00000000080140b6       0x60 ./thmts_rf_config.c.o
                0x00000000080140b6                config_thmts_rf_dac
 .text.config_thmts_rf_da2lpf
                0x0000000008014116       0x28 ./thmts_rf_config.c.o
                0x0000000008014116                config_thmts_rf_da2lpf
 .text.config_thmts_rf_tx
                0x000000000801413e       0x28 ./thmts_rf_config.c.o
                0x000000000801413e                config_thmts_rf_tx
 .text.config_thmts_rf_adc0
                0x0000000008014166       0x2a ./thmts_rf_config.c.o
                0x0000000008014166                config_thmts_rf_adc0
 .text.config_thmts_rf_adc1
                0x0000000008014190       0x2a ./thmts_rf_config.c.o
                0x0000000008014190                config_thmts_rf_adc1
 .text.config_thmts_rf_adc2
                0x00000000080141ba       0x2a ./thmts_rf_config.c.o
                0x00000000080141ba                config_thmts_rf_adc2
 .text.config_thmts_rf_adc3
                0x00000000080141e4       0x2a ./thmts_rf_config.c.o
                0x00000000080141e4                config_thmts_rf_adc3
 .text.config_thmts_rf_lpf2ad
                0x000000000801420e       0x28 ./thmts_rf_config.c.o
                0x000000000801420e                config_thmts_rf_lpf2ad
 .text.config_thmts_rf_rx0
                0x0000000008014236       0x2a ./thmts_rf_config.c.o
                0x0000000008014236                config_thmts_rf_rx0
 .text.config_thmts_rf_rx1
                0x0000000008014260       0x2a ./thmts_rf_config.c.o
                0x0000000008014260                config_thmts_rf_rx1
 .text.config_thmts_rf_rx2
                0x000000000801428a       0x2a ./thmts_rf_config.c.o
                0x000000000801428a                config_thmts_rf_rx2
 .text.config_thmts_rf_rx3
                0x00000000080142b4       0x2a ./thmts_rf_config.c.o
                0x00000000080142b4                config_thmts_rf_rx3
 .text.config_thmts_rf_dagc_enable
                0x00000000080142de       0x40 ./thmts_rf_config.c.o
                0x00000000080142de                config_thmts_rf_dagc_enable
 .text.config_thmts_rf_trsw_enable
                0x000000000801431e       0x40 ./thmts_rf_config.c.o
                0x000000000801431e                config_thmts_rf_trsw_enable
 .text.config_thmts_rf_clkmode
                0x000000000801435e       0x88 ./thmts_rf_config.c.o
                0x000000000801435e                config_thmts_rf_clkmode
 .text.thmts_sleep_us
                0x00000000080143e6       0x38 ./thmts_rf_config.c.o
                0x00000000080143e6                thmts_sleep_us
 .text.config_thmts_rf_pll_mfc
                0x000000000801441e       0x7a ./thmts_rf_config.c.o
                0x000000000801441e                config_thmts_rf_pll_mfc
 .text.config_thmts_rf_allinone
                0x0000000008014498       0x78 ./thmts_rf_config.c.o
                0x0000000008014498                config_thmts_rf_allinone
 .text.crc_crc32
                0x0000000008014510       0x6e ./thmts_sensor.c.o
                0x0000000008014510                crc_crc32
 .text.SPI_ReadWriteByte16
                0x000000000801457e       0x6a ./thmts_sensor.c.o
                0x000000000801457e                SPI_ReadWriteByte16
 .text.IMU_SPI_ReadReg
                0x00000000080145e8       0x34 ./thmts_sensor.c.o
                0x00000000080145e8                IMU_SPI_ReadReg
 .text.IMU_Init
                0x000000000801461c       0x64 ./thmts_sensor.c.o
                0x000000000801461c                IMU_Init
 .text.IMU_SPI_Init
                0x0000000008014680       0xba ./thmts_sensor.c.o
                0x0000000008014680                IMU_SPI_Init
 .text.IMU_SPI_Master_Read_Burst2
                0x000000000801473a      0x818 ./thmts_sensor.c.o
                0x000000000801473a                IMU_SPI_Master_Read_Burst2
 .text.read_and_send_IMU_data
                0x0000000008014f52       0xe0 ./thmts_tx_msg.c.o
                0x0000000008014f52                read_and_send_IMU_data
 .text.atan2    0x0000000008015032        0x2 d:/nucleistudio/toolchain/gcc/bin/../lib/gcc/riscv-nuclei-elf/10.2.0/../../../../riscv-nuclei-elf/lib/rv32imafdcb/ilp32d\libm_nano.a(lib_a-w_atan2.o)
                0x0000000008015032                atan2
 .text.pow      0x0000000008015034       0xc8 d:/nucleistudio/toolchain/gcc/bin/../lib/gcc/riscv-nuclei-elf/10.2.0/../../../../riscv-nuclei-elf/lib/rv32imafdcb/ilp32d\libm_nano.a(lib_a-w_pow.o)
                0x0000000008015034                pow
 .text.__ieee754_atan2
                0x00000000080150fc      0x1ae d:/nucleistudio/toolchain/gcc/bin/../lib/gcc/riscv-nuclei-elf/10.2.0/../../../../riscv-nuclei-elf/lib/rv32imafdcb/ilp32d\libm_nano.a(lib_a-e_atan2.o)
                0x00000000080150fc                __ieee754_atan2
 .text.__ieee754_pow
                0x00000000080152aa      0x6bc d:/nucleistudio/toolchain/gcc/bin/../lib/gcc/riscv-nuclei-elf/10.2.0/../../../../riscv-nuclei-elf/lib/rv32imafdcb/ilp32d\libm_nano.a(lib_a-e_pow.o)
                0x00000000080152aa                __ieee754_pow
 .text.__ieee754_sqrt
                0x0000000008015966        0x6 d:/nucleistudio/toolchain/gcc/bin/../lib/gcc/riscv-nuclei-elf/10.2.0/../../../../riscv-nuclei-elf/lib/rv32imafdcb/ilp32d\libm_nano.a(lib_a-e_sqrt.o)
                0x0000000008015966                __ieee754_sqrt
 .text.with_errno
                0x000000000801596c       0x2a d:/nucleistudio/toolchain/gcc/bin/../lib/gcc/riscv-nuclei-elf/10.2.0/../../../../riscv-nuclei-elf/lib/rv32imafdcb/ilp32d\libm_nano.a(lib_a-math_err.o)
 .text.xflow    0x0000000008015996       0x2a d:/nucleistudio/toolchain/gcc/bin/../lib/gcc/riscv-nuclei-elf/10.2.0/../../../../riscv-nuclei-elf/lib/rv32imafdcb/ilp32d\libm_nano.a(lib_a-math_err.o)
 .text.__math_uflow
                0x00000000080159c0        0xc d:/nucleistudio/toolchain/gcc/bin/../lib/gcc/riscv-nuclei-elf/10.2.0/../../../../riscv-nuclei-elf/lib/rv32imafdcb/ilp32d\libm_nano.a(lib_a-math_err.o)
                0x00000000080159c0                __math_uflow
 .text.__math_oflow
                0x00000000080159cc        0xc d:/nucleistudio/toolchain/gcc/bin/../lib/gcc/riscv-nuclei-elf/10.2.0/../../../../riscv-nuclei-elf/lib/rv32imafdcb/ilp32d\libm_nano.a(lib_a-math_err.o)
                0x00000000080159cc                __math_oflow
 .text.atan     0x00000000080159d8      0x1fa d:/nucleistudio/toolchain/gcc/bin/../lib/gcc/riscv-nuclei-elf/10.2.0/../../../../riscv-nuclei-elf/lib/rv32imafdcb/ilp32d\libm_nano.a(lib_a-s_atan.o)
                0x00000000080159d8                atan
 .text.fabs     0x0000000008015bd2        0x6 d:/nucleistudio/toolchain/gcc/bin/../lib/gcc/riscv-nuclei-elf/10.2.0/../../../../riscv-nuclei-elf/lib/rv32imafdcb/ilp32d\libm_nano.a(lib_a-s_fabs.o)
                0x0000000008015bd2                fabs
 .text.finite   0x0000000008015bd8        0xe d:/nucleistudio/toolchain/gcc/bin/../lib/gcc/riscv-nuclei-elf/10.2.0/../../../../riscv-nuclei-elf/lib/rv32imafdcb/ilp32d\libm_nano.a(lib_a-s_finite.o)
                0x0000000008015bd8                finite
 .text.scalbn   0x0000000008015be6       0xe8 d:/nucleistudio/toolchain/gcc/bin/../lib/gcc/riscv-nuclei-elf/10.2.0/../../../../riscv-nuclei-elf/lib/rv32imafdcb/ilp32d\libm_nano.a(lib_a-s_scalbn.o)
                0x0000000008015be6                scalbn
 .text.__fixdfdi
                0x0000000008015cce       0x3c d:/nucleistudio/toolchain/gcc/bin/../lib/gcc/riscv-nuclei-elf/10.2.0/rv32imafdcb/ilp32d\libgcc.a(_fixdfdi.o)
                0x0000000008015cce                __fixdfdi
 .text.__fixunsdfdi
                0x0000000008015d0a       0x36 d:/nucleistudio/toolchain/gcc/bin/../lib/gcc/riscv-nuclei-elf/10.2.0/rv32imafdcb/ilp32d\libgcc.a(_fixunsdfdi.o)
                0x0000000008015d0a                __fixunsdfdi
 .text.__floatdidf
                0x0000000008015d40       0x16 d:/nucleistudio/toolchain/gcc/bin/../lib/gcc/riscv-nuclei-elf/10.2.0/rv32imafdcb/ilp32d\libgcc.a(_floatdidf.o)
                0x0000000008015d40                __floatdidf
 .text.__floatundidf
                0x0000000008015d56       0x16 d:/nucleistudio/toolchain/gcc/bin/../lib/gcc/riscv-nuclei-elf/10.2.0/rv32imafdcb/ilp32d\libgcc.a(_floatundidf.o)
                0x0000000008015d56                __floatundidf
 .text.__udivdi3
                0x0000000008015d6c      0x352 d:/nucleistudio/toolchain/gcc/bin/../lib/gcc/riscv-nuclei-elf/10.2.0/rv32imafdcb/ilp32d\libgcc.a(_udivdi3.o)
                0x0000000008015d6c                __udivdi3
 .text.atexit   0x00000000080160be        0xa d:/nucleistudio/toolchain/gcc/bin/../lib/gcc/riscv-nuclei-elf/10.2.0/../../../../riscv-nuclei-elf/lib/rv32imafdcb/ilp32d\libg_nano.a(lib_a-atexit.o)
                0x00000000080160be                atexit
 .text.__errno  0x00000000080160c8        0x6 d:/nucleistudio/toolchain/gcc/bin/../lib/gcc/riscv-nuclei-elf/10.2.0/../../../../riscv-nuclei-elf/lib/rv32imafdcb/ilp32d\libg_nano.a(lib_a-errno.o)
                0x00000000080160c8                __errno
 .text.__libc_fini_array
                0x00000000080160ce       0x34 d:/nucleistudio/toolchain/gcc/bin/../lib/gcc/riscv-nuclei-elf/10.2.0/../../../../riscv-nuclei-elf/lib/rv32imafdcb/ilp32d\libg_nano.a(lib_a-fini.o)
                0x00000000080160ce                __libc_fini_array
 .text.__libc_init_array
                0x0000000008016102       0x5e d:/nucleistudio/toolchain/gcc/bin/../lib/gcc/riscv-nuclei-elf/10.2.0/../../../../riscv-nuclei-elf/lib/rv32imafdcb/ilp32d\libg_nano.a(lib_a-init.o)
                0x0000000008016102                __libc_init_array
 .text.malloc   0x0000000008016160        0x8 d:/nucleistudio/toolchain/gcc/bin/../lib/gcc/riscv-nuclei-elf/10.2.0/../../../../riscv-nuclei-elf/lib/rv32imafdcb/ilp32d\libg_nano.a(lib_a-malloc.o)
                0x0000000008016160                malloc
 .text.free     0x0000000008016168        0x8 d:/nucleistudio/toolchain/gcc/bin/../lib/gcc/riscv-nuclei-elf/10.2.0/../../../../riscv-nuclei-elf/lib/rv32imafdcb/ilp32d\libg_nano.a(lib_a-malloc.o)
                0x0000000008016168                free
 .text.memcpy   0x0000000008016170       0xdc d:/nucleistudio/toolchain/gcc/bin/../lib/gcc/riscv-nuclei-elf/10.2.0/../../../../riscv-nuclei-elf/lib/rv32imafdcb/ilp32d\libg_nano.a(lib_a-memcpy.o)
                0x0000000008016170                memcpy
 .text          0x000000000801624c       0xa8 d:/nucleistudio/toolchain/gcc/bin/../lib/gcc/riscv-nuclei-elf/10.2.0/../../../../riscv-nuclei-elf/lib/rv32imafdcb/ilp32d\libg_nano.a(lib_a-memset.o)
                0x000000000801624c                memset
 .text._free_r  0x00000000080162f4       0xa6 d:/nucleistudio/toolchain/gcc/bin/../lib/gcc/riscv-nuclei-elf/10.2.0/../../../../riscv-nuclei-elf/lib/rv32imafdcb/ilp32d\libg_nano.a(lib_a-nano-freer.o)
                0x00000000080162f4                _free_r
 .text._malloc_r
                0x000000000801639a       0xda d:/nucleistudio/toolchain/gcc/bin/../lib/gcc/riscv-nuclei-elf/10.2.0/../../../../riscv-nuclei-elf/lib/rv32imafdcb/ilp32d\libg_nano.a(lib_a-nano-mallocr.o)
                0x000000000801639a                _malloc_r
 .text.printf   0x0000000008016474       0x3a d:/nucleistudio/toolchain/gcc/bin/../lib/gcc/riscv-nuclei-elf/10.2.0/../../../../riscv-nuclei-elf/lib/rv32imafdcb/ilp32d\libg_nano.a(lib_a-printf.o)
                0x0000000008016474                iprintf
                0x0000000008016474                printf
 .text._puts_r  0x00000000080164ae       0xda d:/nucleistudio/toolchain/gcc/bin/../lib/gcc/riscv-nuclei-elf/10.2.0/../../../../riscv-nuclei-elf/lib/rv32imafdcb/ilp32d\libg_nano.a(lib_a-puts.o)
                0x00000000080164ae                _puts_r
 .text.puts     0x0000000008016588        0xa d:/nucleistudio/toolchain/gcc/bin/../lib/gcc/riscv-nuclei-elf/10.2.0/../../../../riscv-nuclei-elf/lib/rv32imafdcb/ilp32d\libg_nano.a(lib_a-puts.o)
                0x0000000008016588                puts
 .text._sbrk_r  0x0000000008016592       0x30 d:/nucleistudio/toolchain/gcc/bin/../lib/gcc/riscv-nuclei-elf/10.2.0/../../../../riscv-nuclei-elf/lib/rv32imafdcb/ilp32d\libg_nano.a(lib_a-sbrkr.o)
                0x0000000008016592                _sbrk_r
 .text.sprintf  0x00000000080165c2       0x44 d:/nucleistudio/toolchain/gcc/bin/../lib/gcc/riscv-nuclei-elf/10.2.0/../../../../riscv-nuclei-elf/lib/rv32imafdcb/ilp32d\libg_nano.a(lib_a-sprintf.o)
                0x00000000080165c2                siprintf
                0x00000000080165c2                sprintf
 .text.isatty   0x0000000008016606        0x4 d:/nucleistudio/toolchain/gcc/bin/../lib/gcc/riscv-nuclei-elf/10.2.0/../../../../riscv-nuclei-elf/lib/rv32imafdcb/ilp32d\libg_nano.a(lib_a-sysisatty.o)
                0x0000000008016606                isatty
 .text.__swbuf_r
                0x000000000801660a       0xc0 d:/nucleistudio/toolchain/gcc/bin/../lib/gcc/riscv-nuclei-elf/10.2.0/../../../../riscv-nuclei-elf/lib/rv32imafdcb/ilp32d\libg_nano.a(lib_a-wbuf.o)
                0x000000000801660a                __swbuf_r
 .text.__swsetup_r
                0x00000000080166ca      0x104 d:/nucleistudio/toolchain/gcc/bin/../lib/gcc/riscv-nuclei-elf/10.2.0/../../../../riscv-nuclei-elf/lib/rv32imafdcb/ilp32d\libg_nano.a(lib_a-wsetup.o)
                0x00000000080166ca                __swsetup_r
 .text.__register_exitproc
                0x00000000080167ce       0x78 d:/nucleistudio/toolchain/gcc/bin/../lib/gcc/riscv-nuclei-elf/10.2.0/../../../../riscv-nuclei-elf/lib/rv32imafdcb/ilp32d\libg_nano.a(lib_a-__atexit.o)
                0x00000000080167ce                __register_exitproc
 .text.__sflush_r
                0x0000000008016846      0x13c d:/nucleistudio/toolchain/gcc/bin/../lib/gcc/riscv-nuclei-elf/10.2.0/../../../../riscv-nuclei-elf/lib/rv32imafdcb/ilp32d\libg_nano.a(lib_a-fflush.o)
                0x0000000008016846                __sflush_r
 .text._fflush_r
                0x0000000008016982       0x66 d:/nucleistudio/toolchain/gcc/bin/../lib/gcc/riscv-nuclei-elf/10.2.0/../../../../riscv-nuclei-elf/lib/rv32imafdcb/ilp32d\libg_nano.a(lib_a-fflush.o)
                0x0000000008016982                _fflush_r
 .text.std      0x00000000080169e8       0x6a d:/nucleistudio/toolchain/gcc/bin/../lib/gcc/riscv-nuclei-elf/10.2.0/../../../../riscv-nuclei-elf/lib/rv32imafdcb/ilp32d\libg_nano.a(lib_a-findfp.o)
 .text._cleanup_r
                0x0000000008016a52        0xa d:/nucleistudio/toolchain/gcc/bin/../lib/gcc/riscv-nuclei-elf/10.2.0/../../../../riscv-nuclei-elf/lib/rv32imafdcb/ilp32d\libg_nano.a(lib_a-findfp.o)
                0x0000000008016a52                _cleanup_r
 .text.__sfmoreglue
                0x0000000008016a5c       0x48 d:/nucleistudio/toolchain/gcc/bin/../lib/gcc/riscv-nuclei-elf/10.2.0/../../../../riscv-nuclei-elf/lib/rv32imafdcb/ilp32d\libg_nano.a(lib_a-findfp.o)
                0x0000000008016a5c                __sfmoreglue
 .text.__sinit  0x0000000008016aa4       0x6c d:/nucleistudio/toolchain/gcc/bin/../lib/gcc/riscv-nuclei-elf/10.2.0/../../../../riscv-nuclei-elf/lib/rv32imafdcb/ilp32d\libg_nano.a(lib_a-findfp.o)
                0x0000000008016aa4                __sinit
 .text.__sfp    0x0000000008016b10       0x9e d:/nucleistudio/toolchain/gcc/bin/../lib/gcc/riscv-nuclei-elf/10.2.0/../../../../riscv-nuclei-elf/lib/rv32imafdcb/ilp32d\libg_nano.a(lib_a-findfp.o)
                0x0000000008016b10                __sfp
 .text._fwalk_reent
                0x0000000008016bae       0x6a d:/nucleistudio/toolchain/gcc/bin/../lib/gcc/riscv-nuclei-elf/10.2.0/../../../../riscv-nuclei-elf/lib/rv32imafdcb/ilp32d\libg_nano.a(lib_a-fwalk.o)
                0x0000000008016bae                _fwalk_reent
 .text.__swhatbuf_r
                0x0000000008016c18       0x5c d:/nucleistudio/toolchain/gcc/bin/../lib/gcc/riscv-nuclei-elf/10.2.0/../../../../riscv-nuclei-elf/lib/rv32imafdcb/ilp32d\libg_nano.a(lib_a-makebuf.o)
                0x0000000008016c18                __swhatbuf_r
 .text.__smakebuf_r
                0x0000000008016c74       0xa4 d:/nucleistudio/toolchain/gcc/bin/../lib/gcc/riscv-nuclei-elf/10.2.0/../../../../riscv-nuclei-elf/lib/rv32imafdcb/ilp32d\libg_nano.a(lib_a-makebuf.o)
                0x0000000008016c74                __smakebuf_r
 .text.__malloc_lock
                0x0000000008016d18        0x2 d:/nucleistudio/toolchain/gcc/bin/../lib/gcc/riscv-nuclei-elf/10.2.0/../../../../riscv-nuclei-elf/lib/rv32imafdcb/ilp32d\libg_nano.a(lib_a-mlock.o)
                0x0000000008016d18                __malloc_lock
 .text.__malloc_unlock
                0x0000000008016d1a        0x2 d:/nucleistudio/toolchain/gcc/bin/../lib/gcc/riscv-nuclei-elf/10.2.0/../../../../riscv-nuclei-elf/lib/rv32imafdcb/ilp32d\libg_nano.a(lib_a-mlock.o)
                0x0000000008016d1a                __malloc_unlock
 .text.__ssputs_r
                0x0000000008016d1c       0xe6 d:/nucleistudio/toolchain/gcc/bin/../lib/gcc/riscv-nuclei-elf/10.2.0/../../../../riscv-nuclei-elf/lib/rv32imafdcb/ilp32d\libg_nano.a(lib_a-nano-svfprintf.o)
                0x0000000008016d1c                __ssputs_r
 .text._svfprintf_r
                0x0000000008016e02      0x272 d:/nucleistudio/toolchain/gcc/bin/../lib/gcc/riscv-nuclei-elf/10.2.0/../../../../riscv-nuclei-elf/lib/rv32imafdcb/ilp32d\libg_nano.a(lib_a-nano-svfprintf.o)
                0x0000000008016e02                _svfiprintf_r
                0x0000000008016e02                _svfprintf_r
 .text.__sfputc_r
                0x0000000008017074       0x2a d:/nucleistudio/toolchain/gcc/bin/../lib/gcc/riscv-nuclei-elf/10.2.0/../../../../riscv-nuclei-elf/lib/rv32imafdcb/ilp32d\libg_nano.a(lib_a-nano-vfprintf.o)
 .text.__sfputs_r
                0x000000000801709e       0x44 d:/nucleistudio/toolchain/gcc/bin/../lib/gcc/riscv-nuclei-elf/10.2.0/../../../../riscv-nuclei-elf/lib/rv32imafdcb/ilp32d\libg_nano.a(lib_a-nano-vfprintf.o)
                0x000000000801709e                __sfputs_r
 .text._vfprintf_r
                0x00000000080170e2      0x290 d:/nucleistudio/toolchain/gcc/bin/../lib/gcc/riscv-nuclei-elf/10.2.0/../../../../riscv-nuclei-elf/lib/rv32imafdcb/ilp32d\libg_nano.a(lib_a-nano-vfprintf.o)
                0x00000000080170e2                _vfprintf_r
                0x00000000080170e2                _vfiprintf_r
 .text._printf_common
                0x0000000008017372      0x10a d:/nucleistudio/toolchain/gcc/bin/../lib/gcc/riscv-nuclei-elf/10.2.0/../../../../riscv-nuclei-elf/lib/rv32imafdcb/ilp32d\libg_nano.a(lib_a-nano-vfprintf_i.o)
                0x0000000008017372                _printf_common
 .text._printf_i
                0x000000000801747c      0x26c d:/nucleistudio/toolchain/gcc/bin/../lib/gcc/riscv-nuclei-elf/10.2.0/../../../../riscv-nuclei-elf/lib/rv32imafdcb/ilp32d\libg_nano.a(lib_a-nano-vfprintf_i.o)
                0x000000000801747c                _printf_i
 .text.__sread  0x00000000080176e8       0x2e d:/nucleistudio/toolchain/gcc/bin/../lib/gcc/riscv-nuclei-elf/10.2.0/../../../../riscv-nuclei-elf/lib/rv32imafdcb/ilp32d\libg_nano.a(lib_a-stdio.o)
                0x00000000080176e8                __sread
 .text.__swrite
                0x0000000008017716       0x4c d:/nucleistudio/toolchain/gcc/bin/../lib/gcc/riscv-nuclei-elf/10.2.0/../../../../riscv-nuclei-elf/lib/rv32imafdcb/ilp32d\libg_nano.a(lib_a-stdio.o)
                0x0000000008017716                __swrite
 .text.__sseek  0x0000000008017762       0x34 d:/nucleistudio/toolchain/gcc/bin/../lib/gcc/riscv-nuclei-elf/10.2.0/../../../../riscv-nuclei-elf/lib/rv32imafdcb/ilp32d\libg_nano.a(lib_a-stdio.o)
                0x0000000008017762                __sseek
 .text.__sclose
                0x0000000008017796        0x6 d:/nucleistudio/toolchain/gcc/bin/../lib/gcc/riscv-nuclei-elf/10.2.0/../../../../riscv-nuclei-elf/lib/rv32imafdcb/ilp32d\libg_nano.a(lib_a-stdio.o)
                0x0000000008017796                __sclose
 .text._write_r
                0x000000000801779c       0x34 d:/nucleistudio/toolchain/gcc/bin/../lib/gcc/riscv-nuclei-elf/10.2.0/../../../../riscv-nuclei-elf/lib/rv32imafdcb/ilp32d\libg_nano.a(lib_a-writer.o)
                0x000000000801779c                _write_r
 .text._close_r
                0x00000000080177d0       0x30 d:/nucleistudio/toolchain/gcc/bin/../lib/gcc/riscv-nuclei-elf/10.2.0/../../../../riscv-nuclei-elf/lib/rv32imafdcb/ilp32d\libg_nano.a(lib_a-closer.o)
                0x00000000080177d0                _close_r
 .text._fstat_r
                0x0000000008017800       0x32 d:/nucleistudio/toolchain/gcc/bin/../lib/gcc/riscv-nuclei-elf/10.2.0/../../../../riscv-nuclei-elf/lib/rv32imafdcb/ilp32d\libg_nano.a(lib_a-fstatr.o)
                0x0000000008017800                _fstat_r
 .text._isatty_r
                0x0000000008017832       0x30 d:/nucleistudio/toolchain/gcc/bin/../lib/gcc/riscv-nuclei-elf/10.2.0/../../../../riscv-nuclei-elf/lib/rv32imafdcb/ilp32d\libg_nano.a(lib_a-isattyr.o)
                0x0000000008017832                _isatty_r
 .text._lseek_r
                0x0000000008017862       0x34 d:/nucleistudio/toolchain/gcc/bin/../lib/gcc/riscv-nuclei-elf/10.2.0/../../../../riscv-nuclei-elf/lib/rv32imafdcb/ilp32d\libg_nano.a(lib_a-lseekr.o)
                0x0000000008017862                _lseek_r
 .text.memchr   0x0000000008017896       0x1a d:/nucleistudio/toolchain/gcc/bin/../lib/gcc/riscv-nuclei-elf/10.2.0/../../../../riscv-nuclei-elf/lib/rv32imafdcb/ilp32d\libg_nano.a(lib_a-memchr.o)
                0x0000000008017896                memchr
 .text.memmove  0x00000000080178b0       0x4a d:/nucleistudio/toolchain/gcc/bin/../lib/gcc/riscv-nuclei-elf/10.2.0/../../../../riscv-nuclei-elf/lib/rv32imafdcb/ilp32d\libg_nano.a(lib_a-memmove-stub.o)
                0x00000000080178b0                memmove
 .text._realloc_r
                0x00000000080178fa       0x76 d:/nucleistudio/toolchain/gcc/bin/../lib/gcc/riscv-nuclei-elf/10.2.0/../../../../riscv-nuclei-elf/lib/rv32imafdcb/ilp32d\libg_nano.a(lib_a-nano-reallocr.o)
                0x00000000080178fa                _realloc_r
 .text._read_r  0x0000000008017970       0x34 d:/nucleistudio/toolchain/gcc/bin/../lib/gcc/riscv-nuclei-elf/10.2.0/../../../../riscv-nuclei-elf/lib/rv32imafdcb/ilp32d\libg_nano.a(lib_a-readr.o)
                0x0000000008017970                _read_r
 .text._malloc_usable_size_r
                0x00000000080179a4       0x14 d:/nucleistudio/toolchain/gcc/bin/../lib/gcc/riscv-nuclei-elf/10.2.0/../../../../riscv-nuclei-elf/lib/rv32imafdcb/ilp32d\libg_nano.a(lib_a-nano-msizer.o)
                0x00000000080179a4                _malloc_usable_size_r
 *(.gnu.linkonce.t.*)

.rela.dyn       0x00000000080179b8        0x0
 .rela.text.irq
                0x00000000080179b8        0x0 ../../OS/FreeRTOS/Source/portable/GCC/portasm.S.o
 .rela.init     0x00000000080179b8        0x0 ../../OS/FreeRTOS/Source/portable/GCC/portasm.S.o
 .rela.sdata.curbrk.0
                0x00000000080179b8        0x0 ../../OS/FreeRTOS/Source/portable/GCC/portasm.S.o
 .rela.text._sbrk
                0x00000000080179b8        0x0 ../../OS/FreeRTOS/Source/portable/GCC/portasm.S.o
 .rela.text.__libc_fini_array
                0x00000000080179b8        0x0 ../../OS/FreeRTOS/Source/portable/GCC/portasm.S.o
 .rela.text.__libc_init_array
                0x00000000080179b8        0x0 ../../OS/FreeRTOS/Source/portable/GCC/portasm.S.o
 .rela.text.__register_exitproc
                0x00000000080179b8        0x0 ../../OS/FreeRTOS/Source/portable/GCC/portasm.S.o
 .rela.text._svfprintf_r
                0x00000000080179b8        0x0 ../../OS/FreeRTOS/Source/portable/GCC/portasm.S.o
 .rela.text._vfprintf_r
                0x00000000080179b8        0x0 ../../OS/FreeRTOS/Source/portable/GCC/portasm.S.o

.fini
 *(SORT_NONE(.fini))

.preinit_array  0x00000000080179b8        0x0
                0x00000000080179b8                PROVIDE (__preinit_array_start = .)
 *(.preinit_array)
                0x00000000080179b8                PROVIDE (__preinit_array_end = .)

.init_array     0x00000000080179b8        0x0
                0x00000000080179b8                PROVIDE (__init_array_start = .)
 *(SORT_BY_INIT_PRIORITY(.init_array.*) SORT_BY_INIT_PRIORITY(.ctors.*))
 *(.init_array EXCLUDE_FILE(*crtend?.o *crtend.o *crtbegin?.o *crtbegin.o) .ctors)
                0x00000000080179b8                PROVIDE (__init_array_end = .)

.fini_array     0x00000000080179b8        0x0
                0x00000000080179b8                PROVIDE (__fini_array_start = .)
 *(SORT_BY_INIT_PRIORITY(.fini_array.*) SORT_BY_INIT_PRIORITY(.dtors.*))
 *(.fini_array EXCLUDE_FILE(*crtend?.o *crtend.o *crtbegin?.o *crtbegin.o) .dtors)
                0x00000000080179b8                PROVIDE (__fini_array_end = .)

.ctors
 *crtbegin.o(.ctors)
 *crtbegin?.o(.ctors)
 *(EXCLUDE_FILE(*crtend?.o *crtend.o) .ctors)
 *(SORT_BY_NAME(.ctors.*))
 *(.ctors)

.dtors
 *crtbegin.o(.dtors)
 *crtbegin?.o(.dtors)
 *(EXCLUDE_FILE(*crtend?.o *crtend.o) .dtors)
 *(SORT_BY_NAME(.dtors.*))
 *(.dtors)
                [!provide]                        PROVIDE (_ilm_lma = LOADADDR (.text))
                [!provide]                        PROVIDE (_ilm = ADDR (.text))
                [!provide]                        PROVIDE (_eilm = .)
                0x0000000008000280                PROVIDE (_text_lma = LOADADDR (.text))
                0x0000000008000280                PROVIDE (_text = ADDR (.text))
                0x00000000080179b8                PROVIDE (_etext = .)
                [!provide]                        PROVIDE (__etext = .)
                [!provide]                        PROVIDE (etext = .)

.data           0x0000000008100000    0x18f50 load address 0x00000000080179b8
 *(.data.ctest*)
 *(.data .data.*)
 .data.SpiImuTxDma_Buff
                0x0000000008100000       0x34 ./main.c.o
                0x0000000008100000                SpiImuTxDma_Buff
 .data.code_tx_local
                0x0000000008100034     0x63e0 ./thmts_bb_firmware.c.o
                0x0000000008100034                code_tx_local
 .data.code_rx_local
                0x0000000008106414     0xc940 ./thmts_bb_firmware.c.o
                0x0000000008106414                code_rx_local
 .data.subfrm_descs
                0x0000000008112d54        0xf ./thmts_bsp.c.o
                0x0000000008112d54                subfrm_descs
 *fill*         0x0000000008112d63        0x1 
 .data.thmts_phycfg
                0x0000000008112d64       0x38 ./thmts_phy_param.c.o
                0x0000000008112d64                thmts_phycfg
 .data.regconfig_dac
                0x0000000008112d9c      0x130 ./thmts_rf_config.c.o
                0x0000000008112d9c                regconfig_dac
 .data.regconfig_adc0
                0x0000000008112ecc      0x290 ./thmts_rf_config.c.o
                0x0000000008112ecc                regconfig_adc0
 .data.regconfig_adc1
                0x000000000811315c      0x290 ./thmts_rf_config.c.o
                0x000000000811315c                regconfig_adc1
 .data.regconfig_adc2
                0x00000000081133ec      0x290 ./thmts_rf_config.c.o
                0x00000000081133ec                regconfig_adc2
 .data.regconfig_adc3
                0x000000000811367c      0x290 ./thmts_rf_config.c.o
                0x000000000811367c                regconfig_adc3
 .data.regconfig_tx
                0x000000000811390c       0x20 ./thmts_rf_config.c.o
                0x000000000811390c                regconfig_tx
 .data.regconfig_rx0
                0x000000000811392c      0xf70 ./thmts_rf_config.c.o
                0x000000000811392c                regconfig_rx0
 .data.regconfig_rx1
                0x000000000811489c      0xf70 ./thmts_rf_config.c.o
                0x000000000811489c                regconfig_rx1
 .data.regconfig_rx2
                0x000000000811580c      0xf70 ./thmts_rf_config.c.o
                0x000000000811580c                regconfig_rx2
 .data.regconfig_rx3
                0x000000000811677c      0xf70 ./thmts_rf_config.c.o
                0x000000000811677c                regconfig_rx3
 .data.regconfig_dagc_enable
                0x00000000081176ec       0x10 ./thmts_rf_config.c.o
                0x00000000081176ec                regconfig_dagc_enable
 .data.regconfig_dagc_disable
                0x00000000081176fc       0x10 ./thmts_rf_config.c.o
                0x00000000081176fc                regconfig_dagc_disable
 .data.regconfig_trsw_enable
                0x000000000811770c       0x10 ./thmts_rf_config.c.o
                0x000000000811770c                regconfig_trsw_enable
 .data.regconfig_trsw_disable
                0x000000000811771c       0x10 ./thmts_rf_config.c.o
                0x000000000811771c                regconfig_trsw_disable
 .data.regconfig_clk_enable
                0x000000000811772c       0x10 ./thmts_rf_config.c.o
                0x000000000811772c                regconfig_clk_enable
 .data.regconfig_clk_disable
                0x000000000811773c       0x10 ./thmts_rf_config.c.o
                0x000000000811773c                regconfig_clk_disable
 .data.regconfig_clk_div_enable
                0x000000000811774c       0x10 ./thmts_rf_config.c.o
                0x000000000811774c                regconfig_clk_div_enable
 .data.regconfig_clk_div_disable
                0x000000000811775c       0x10 ./thmts_rf_config.c.o
                0x000000000811775c                regconfig_clk_div_disable
 .data.regconfig_da2lpf
                0x000000000811776c       0x10 ./thmts_rf_config.c.o
                0x000000000811776c                regconfig_da2lpf
 .data.regconfig_lpf2ad
                0x000000000811777c       0x10 ./thmts_rf_config.c.o
                0x000000000811777c                regconfig_lpf2ad
 .data.impure_data
                0x000000000811778c       0x60 d:/nucleistudio/toolchain/gcc/bin/../lib/gcc/riscv-nuclei-elf/10.2.0/../../../../riscv-nuclei-elf/lib/rv32imafdcb/ilp32d\libg_nano.a(lib_a-impure.o)
 *(.gnu.linkonce.d.*)
                0x00000000081177f0                . = ALIGN (0x8)
 *fill*         0x00000000081177ec        0x4 
                0x0000000008117ff0                PROVIDE (__global_pointer$ = (. + 0x800))
 *(.sdata .sdata.* .sdata*)
 .sdata.uxCriticalNesting
                0x00000000081177f0        0x4 ../../OS/FreeRTOS/Source/portable/GCC/port.c.o
 .sdata.uxMaxSysCallMTH
                0x00000000081177f4        0x1 ../../OS/FreeRTOS/Source/portable/GCC/port.c.o
                0x00000000081177f4                uxMaxSysCallMTH
 *fill*         0x00000000081177f5        0x3 
 .sdata.curbrk.0
                0x00000000081177f8        0x4 ../../SoC/ns_core0/Common/Source/Stubs/newlib/sbrk.c.o
 .sdata.SystemCoreClock
                0x00000000081177fc        0x4 ../../SoC/ns_core0/Common/Source/system_ns.c.o
                0x00000000081177fc                SystemCoreClock
 .sdata.First_start_pps
                0x0000000008117800        0x1 ./PPS_SYNC.c.o
                0x0000000008117800                First_start_pps
 *fill*         0x0000000008117801        0x3 
 .sdata.pps_timer_cnt
                0x0000000008117804        0x4 ./PPS_SYNC.c.o
                0x0000000008117804                pps_timer_cnt
 .sdata.p_UartTxDma_Buff
                0x0000000008117808        0x4 ./main.c.o
                0x0000000008117808                p_UartTxDma_Buff
 .sdata.p_UartRxDma_Buff
                0x000000000811780c        0x4 ./main.c.o
                0x000000000811780c                p_UartRxDma_Buff
 .sdata.p_SpiRxDma_Buff
                0x0000000008117810        0x4 ./main.c.o
                0x0000000008117810                p_SpiRxDma_Buff
 .sdata.tx_flen
                0x0000000008117814        0x4 ./thmts_bb_config.c.o
                0x0000000008117814                tx_flen
 .sdata.supfrm_desc
                0x0000000008117818        0x8 ./thmts_bsp.c.o
                0x0000000008117818                supfrm_desc
 .sdata.SWITCH_THMTS_RANGE_AND_DATA_T
                0x0000000008117820        0x1 ./thmts_tx_msg.c.o
                0x0000000008117820                SWITCH_THMTS_RANGE_AND_DATA_T
 *fill*         0x0000000008117821        0x3 
 .sdata._impure_ptr
                0x0000000008117824        0x4 d:/nucleistudio/toolchain/gcc/bin/../lib/gcc/riscv-nuclei-elf/10.2.0/../../../../riscv-nuclei-elf/lib/rv32imafdcb/ilp32d\libg_nano.a(lib_a-impure.o)
                0x0000000008117824                _impure_ptr
 *(.gnu.linkonce.s.*)
                0x0000000008117828                . = ALIGN (0x8)
 *(.srodata.cst16)
 *(.srodata.cst8)
 .srodata.cst8  0x0000000008117828        0x8 d:/nucleistudio/toolchain/gcc/bin/../lib/gcc/riscv-nuclei-elf/10.2.0/../../../../riscv-nuclei-elf/lib/rv32imafdcb/ilp32d\libm_nano.a(lib_a-w_pow.o)
 .srodata.cst8  0x0000000008117830       0x30 d:/nucleistudio/toolchain/gcc/bin/../lib/gcc/riscv-nuclei-elf/10.2.0/../../../../riscv-nuclei-elf/lib/rv32imafdcb/ilp32d\libm_nano.a(lib_a-e_atan2.o)
 .srodata.cst8  0x0000000008117860       0xe0 d:/nucleistudio/toolchain/gcc/bin/../lib/gcc/riscv-nuclei-elf/10.2.0/../../../../riscv-nuclei-elf/lib/rv32imafdcb/ilp32d\libm_nano.a(lib_a-e_pow.o)
                                         0xe8 (size before relaxing)
 .srodata.cst8  0x0000000008117940       0x20 d:/nucleistudio/toolchain/gcc/bin/../lib/gcc/riscv-nuclei-elf/10.2.0/../../../../riscv-nuclei-elf/lib/rv32imafdcb/ilp32d\libm_nano.a(lib_a-math_err.o)
                                         0x30 (size before relaxing)
 .srodata.cst8  0x0000000008117960       0x68 d:/nucleistudio/toolchain/gcc/bin/../lib/gcc/riscv-nuclei-elf/10.2.0/../../../../riscv-nuclei-elf/lib/rv32imafdcb/ilp32d\libm_nano.a(lib_a-s_atan.o)
                                         0x90 (size before relaxing)
 .srodata.cst8  0x00000000081179c8       0x18 d:/nucleistudio/toolchain/gcc/bin/../lib/gcc/riscv-nuclei-elf/10.2.0/../../../../riscv-nuclei-elf/lib/rv32imafdcb/ilp32d\libm_nano.a(lib_a-s_scalbn.o)
                                         0x20 (size before relaxing)
 .srodata.cst8  0x00000000081179e0       0x10 d:/nucleistudio/toolchain/gcc/bin/../lib/gcc/riscv-nuclei-elf/10.2.0/rv32imafdcb/ilp32d\libgcc.a(_fixunsdfdi.o)
 .srodata.cst8  0x00000000081179f0        0x8 d:/nucleistudio/toolchain/gcc/bin/../lib/gcc/riscv-nuclei-elf/10.2.0/rv32imafdcb/ilp32d\libgcc.a(_floatdidf.o)
 .srodata.cst8  0x00000000081179f0        0x8 d:/nucleistudio/toolchain/gcc/bin/../lib/gcc/riscv-nuclei-elf/10.2.0/rv32imafdcb/ilp32d\libgcc.a(_floatundidf.o)
 *(.srodata.cst4)
 *(.srodata.cst2)
 *(.srodata .srodata.*)
 .srodata._global_impure_ptr
                0x00000000081179f0        0x4 d:/nucleistudio/toolchain/gcc/bin/../lib/gcc/riscv-nuclei-elf/10.2.0/../../../../riscv-nuclei-elf/lib/rv32imafdcb/ilp32d\libg_nano.a(lib_a-impure.o)
                0x00000000081179f0                _global_impure_ptr
 *(.rdata)
 *(.rodata .rodata.*)
 .rodata        0x00000000081179f4        0x5 ../../OS/FreeRTOS/Source/tasks.c.o
 *fill*         0x00000000081179f9        0x3 
 .rodata.xTaskGenericNotify
                0x00000000081179fc       0x14 ../../OS/FreeRTOS/Source/tasks.c.o
 .rodata        0x0000000008117a10        0xd ../../OS/FreeRTOS/Source/timers.c.o
 *fill*         0x0000000008117a1d        0x3 
 .rodata.prvProcessReceivedCommands
                0x0000000008117a20       0x28 ../../OS/FreeRTOS/Source/timers.c.o
 .rodata        0x0000000008117a48       0x20 ../../SoC/ns_core0/Common/Source/Drivers/ns_usart.c.o
 .rodata        0x0000000008117a68      0x1bd ../../SoC/ns_core0/Common/Source/system_ns.c.o
 *fill*         0x0000000008117c25        0x3 
 .rodata        0x0000000008117c28        0x8 ./PPS_SYNC.c.o
 .rodata        0x0000000008117c30        0xf ./flash.c.o
 *fill*         0x0000000008117c3f        0x1 
 .rodata        0x0000000008117c40      0x590 ./main.c.o
 .rodata.prepareTxMsg
                0x00000000081181d0       0x60 ./main.c.o
 .rodata        0x0000000008118230        0x8 ./thmts_bb_config.c.o
 .rodata        0x0000000008118238       0xbc ./thmts_bsp.c.o
 .rodata        0x00000000081182f4       0x1f ./thmts_ctrl_cmd_proc.c.o
 *fill*         0x0000000008118313        0x1 
 .rodata        0x0000000008118314      0x2a4 ./thmts_phy_param.c.o
 .rodata.Set_Channel_Config_By_Case
                0x00000000081185b8       0x48 ./thmts_phy_param.c.o
 .rodata        0x0000000008118600       0x28 ./thmts_ranging.c.o
 .rodata        0x0000000008118628      0x190 ./thmts_rf_config.c.o
 .rodata.crc32_tab
                0x00000000081187b8      0x400 ./thmts_sensor.c.o
 .rodata        0x0000000008118bb8      0x100 ./thmts_sensor.c.o
 .rodata.CSWTCH.8
                0x0000000008118cb8       0x18 d:/nucleistudio/toolchain/gcc/bin/../lib/gcc/riscv-nuclei-elf/10.2.0/../../../../riscv-nuclei-elf/lib/rv32imafdcb/ilp32d\libm_nano.a(lib_a-e_atan2.o)
 .rodata.CSWTCH.9
                0x0000000008118cd0       0x18 d:/nucleistudio/toolchain/gcc/bin/../lib/gcc/riscv-nuclei-elf/10.2.0/../../../../riscv-nuclei-elf/lib/rv32imafdcb/ilp32d\libm_nano.a(lib_a-e_atan2.o)
 .rodata.bp     0x0000000008118ce8       0x10 d:/nucleistudio/toolchain/gcc/bin/../lib/gcc/riscv-nuclei-elf/10.2.0/../../../../riscv-nuclei-elf/lib/rv32imafdcb/ilp32d\libm_nano.a(lib_a-e_pow.o)
 .rodata.dp_h   0x0000000008118cf8       0x10 d:/nucleistudio/toolchain/gcc/bin/../lib/gcc/riscv-nuclei-elf/10.2.0/../../../../riscv-nuclei-elf/lib/rv32imafdcb/ilp32d\libm_nano.a(lib_a-e_pow.o)
 .rodata.dp_l   0x0000000008118d08       0x10 d:/nucleistudio/toolchain/gcc/bin/../lib/gcc/riscv-nuclei-elf/10.2.0/../../../../riscv-nuclei-elf/lib/rv32imafdcb/ilp32d\libm_nano.a(lib_a-e_pow.o)
 .rodata.atanhi
                0x0000000008118d18       0x20 d:/nucleistudio/toolchain/gcc/bin/../lib/gcc/riscv-nuclei-elf/10.2.0/../../../../riscv-nuclei-elf/lib/rv32imafdcb/ilp32d\libm_nano.a(lib_a-s_atan.o)
 .rodata.atanlo
                0x0000000008118d38       0x20 d:/nucleistudio/toolchain/gcc/bin/../lib/gcc/riscv-nuclei-elf/10.2.0/../../../../riscv-nuclei-elf/lib/rv32imafdcb/ilp32d\libm_nano.a(lib_a-s_atan.o)
 .rodata.__clz_tab
                0x0000000008118d58      0x100 d:/nucleistudio/toolchain/gcc/bin/../lib/gcc/riscv-nuclei-elf/10.2.0/rv32imafdcb/ilp32d\libgcc.a(_clz.o)
                0x0000000008118d58                __clz_tab
 .rodata.__sf_fake_stderr
                0x0000000008118e58       0x20 d:/nucleistudio/toolchain/gcc/bin/../lib/gcc/riscv-nuclei-elf/10.2.0/../../../../riscv-nuclei-elf/lib/rv32imafdcb/ilp32d\libg_nano.a(lib_a-findfp.o)
                0x0000000008118e58                __sf_fake_stderr
 .rodata.__sf_fake_stdin
                0x0000000008118e78       0x20 d:/nucleistudio/toolchain/gcc/bin/../lib/gcc/riscv-nuclei-elf/10.2.0/../../../../riscv-nuclei-elf/lib/rv32imafdcb/ilp32d\libg_nano.a(lib_a-findfp.o)
                0x0000000008118e78                __sf_fake_stdin
 .rodata.__sf_fake_stdout
                0x0000000008118e98       0x20 d:/nucleistudio/toolchain/gcc/bin/../lib/gcc/riscv-nuclei-elf/10.2.0/../../../../riscv-nuclei-elf/lib/rv32imafdcb/ilp32d\libg_nano.a(lib_a-findfp.o)
                0x0000000008118e98                __sf_fake_stdout
 .rodata._svfprintf_r.str1.4
                0x0000000008118eb8       0x13 d:/nucleistudio/toolchain/gcc/bin/../lib/gcc/riscv-nuclei-elf/10.2.0/../../../../riscv-nuclei-elf/lib/rv32imafdcb/ilp32d\libg_nano.a(lib_a-nano-svfprintf.o)
 .rodata._vfprintf_r.str1.4
                0x0000000008118ecb       0x13 d:/nucleistudio/toolchain/gcc/bin/../lib/gcc/riscv-nuclei-elf/10.2.0/../../../../riscv-nuclei-elf/lib/rv32imafdcb/ilp32d\libg_nano.a(lib_a-nano-vfprintf.o)
 *fill*         0x0000000008118ecb        0x1 
 .rodata._printf_i.str1.4
                0x0000000008118ecc       0x25 d:/nucleistudio/toolchain/gcc/bin/../lib/gcc/riscv-nuclei-elf/10.2.0/../../../../riscv-nuclei-elf/lib/rv32imafdcb/ilp32d\libg_nano.a(lib_a-nano-vfprintf_i.o)
 *fill*         0x0000000008118ef1        0x3 
 .rodata._printf_i
                0x0000000008118ef4       0x58 d:/nucleistudio/toolchain/gcc/bin/../lib/gcc/riscv-nuclei-elf/10.2.0/../../../../riscv-nuclei-elf/lib/rv32imafdcb/ilp32d\libg_nano.a(lib_a-nano-vfprintf_i.o)
 *(.gnu.linkonce.r.*)
                0x0000000008118f4c                . = ALIGN (0x4)
                0x0000000008118f4c                __rt_init_start = .
 *(SORT_BY_NAME(.rti_fn*))
                0x0000000008118f4c                __rt_init_end = .
                0x0000000008118f4c                . = ALIGN (0x4)
                0x0000000008118f4c                __fsymtab_start = .
 *(FSymTab)
                0x0000000008118f4c                __fsymtab_end = .
                0x0000000008118f4c                . = ALIGN (0x4)
                0x0000000008118f4c                __vsymtab_start = .
 *(VSymTab)
                0x0000000008118f4c                __vsymtab_end = .
                0x0000000008118f50                . = ALIGN (0x8)
 *fill*         0x0000000008118f4c        0x4 

.tdata          0x0000000008118f50        0x0 load address 0x0000000008030908
                0x0000000008118f50                PROVIDE (__tls_base = .)
 *(.tdata .tdata.* .gnu.linkonce.td.*)
                0x00000000080179b8                PROVIDE (_data_lma = LOADADDR (.data))
                0x0000000008100000                PROVIDE (_data = ADDR (.data))
                0x0000000008118f50                PROVIDE (_edata = .)
                [!provide]                        PROVIDE (edata = .)
                [!provide]                        PROVIDE (_fbss = .)
                0x0000000008118f50                PROVIDE (__bss_start = .)

.tbss           0x0000000008118f50        0x0
 *(.tbss .tbss.* .gnu.linkonce.tb.*)
 *(.tcommon)
                [!provide]                        PROVIDE (__tls_end = .)

.tbss_space     0x0000000008118f50        0x0
                0x0000000008118f50                . = (. + SIZEOF (.tbss))

.bss            0x0000000008118f50     0xf734
 *(.sbss*)
 .sbss.ucMaxSysCallPriority
                0x0000000008118f50        0x1 ../../OS/FreeRTOS/Source/portable/GCC/port.c.o
 *fill*         0x0000000008118f51        0x3 
 .sbss.xStart   0x0000000008118f54        0x8 ../../OS/FreeRTOS/Source/portable/MemMang/heap_4.c.o
 .sbss.pxEnd    0x0000000008118f5c        0x4 ../../OS/FreeRTOS/Source/portable/MemMang/heap_4.c.o
 .sbss.xFreeBytesRemaining
                0x0000000008118f60        0x4 ../../OS/FreeRTOS/Source/portable/MemMang/heap_4.c.o
 .sbss.xMinimumEverFreeBytesRemaining
                0x0000000008118f64        0x4 ../../OS/FreeRTOS/Source/portable/MemMang/heap_4.c.o
 .sbss.xNumberOfSuccessfulAllocations
                0x0000000008118f68        0x4 ../../OS/FreeRTOS/Source/portable/MemMang/heap_4.c.o
 .sbss.xNumberOfSuccessfulFrees
                0x0000000008118f6c        0x4 ../../OS/FreeRTOS/Source/portable/MemMang/heap_4.c.o
 .sbss.xBlockAllocatedBit
                0x0000000008118f70        0x4 ../../OS/FreeRTOS/Source/portable/MemMang/heap_4.c.o
 .sbss.pxCurrentTCB
                0x0000000008118f74        0x4 ../../OS/FreeRTOS/Source/tasks.c.o
                0x0000000008118f74                pxCurrentTCB
 .sbss.pxDelayedTaskList
                0x0000000008118f78        0x4 ../../OS/FreeRTOS/Source/tasks.c.o
 .sbss.pxOverflowDelayedTaskList
                0x0000000008118f7c        0x4 ../../OS/FreeRTOS/Source/tasks.c.o
 .sbss.uxDeletedTasksWaitingCleanUp
                0x0000000008118f80        0x4 ../../OS/FreeRTOS/Source/tasks.c.o